即将向 https://api.openbitfun.com/v1 发送 50 个盲化配对样本
[1/50] 正在评测 grounding_specificity_test_0467 （LC、CC 均错误）
[2/50] 正在评测 grounding_specificity_test_0326 （仅 CC 正确）
[3/50] 正在评测 grounding_specificity_test_0683 （LC、CC 均错误）
[4/50] 正在评测 grounding_specificity_test_0036 （LC、CC 均错误）
[5/50] 正在评测 grounding_specificity_test_0408 （仅 CC 正确）
[6/50] 正在评测 grounding_specificity_test_0100 （LC、CC 均正确）
[7/50] 正在评测 grounding_specificity_test_0464 （LC、CC 均正确）
[8/50] 正在评测 grounding_specificity_test_0770 （LC、CC 均正确）
[9/50] 正在评测 grounding_specificity_test_0851 （仅 CC 正确）
[10/50] 正在评测 grounding_specificity_test_0496 （仅 CC 正确）
[11/50] 正在评测 grounding_specificity_test_0030 （仅 CC 正确）
[12/50] 正在评测 grounding_specificity_test_0589 （LC、CC 均正确）
[13/50] 正在评测 grounding_specificity_test_0708 （LC、CC 均错误）
[14/50] 正在评测 grounding_specificity_test_0180 （仅 CC 正确）
[15/50] 正在评测 grounding_specificity_test_0443 （LC、CC 均正确）
[16/50] 正在评测 grounding_specificity_test_0468 （仅 LC 正确）
[17/50] 正在评测 grounding_specificity_test_0212 （LC、CC 均正确）
[18/50] 正在评测 grounding_specificity_test_0063 （LC、CC 均正确）
[19/50] 正在评测 grounding_specificity_test_0602 （LC、CC 均错误）
[20/50] 正在评测 grounding_specificity_test_0323 （仅 LC 正确）
[21/50] 正在评测 grounding_specificity_test_0477 （仅 CC 正确）
[22/50] 正在评测 grounding_specificity_test_0852 （LC、CC 均正确）
[23/50] 正在评测 grounding_specificity_test_0479 （LC、CC 均正确）
[24/50] 正在评测 grounding_specificity_test_0192 （仅 LC 正确）
[25/50] 正在评测 grounding_specificity_test_0568 （LC、CC 均正确）
[26/50] 正在评测 grounding_specificity_test_0274 （LC、CC 均正确）
[27/50] 正在评测 grounding_specificity_test_0442 （LC、CC 均正确）
[28/50] 正在评测 grounding_specificity_test_0247 （LC、CC 均正确）
[29/50] 正在评测 grounding_specificity_test_0712 （LC、CC 均错误）
[30/50] 正在评测 grounding_specificity_test_0526 （仅 CC 正确）
[31/50] 正在评测 grounding_specificity_test_0086 （仅 CC 正确）
[32/50] 正在评测 grounding_specificity_test_0397 （仅 CC 正确）
[33/50] 正在评测 grounding_specificity_test_0572 （LC、CC 均正确）
[34/50] 正在评测 grounding_specificity_test_0082 （LC、CC 均正确）
[35/50] 正在评测 grounding_specificity_test_0816 （LC、CC 均正确）
[36/50] 正在评测 grounding_specificity_test_0478 （仅 CC 正确）
[37/50] 正在评测 grounding_specificity_test_0203 （LC、CC 均正确）
[38/50] 正在评测 grounding_specificity_test_0228 （仅 LC 正确）
[39/50] 正在评测 grounding_specificity_test_0976 （仅 CC 正确）
[40/50] 正在评测 grounding_specificity_test_0724 （LC、CC 均错误）
[41/50] 正在评测 grounding_specificity_test_0327 （LC、CC 均正确）
[42/50] 正在评测 grounding_specificity_test_0866 （LC、CC 均正确）
[43/50] 正在评测 grounding_specificity_test_0518 （LC、CC 均正确）
[44/50] 正在评测 grounding_specificity_test_0371 （LC、CC 均错误）
[45/50] 正在评测 grounding_specificity_test_0845 （LC、CC 均正确）
[46/50] 正在评测 grounding_specificity_test_0780 （LC、CC 均正确）
[47/50] 正在评测 grounding_specificity_test_0489 （LC、CC 均正确）
[48/50] 正在评测 grounding_specificity_test_0878 （LC、CC 均错误）
[49/50] 正在评测 grounding_specificity_test_0675 （仅 CC 正确）
[50/50] 正在评测 grounding_specificity_test_0939 （LC、CC 均正确）
分析报告已写入 /root/my-small-paper/outputs/analysis/rationale_comparation_all_tasks_v2/rev_util_grounding_specificity/analysis.md
