=== LL→LC 任务二重新评测开始 ===
主裁判：MiniMax-M3 + doubao-seed-2.0-lite；第三裁判：doubao-seed-2.1-turbo
已准备 145 条样本，输出：/root/my-small-paper/outputs/analysis/rationale_support_audit_label_only
默认未调用 API；检查 manifest.json、error_taxonomy.json 和 judge_prompts.jsonl 后，再加 --run-api。
开始评测：配对=label_only_sft，样本=145，主裁判=['MiniMax-M3', 'doubao-seed-2.0-lite']，第三裁判=doubao-seed-2.1-turbo
[1/145] 任务=rev_util_actionability seed=42 类别=有害 id=actionability_test_0963
  复用已有裁判结果：MiniMax-M3
  正在调用主裁判：doubao-seed-2.0-lite
  主裁判完成：doubao-seed-2.0-lite -> supports_wrong_score
  样本状态=完成 共识=supports_wrong_score 方法=primary_agreement；总进度=1/145，未完成=144
[2/145] 任务=rev_util_actionability seed=43 类别=有害 id=actionability_test_0003
  复用已有裁判结果：MiniMax-M3
  正在调用主裁判：doubao-seed-2.0-lite
  主裁判完成：doubao-seed-2.0-lite -> supports_wrong_score
  样本状态=完成 共识=supports_wrong_score 方法=primary_agreement；总进度=2/145，未完成=143
[3/145] 任务=rev_util_actionability seed=43 类别=有害 id=actionability_test_0435
  复用已有裁判结果：MiniMax-M3
  正在调用主裁判：doubao-seed-2.0-lite
  主裁判完成：doubao-seed-2.0-lite -> supports_wrong_score
  样本状态=完成 共识=supports_wrong_score 方法=primary_agreement；总进度=3/145，未完成=142
[4/145] 任务=rev_util_actionability seed=42 类别=有益 id=actionability_test_0257
  复用已有裁判结果：MiniMax-M3
  正在调用主裁判：doubao-seed-2.0-lite
  主裁判完成：doubao-seed-2.0-lite -> supports_correct_score
  样本状态=完成 共识=supports_correct_score 方法=primary_agreement；总进度=4/145，未完成=141
[5/145] 任务=rev_util_actionability seed=42 类别=有害 id=actionability_test_0171
  复用已有裁判结果：MiniMax-M3
  正在调用主裁判：doubao-seed-2.0-lite
  主裁判完成：doubao-seed-2.0-lite -> supports_wrong_score
  样本状态=完成 共识=supports_wrong_score 方法=primary_agreement；总进度=5/145，未完成=140
[6/145] 任务=rev_util_actionability seed=42 类别=有害 id=actionability_test_0586
  复用已有裁判结果：MiniMax-M3
  正在调用主裁判：doubao-seed-2.0-lite
  主裁判完成：doubao-seed-2.0-lite -> supports_wrong_score
  样本状态=完成 共识=supports_wrong_score 方法=primary_agreement；总进度=6/145，未完成=139
[7/145] 任务=rev_util_actionability seed=42 类别=有益 id=actionability_test_0220
  复用已有裁判结果：MiniMax-M3
  正在调用主裁判：doubao-seed-2.0-lite
  主裁判完成：doubao-seed-2.0-lite -> supports_correct_score
  样本状态=完成 共识=supports_correct_score 方法=primary_agreement；总进度=7/145，未完成=138
[8/145] 任务=rev_util_actionability seed=44 类别=有益 id=actionability_test_0763
  复用已有裁判结果：MiniMax-M3
  正在调用主裁判：doubao-seed-2.0-lite
  主裁判完成：doubao-seed-2.0-lite -> supports_correct_score
  样本状态=完成 共识=supports_correct_score 方法=primary_agreement；总进度=8/145，未完成=137
[9/145] 任务=rev_util_actionability seed=44 类别=有益 id=actionability_test_0196
  复用已有裁判结果：MiniMax-M3
  正在调用主裁判：doubao-seed-2.0-lite
  主裁判完成：doubao-seed-2.0-lite -> supports_correct_score
  样本状态=完成 共识=supports_correct_score 方法=primary_agreement；总进度=9/145，未完成=136
[10/145] 任务=rev_util_actionability seed=44 类别=有害 id=actionability_test_0281
  复用已有裁判结果：MiniMax-M3
  正在调用主裁判：doubao-seed-2.0-lite
  主裁判完成：doubao-seed-2.0-lite -> supports_wrong_score
  样本状态=完成 共识=supports_wrong_score 方法=primary_agreement；总进度=10/145，未完成=135
[11/145] 任务=rev_util_actionability seed=44 类别=有益 id=actionability_test_0508
  复用已有裁判结果：MiniMax-M3
  正在调用主裁判：doubao-seed-2.0-lite
  主裁判完成：doubao-seed-2.0-lite -> supports_correct_score
  样本状态=完成 共识=supports_correct_score 方法=primary_agreement；总进度=11/145，未完成=134
[12/145] 任务=rev_util_actionability seed=42 类别=有害 id=actionability_test_0003
  复用已有裁判结果：MiniMax-M3
  正在调用主裁判：doubao-seed-2.0-lite
  主裁判完成：doubao-seed-2.0-lite -> supports_wrong_score
  样本状态=完成 共识=supports_wrong_score 方法=primary_agreement；总进度=12/145，未完成=133
[13/145] 任务=rev_util_actionability seed=42 类别=有益 id=actionability_test_0889
  复用已有裁判结果：MiniMax-M3
  正在调用主裁判：doubao-seed-2.0-lite
  主裁判完成：doubao-seed-2.0-lite -> supports_correct_score
  样本状态=完成 共识=supports_correct_score 方法=primary_agreement；总进度=13/145，未完成=132
[14/145] 任务=rev_util_actionability seed=42 类别=有害 id=actionability_test_0197
  复用已有裁判结果：MiniMax-M3
  正在调用主裁判：doubao-seed-2.0-lite
  主裁判完成：doubao-seed-2.0-lite -> supports_wrong_score
  样本状态=完成 共识=supports_wrong_score 方法=primary_agreement；总进度=14/145，未完成=131
[15/145] 任务=rev_util_actionability seed=42 类别=有害 id=actionability_test_0644
  复用已有裁判结果：MiniMax-M3
  正在调用主裁判：doubao-seed-2.0-lite
  主裁判完成：doubao-seed-2.0-lite -> supports_wrong_score
  样本状态=完成 共识=supports_wrong_score 方法=primary_agreement；总进度=15/145，未完成=130
[16/145] 任务=rev_util_actionability seed=42 类别=有益 id=actionability_test_0107
  复用已有裁判结果：MiniMax-M3
  正在调用主裁判：doubao-seed-2.0-lite
  主裁判完成：doubao-seed-2.0-lite -> supports_correct_score
  样本状态=完成 共识=supports_correct_score 方法=primary_agreement；总进度=16/145，未完成=129
[17/145] 任务=rev_util_actionability seed=43 类别=有害 id=actionability_test_0101
  复用已有裁判结果：MiniMax-M3
  正在调用主裁判：doubao-seed-2.0-lite
  主裁判完成：doubao-seed-2.0-lite -> supports_wrong_score
  样本状态=完成 共识=supports_wrong_score 方法=primary_agreement；总进度=17/145，未完成=128
[18/145] 任务=rev_util_actionability seed=42 类别=有害 id=actionability_test_0964
  复用已有裁判结果：MiniMax-M3
  正在调用主裁判：doubao-seed-2.0-lite
  主裁判完成：doubao-seed-2.0-lite -> supports_wrong_score
  样本状态=完成 共识=supports_wrong_score 方法=primary_agreement；总进度=18/145，未完成=127
[19/145] 任务=rev_util_actionability seed=42 类别=有害 id=actionability_test_0902
  复用已有裁判结果：MiniMax-M3
  正在调用主裁判：doubao-seed-2.0-lite
  主裁判完成：doubao-seed-2.0-lite -> supports_wrong_score
  样本状态=完成 共识=supports_wrong_score 方法=primary_agreement；总进度=19/145，未完成=126
[20/145] 任务=rev_util_actionability seed=43 类别=有害 id=actionability_test_0853
  复用已有裁判结果：MiniMax-M3
  正在调用主裁判：doubao-seed-2.0-lite
  主裁判完成：doubao-seed-2.0-lite -> supports_wrong_score
  样本状态=完成 共识=supports_wrong_score 方法=primary_agreement；总进度=20/145，未完成=125
[21/145] 任务=rev_util_actionability seed=43 类别=有害 id=actionability_test_0840
  复用已有裁判结果：MiniMax-M3
  正在调用主裁判：doubao-seed-2.0-lite
  主裁判完成：doubao-seed-2.0-lite -> supports_wrong_score
  样本状态=完成 共识=supports_wrong_score 方法=primary_agreement；总进度=21/145，未完成=124
[22/145] 任务=rev_util_actionability seed=44 类别=有害 id=actionability_test_0091
  复用已有裁判结果：MiniMax-M3
  正在调用主裁判：doubao-seed-2.0-lite
  主裁判完成：doubao-seed-2.0-lite -> supports_wrong_score
  样本状态=完成 共识=supports_wrong_score 方法=primary_agreement；总进度=22/145，未完成=123
[23/145] 任务=rev_util_actionability seed=42 类别=有害 id=actionability_test_0704
  复用已有裁判结果：MiniMax-M3
  正在调用主裁判：doubao-seed-2.0-lite
  主裁判完成：doubao-seed-2.0-lite -> supports_wrong_score
  样本状态=完成 共识=supports_wrong_score 方法=primary_agreement；总进度=23/145，未完成=122
[24/145] 任务=rev_util_actionability seed=42 类别=有害 id=actionability_test_0261
  复用已有裁判结果：MiniMax-M3
  正在调用主裁判：doubao-seed-2.0-lite
  主裁判完成：doubao-seed-2.0-lite -> supports_wrong_score
  样本状态=完成 共识=supports_wrong_score 方法=primary_agreement；总进度=24/145，未完成=121
[25/145] 任务=rev_util_actionability seed=43 类别=有益 id=actionability_test_0319
  复用已有裁判结果：MiniMax-M3
  正在调用主裁判：doubao-seed-2.0-lite
  主裁判完成：doubao-seed-2.0-lite -> unclear
  主裁判分歧，正在调用第三裁判：doubao-seed-2.1-turbo
  第三裁判失败：doubao-seed-2.1-turbo -> doubao-seed-2.1-turbo failed for rev_util_actionability:43:actionability_test_0319:label_only_severe_to_cot_correct: HTTP Error 504: Gateway Time-out
  样本状态=待补跑 共识=- 方法=missing_tiebreaker；总进度=24/145，未完成=121
[26/145] 任务=rev_util_actionability seed=42 类别=有益 id=actionability_test_0734
  复用已有裁判结果：MiniMax-M3
  正在调用主裁判：doubao-seed-2.0-lite
  主裁判完成：doubao-seed-2.0-lite -> supports_correct_score
  样本状态=完成 共识=supports_correct_score 方法=primary_agreement；总进度=25/145，未完成=120
[27/145] 任务=rev_util_actionability seed=44 类别=有益 id=actionability_test_0228
  复用已有裁判结果：MiniMax-M3
  正在调用主裁判：doubao-seed-2.0-lite
  主裁判完成：doubao-seed-2.0-lite -> supports_correct_score
  样本状态=完成 共识=supports_correct_score 方法=primary_agreement；总进度=26/145，未完成=119
[28/145] 任务=rev_util_actionability seed=44 类别=有益 id=actionability_test_0319
  复用已有裁判结果：MiniMax-M3
  正在调用主裁判：doubao-seed-2.0-lite
  主裁判完成：doubao-seed-2.0-lite -> supports_correct_score
  样本状态=完成 共识=supports_correct_score 方法=primary_agreement；总进度=27/145，未完成=118
[29/145] 任务=rev_util_actionability seed=44 类别=有害 id=actionability_test_0441
  复用已有裁判结果：MiniMax-M3
  正在调用主裁判：doubao-seed-2.0-lite
  主裁判完成：doubao-seed-2.0-lite -> supports_wrong_score
  样本状态=完成 共识=supports_wrong_score 方法=primary_agreement；总进度=28/145，未完成=117
[30/145] 任务=rev_util_actionability seed=44 类别=有益 id=actionability_test_0220
  复用已有裁判结果：MiniMax-M3
  正在调用主裁判：doubao-seed-2.0-lite
  主裁判完成：doubao-seed-2.0-lite -> supports_correct_score
  样本状态=完成 共识=supports_correct_score 方法=primary_agreement；总进度=29/145，未完成=116
[31/145] 任务=rev_util_actionability seed=42 类别=有益 id=actionability_test_0379
  复用已有裁判结果：MiniMax-M3
  正在调用主裁判：doubao-seed-2.0-lite
  主裁判完成：doubao-seed-2.0-lite -> supports_correct_score
  样本状态=完成 共识=supports_correct_score 方法=primary_agreement；总进度=30/145，未完成=115
[32/145] 任务=rev_util_actionability seed=43 类别=有益 id=actionability_test_0501
  复用已有裁判结果：MiniMax-M3
  正在调用主裁判：doubao-seed-2.0-lite
  主裁判完成：doubao-seed-2.0-lite -> supports_correct_score
  样本状态=完成 共识=supports_correct_score 方法=primary_agreement；总进度=31/145，未完成=114
[33/145] 任务=rev_util_actionability seed=43 类别=有益 id=actionability_test_0836
  复用已有裁判结果：MiniMax-M3
  正在调用主裁判：doubao-seed-2.0-lite
  主裁判完成：doubao-seed-2.0-lite -> supports_correct_score
  样本状态=完成 共识=supports_correct_score 方法=primary_agreement；总进度=32/145，未完成=113
[34/145] 任务=rev_util_actionability seed=44 类别=有益 id=actionability_test_0257
  复用已有裁判结果：MiniMax-M3
  正在调用主裁判：doubao-seed-2.0-lite
  主裁判完成：doubao-seed-2.0-lite -> supports_correct_score
  样本状态=完成 共识=supports_correct_score 方法=primary_agreement；总进度=33/145，未完成=112
[35/145] 任务=rev_util_actionability seed=44 类别=有益 id=actionability_test_0826
  复用已有裁判结果：MiniMax-M3
  正在调用主裁判：doubao-seed-2.0-lite
  主裁判完成：doubao-seed-2.0-lite -> supports_correct_score
  样本状态=完成 共识=supports_correct_score 方法=primary_agreement；总进度=34/145，未完成=111
[36/145] 任务=rev_util_actionability seed=44 类别=有害 id=actionability_test_0304
  复用已有裁判结果：MiniMax-M3
  正在调用主裁判：doubao-seed-2.0-lite
  主裁判完成：doubao-seed-2.0-lite -> supports_wrong_score
  样本状态=完成 共识=supports_wrong_score 方法=primary_agreement；总进度=35/145，未完成=110
[37/145] 任务=rev_util_actionability seed=44 类别=有害 id=actionability_test_0224
  复用已有裁判结果：MiniMax-M3
  正在调用主裁判：doubao-seed-2.0-lite
  主裁判完成：doubao-seed-2.0-lite -> supports_wrong_score
  样本状态=完成 共识=supports_wrong_score 方法=primary_agreement；总进度=36/145，未完成=109
[38/145] 任务=rev_util_actionability seed=43 类别=有益 id=actionability_test_0707
  复用已有裁判结果：MiniMax-M3
  正在调用主裁判：doubao-seed-2.0-lite
  主裁判完成：doubao-seed-2.0-lite -> supports_correct_score
  样本状态=完成 共识=supports_correct_score 方法=primary_agreement；总进度=37/145，未完成=108
[39/145] 任务=rev_util_actionability seed=44 类别=有益 id=actionability_test_0823
  复用已有裁判结果：MiniMax-M3
  正在调用主裁判：doubao-seed-2.0-lite
  主裁判完成：doubao-seed-2.0-lite -> supports_correct_score
  样本状态=完成 共识=supports_correct_score 方法=primary_agreement；总进度=38/145，未完成=107
[40/145] 任务=rev_util_actionability seed=43 类别=有益 id=actionability_test_0543
  复用已有裁判结果：MiniMax-M3
  正在调用主裁判：doubao-seed-2.0-lite
  主裁判完成：doubao-seed-2.0-lite -> supports_correct_score
  样本状态=完成 共识=supports_correct_score 方法=primary_agreement；总进度=39/145，未完成=106
[41/145] 任务=rev_util_actionability seed=42 类别=有害 id=actionability_test_0362
  复用已有裁判结果：MiniMax-M3
  正在调用主裁判：doubao-seed-2.0-lite
  主裁判完成：doubao-seed-2.0-lite -> supports_wrong_score
  样本状态=完成 共识=supports_wrong_score 方法=primary_agreement；总进度=40/145，未完成=105
[42/145] 任务=rev_util_actionability seed=42 类别=有害 id=actionability_test_0826
  复用已有裁判结果：MiniMax-M3
  正在调用主裁判：doubao-seed-2.0-lite
  主裁判完成：doubao-seed-2.0-lite -> supports_wrong_score
  样本状态=完成 共识=supports_wrong_score 方法=primary_agreement；总进度=41/145，未完成=104
[43/145] 任务=rev_util_actionability seed=42 类别=有益 id=actionability_test_0763
  复用已有裁判结果：MiniMax-M3
  正在调用主裁判：doubao-seed-2.0-lite
  主裁判完成：doubao-seed-2.0-lite -> supports_correct_score
  样本状态=完成 共识=supports_correct_score 方法=primary_agreement；总进度=42/145，未完成=103
[44/145] 任务=rev_util_actionability seed=42 类别=有益 id=actionability_test_0381
  复用已有裁判结果：MiniMax-M3
  正在调用主裁判：doubao-seed-2.0-lite
  主裁判完成：doubao-seed-2.0-lite -> supports_correct_score
  样本状态=完成 共识=supports_correct_score 方法=primary_agreement；总进度=43/145，未完成=102
[45/145] 任务=rev_util_actionability seed=43 类别=有害 id=actionability_test_0288
  复用已有裁判结果：MiniMax-M3
  正在调用主裁判：doubao-seed-2.0-lite
  主裁判完成：doubao-seed-2.0-lite -> supports_wrong_score
  样本状态=完成 共识=supports_wrong_score 方法=primary_agreement；总进度=44/145，未完成=101
[46/145] 任务=rev_util_actionability seed=43 类别=有益 id=actionability_test_0580
  复用已有裁判结果：MiniMax-M3
  正在调用主裁判：doubao-seed-2.0-lite
  主裁判完成：doubao-seed-2.0-lite -> supports_wrong_score
  主裁判分歧，正在调用第三裁判：doubao-seed-2.1-turbo
  第三裁判失败：doubao-seed-2.1-turbo -> doubao-seed-2.1-turbo failed for rev_util_actionability:43:actionability_test_0580:label_only_severe_to_cot_correct: HTTP Error 504: Gateway Time-out
  样本状态=待补跑 共识=- 方法=missing_tiebreaker；总进度=44/145，未完成=101
[47/145] 任务=rev_util_actionability seed=42 类别=有益 id=actionability_test_0228
  复用已有裁判结果：MiniMax-M3
  正在调用主裁判：doubao-seed-2.0-lite
  主裁判完成：doubao-seed-2.0-lite -> supports_correct_score
  样本状态=完成 共识=supports_correct_score 方法=primary_agreement；总进度=45/145，未完成=100
[48/145] 任务=rev_util_actionability seed=44 类别=有益 id=actionability_test_0552
  复用已有裁判结果：MiniMax-M3
  正在调用主裁判：doubao-seed-2.0-lite
  主裁判完成：doubao-seed-2.0-lite -> supports_correct_score
  样本状态=完成 共识=supports_correct_score 方法=primary_agreement；总进度=46/145，未完成=99
[49/145] 任务=rev_util_actionability seed=44 类别=有害 id=actionability_test_0944
  复用已有裁判结果：MiniMax-M3
  正在调用主裁判：doubao-seed-2.0-lite
  主裁判完成：doubao-seed-2.0-lite -> supports_wrong_score
  主裁判分歧，正在调用第三裁判：doubao-seed-2.1-turbo
  第三裁判完成：doubao-seed-2.1-turbo -> supports_wrong_score
  样本状态=完成 共识=supports_wrong_score 方法=majority_vote；总进度=47/145，未完成=98
[50/145] 任务=rev_util_actionability seed=42 类别=有害 id=actionability_test_0441
  复用已有裁判结果：MiniMax-M3
  正在调用主裁判：doubao-seed-2.0-lite
  主裁判完成：doubao-seed-2.0-lite -> supports_wrong_score
  样本状态=完成 共识=supports_wrong_score 方法=primary_agreement；总进度=48/145，未完成=97
[51/145] 任务=rev_util_grounding_specificity seed=42 类别=有益 id=grounding_specificity_test_0109
  复用已有裁判结果：MiniMax-M3
  正在调用主裁判：doubao-seed-2.0-lite
  主裁判完成：doubao-seed-2.0-lite -> supports_correct_score
  样本状态=完成 共识=supports_correct_score 方法=primary_agreement；总进度=49/145，未完成=96
[52/145] 任务=rev_util_grounding_specificity seed=42 类别=有益 id=grounding_specificity_test_0381
  复用已有裁判结果：MiniMax-M3
  正在调用主裁判：doubao-seed-2.0-lite
  主裁判完成：doubao-seed-2.0-lite -> supports_correct_score
  样本状态=完成 共识=supports_correct_score 方法=primary_agreement；总进度=50/145，未完成=95
[53/145] 任务=rev_util_grounding_specificity seed=44 类别=有益 id=grounding_specificity_test_0433
  复用已有裁判结果：MiniMax-M3
  正在调用主裁判：doubao-seed-2.0-lite
  主裁判完成：doubao-seed-2.0-lite -> supports_correct_score
  样本状态=完成 共识=supports_correct_score 方法=primary_agreement；总进度=51/145，未完成=94
[54/145] 任务=rev_util_grounding_specificity seed=43 类别=有害 id=grounding_specificity_test_0758
  复用已有裁判结果：MiniMax-M3
  正在调用主裁判：doubao-seed-2.0-lite
  主裁判完成：doubao-seed-2.0-lite -> supports_wrong_score
  主裁判分歧，正在调用第三裁判：doubao-seed-2.1-turbo
  第三裁判失败：doubao-seed-2.1-turbo -> doubao-seed-2.1-turbo failed for rev_util_grounding_specificity:43:grounding_specificity_test_0758:label_only_correct_to_cot_severe: HTTP Error 504: Gateway Time-out
  样本状态=待补跑 共识=- 方法=missing_tiebreaker；总进度=51/145，未完成=94
[55/145] 任务=rev_util_grounding_specificity seed=42 类别=有益 id=grounding_specificity_test_0016
  复用已有裁判结果：MiniMax-M3
  正在调用主裁判：doubao-seed-2.0-lite
  主裁判完成：doubao-seed-2.0-lite -> supports_correct_score
  样本状态=完成 共识=supports_correct_score 方法=primary_agreement；总进度=52/145，未完成=93
[56/145] 任务=rev_util_grounding_specificity seed=42 类别=有益 id=grounding_specificity_test_0469
  复用已有裁判结果：MiniMax-M3
  正在调用主裁判：doubao-seed-2.0-lite
  主裁判完成：doubao-seed-2.0-lite -> supports_correct_score
  样本状态=完成 共识=supports_correct_score 方法=primary_agreement；总进度=53/145，未完成=92
[57/145] 任务=rev_util_grounding_specificity seed=44 类别=有益 id=grounding_specificity_test_0990
  复用已有裁判结果：MiniMax-M3
  正在调用主裁判：doubao-seed-2.0-lite
  主裁判完成：doubao-seed-2.0-lite -> supports_correct_score
  样本状态=完成 共识=supports_correct_score 方法=primary_agreement；总进度=54/145，未完成=91
[58/145] 任务=rev_util_grounding_specificity seed=43 类别=有益 id=grounding_specificity_test_0424
  复用已有裁判结果：MiniMax-M3
  正在调用主裁判：doubao-seed-2.0-lite
  主裁判完成：doubao-seed-2.0-lite -> supports_correct_score
  样本状态=完成 共识=supports_correct_score 方法=primary_agreement；总进度=55/145，未完成=90
[59/145] 任务=rev_util_grounding_specificity seed=43 类别=有害 id=grounding_specificity_test_0165
  复用已有裁判结果：MiniMax-M3
  正在调用主裁判：doubao-seed-2.0-lite
  主裁判完成：doubao-seed-2.0-lite -> supports_wrong_score
  样本状态=完成 共识=supports_wrong_score 方法=primary_agreement；总进度=56/145，未完成=89
[60/145] 任务=rev_util_grounding_specificity seed=42 类别=有害 id=grounding_specificity_test_0758
  复用已有裁判结果：MiniMax-M3
  正在调用主裁判：doubao-seed-2.0-lite
  主裁判完成：doubao-seed-2.0-lite -> supports_wrong_score
  主裁判分歧，正在调用第三裁判：doubao-seed-2.1-turbo
  第三裁判失败：doubao-seed-2.1-turbo -> doubao-seed-2.1-turbo failed for rev_util_grounding_specificity:42:grounding_specificity_test_0758:label_only_correct_to_cot_severe: HTTP Error 504: Gateway Time-out
  样本状态=待补跑 共识=- 方法=missing_tiebreaker；总进度=56/145，未完成=89
[61/145] 任务=rev_util_grounding_specificity seed=43 类别=有害 id=grounding_specificity_test_0101
  复用已有裁判结果：MiniMax-M3
  正在调用主裁判：doubao-seed-2.0-lite
  主裁判完成：doubao-seed-2.0-lite -> supports_wrong_score
  样本状态=完成 共识=supports_wrong_score 方法=primary_agreement；总进度=57/145，未完成=88
[62/145] 任务=rev_util_grounding_specificity seed=43 类别=有害 id=grounding_specificity_test_0162
  复用已有裁判结果：MiniMax-M3
  正在调用主裁判：doubao-seed-2.0-lite
  主裁判完成：doubao-seed-2.0-lite -> supports_wrong_score
  样本状态=完成 共识=supports_wrong_score 方法=primary_agreement；总进度=58/145，未完成=87
[63/145] 任务=rev_util_grounding_specificity seed=42 类别=有益 id=grounding_specificity_test_0943
  复用已有裁判结果：MiniMax-M3
  正在调用主裁判：doubao-seed-2.0-lite
  主裁判完成：doubao-seed-2.0-lite -> supports_correct_score
  样本状态=完成 共识=supports_correct_score 方法=primary_agreement；总进度=59/145，未完成=86
[64/145] 任务=rev_util_grounding_specificity seed=43 类别=有害 id=grounding_specificity_test_0772
  复用已有裁判结果：MiniMax-M3
  正在调用主裁判：doubao-seed-2.0-lite
  主裁判完成：doubao-seed-2.0-lite -> supports_wrong_score
  样本状态=完成 共识=supports_wrong_score 方法=primary_agreement；总进度=60/145，未完成=85
[65/145] 任务=rev_util_grounding_specificity seed=43 类别=有益 id=grounding_specificity_test_0059
  复用已有裁判结果：MiniMax-M3
  正在调用主裁判：doubao-seed-2.0-lite
  主裁判完成：doubao-seed-2.0-lite -> supports_correct_score
  样本状态=完成 共识=supports_correct_score 方法=primary_agreement；总进度=61/145，未完成=84
[66/145] 任务=rev_util_grounding_specificity seed=43 类别=有害 id=grounding_specificity_test_0484
  复用已有裁判结果：MiniMax-M3
  正在调用主裁判：doubao-seed-2.0-lite
  主裁判完成：doubao-seed-2.0-lite -> supports_wrong_score
  主裁判分歧，正在调用第三裁判：doubao-seed-2.1-turbo
  第三裁判完成：doubao-seed-2.1-turbo -> supports_wrong_score
  样本状态=完成 共识=supports_wrong_score 方法=majority_vote；总进度=62/145，未完成=83
[67/145] 任务=rev_util_grounding_specificity seed=43 类别=有害 id=grounding_specificity_test_0326
  复用已有裁判结果：MiniMax-M3
  正在调用主裁判：doubao-seed-2.0-lite
  主裁判完成：doubao-seed-2.0-lite -> supports_wrong_score
  样本状态=完成 共识=supports_wrong_score 方法=primary_agreement；总进度=63/145，未完成=82
[68/145] 任务=rev_util_grounding_specificity seed=42 类别=有害 id=grounding_specificity_test_0887
  复用已有裁判结果：MiniMax-M3
  正在调用主裁判：doubao-seed-2.0-lite
  主裁判完成：doubao-seed-2.0-lite -> supports_wrong_score
  样本状态=完成 共识=supports_wrong_score 方法=primary_agreement；总进度=64/145，未完成=81
[69/145] 任务=rev_util_grounding_specificity seed=43 类别=有益 id=grounding_specificity_test_0228
  复用已有裁判结果：MiniMax-M3
  正在调用主裁判：doubao-seed-2.0-lite
  主裁判完成：doubao-seed-2.0-lite -> supports_correct_score
  样本状态=完成 共识=supports_correct_score 方法=primary_agreement；总进度=65/145，未完成=80
[70/145] 任务=rev_util_grounding_specificity seed=43 类别=有害 id=grounding_specificity_test_0255
  复用已有裁判结果：MiniMax-M3
  正在调用主裁判：doubao-seed-2.0-lite
  主裁判完成：doubao-seed-2.0-lite -> supports_wrong_score
  样本状态=完成 共识=supports_wrong_score 方法=primary_agreement；总进度=66/145，未完成=79
[71/145] 任务=rev_util_grounding_specificity seed=42 类别=有害 id=grounding_specificity_test_0850
  复用已有裁判结果：MiniMax-M3
  正在调用主裁判：doubao-seed-2.0-lite
  主裁判完成：doubao-seed-2.0-lite -> supports_wrong_score
  样本状态=完成 共识=supports_wrong_score 方法=primary_agreement；总进度=67/145，未完成=78
[72/145] 任务=rev_util_grounding_specificity seed=42 类别=有益 id=grounding_specificity_test_0431
  复用已有裁判结果：MiniMax-M3
  正在调用主裁判：doubao-seed-2.0-lite
  主裁判完成：doubao-seed-2.0-lite -> supports_correct_score
  样本状态=完成 共识=supports_correct_score 方法=primary_agreement；总进度=68/145，未完成=77
[73/145] 任务=rev_util_grounding_specificity seed=44 类别=有害 id=grounding_specificity_test_0232
  复用已有裁判结果：MiniMax-M3
  正在调用主裁判：doubao-seed-2.0-lite
  主裁判完成：doubao-seed-2.0-lite -> supports_wrong_score
  主裁判分歧，正在调用第三裁判：doubao-seed-2.1-turbo
  第三裁判完成：doubao-seed-2.1-turbo -> supports_wrong_score
  样本状态=完成 共识=supports_wrong_score 方法=majority_vote；总进度=69/145，未完成=76
[74/145] 任务=rev_util_grounding_specificity seed=44 类别=有害 id=grounding_specificity_test_0359
  复用已有裁判结果：MiniMax-M3
  正在调用主裁判：doubao-seed-2.0-lite
  主裁判完成：doubao-seed-2.0-lite -> supports_wrong_score
  样本状态=完成 共识=supports_wrong_score 方法=primary_agreement；总进度=70/145，未完成=75
[75/145] 任务=rev_util_grounding_specificity seed=44 类别=有益 id=grounding_specificity_test_0486
  复用已有裁判结果：MiniMax-M3
  正在调用主裁判：doubao-seed-2.0-lite
  主裁判完成：doubao-seed-2.0-lite -> supports_correct_score
  复用已有第三裁判：doubao-seed-2.1-turbo
  样本状态=完成 共识=supports_correct_score 方法=majority_vote；总进度=71/145，未完成=74
[76/145] 任务=rev_util_grounding_specificity seed=42 类别=有益 id=grounding_specificity_test_0169
  复用已有裁判结果：MiniMax-M3
  正在调用主裁判：doubao-seed-2.0-lite
  主裁判完成：doubao-seed-2.0-lite -> supports_correct_score
  样本状态=完成 共识=supports_correct_score 方法=primary_agreement；总进度=72/145，未完成=73
[77/145] 任务=rev_util_grounding_specificity seed=43 类别=有益 id=grounding_specificity_test_0943
  复用已有裁判结果：MiniMax-M3
  正在调用主裁判：doubao-seed-2.0-lite
  主裁判完成：doubao-seed-2.0-lite -> supports_correct_score
  复用已有第三裁判：doubao-seed-2.1-turbo
  样本状态=完成 共识=supports_correct_score 方法=majority_vote；总进度=73/145，未完成=72
[78/145] 任务=rev_util_grounding_specificity seed=44 类别=有益 id=grounding_specificity_test_0358
  复用已有裁判结果：MiniMax-M3
  正在调用主裁判：doubao-seed-2.0-lite
  主裁判完成：doubao-seed-2.0-lite -> supports_correct_score
  复用已有第三裁判：doubao-seed-2.1-turbo
  样本状态=完成 共识=supports_correct_score 方法=majority_vote；总进度=74/145，未完成=71
[79/145] 任务=rev_util_grounding_specificity seed=42 类别=有益 id=grounding_specificity_test_0778
  复用已有裁判结果：MiniMax-M3
  正在调用主裁判：doubao-seed-2.0-lite
  主裁判完成：doubao-seed-2.0-lite -> supports_correct_score
  样本状态=完成 共识=supports_correct_score 方法=primary_agreement；总进度=75/145，未完成=70
[80/145] 任务=rev_util_grounding_specificity seed=42 类别=有益 id=grounding_specificity_test_0967
  复用已有裁判结果：MiniMax-M3
  正在调用主裁判：doubao-seed-2.0-lite
  主裁判完成：doubao-seed-2.0-lite -> supports_correct_score
  样本状态=完成 共识=supports_correct_score 方法=primary_agreement；总进度=76/145，未完成=69
[81/145] 任务=rev_util_grounding_specificity seed=44 类别=有害 id=grounding_specificity_test_0490
  复用已有裁判结果：MiniMax-M3
  正在调用主裁判：doubao-seed-2.0-lite
  主裁判完成：doubao-seed-2.0-lite -> supports_wrong_score
  主裁判分歧，正在调用第三裁判：doubao-seed-2.1-turbo
  第三裁判完成：doubao-seed-2.1-turbo -> supports_wrong_score
  样本状态=完成 共识=supports_wrong_score 方法=majority_vote；总进度=77/145，未完成=68
[82/145] 任务=rev_util_grounding_specificity seed=44 类别=有益 id=grounding_specificity_test_0192
  复用已有裁判结果：MiniMax-M3
  正在调用主裁判：doubao-seed-2.0-lite
  主裁判完成：doubao-seed-2.0-lite -> supports_correct_score
  样本状态=完成 共识=supports_correct_score 方法=primary_agreement；总进度=78/145，未完成=67
[83/145] 任务=rev_util_grounding_specificity seed=43 类别=有益 id=grounding_specificity_test_0606
  复用已有裁判结果：MiniMax-M3
  正在调用主裁判：doubao-seed-2.0-lite
  主裁判完成：doubao-seed-2.0-lite -> supports_correct_score
  样本状态=完成 共识=supports_correct_score 方法=primary_agreement；总进度=79/145，未完成=66
[84/145] 任务=rev_util_grounding_specificity seed=43 类别=有害 id=grounding_specificity_test_0293
  复用已有裁判结果：MiniMax-M3
  正在调用主裁判：doubao-seed-2.0-lite
  主裁判完成：doubao-seed-2.0-lite -> supports_wrong_score
  主裁判分歧，正在调用第三裁判：doubao-seed-2.1-turbo
  第三裁判完成：doubao-seed-2.1-turbo -> supports_wrong_score
  样本状态=完成 共识=supports_wrong_score 方法=majority_vote；总进度=80/145，未完成=65
[85/145] 任务=rev_util_grounding_specificity seed=43 类别=有害 id=grounding_specificity_test_0449
  复用已有裁判结果：MiniMax-M3
  正在调用主裁判：doubao-seed-2.0-lite
  主裁判完成：doubao-seed-2.0-lite -> supports_wrong_score
  主裁判分歧，正在调用第三裁判：doubao-seed-2.1-turbo
  第三裁判失败：doubao-seed-2.1-turbo -> doubao-seed-2.1-turbo failed for rev_util_grounding_specificity:43:grounding_specificity_test_0449:label_only_correct_to_cot_severe: The read operation timed out
  样本状态=待补跑 共识=- 方法=missing_tiebreaker；总进度=80/145，未完成=65
[86/145] 任务=rev_util_grounding_specificity seed=44 类别=有益 id=grounding_specificity_test_0331
  复用已有裁判结果：MiniMax-M3
  正在调用主裁判：doubao-seed-2.0-lite
  主裁判完成：doubao-seed-2.0-lite -> supports_correct_score
  样本状态=完成 共识=supports_correct_score 方法=primary_agreement；总进度=81/145，未完成=64
[87/145] 任务=rev_util_grounding_specificity seed=42 类别=有害 id=grounding_specificity_test_0909
  复用已有裁判结果：MiniMax-M3
  正在调用主裁判：doubao-seed-2.0-lite
  主裁判完成：doubao-seed-2.0-lite -> supports_wrong_score
  主裁判分歧，正在调用第三裁判：doubao-seed-2.1-turbo
  第三裁判失败：doubao-seed-2.1-turbo -> doubao-seed-2.1-turbo failed for rev_util_grounding_specificity:42:grounding_specificity_test_0909:label_only_correct_to_cot_severe: HTTP Error 504: Gateway Time-out
  样本状态=待补跑 共识=- 方法=missing_tiebreaker；总进度=81/145，未完成=64
[88/145] 任务=rev_util_grounding_specificity seed=44 类别=有害 id=grounding_specificity_test_0065
  复用已有裁判结果：MiniMax-M3
  正在调用主裁判：doubao-seed-2.0-lite
  主裁判完成：doubao-seed-2.0-lite -> supports_wrong_score
  主裁判分歧，正在调用第三裁判：doubao-seed-2.1-turbo
  第三裁判失败：doubao-seed-2.1-turbo -> doubao-seed-2.1-turbo failed for rev_util_grounding_specificity:44:grounding_specificity_test_0065:label_only_correct_to_cot_severe: HTTP Error 504: Gateway Time-out
  样本状态=待补跑 共识=- 方法=missing_tiebreaker；总进度=81/145，未完成=64
[89/145] 任务=rev_util_grounding_specificity seed=43 类别=有益 id=grounding_specificity_test_0903
  复用已有裁判结果：MiniMax-M3
  正在调用主裁判：doubao-seed-2.0-lite
  主裁判完成：doubao-seed-2.0-lite -> supports_correct_score
  样本状态=完成 共识=supports_correct_score 方法=primary_agreement；总进度=82/145，未完成=63
[90/145] 任务=rev_util_grounding_specificity seed=43 类别=有害 id=grounding_specificity_test_0306
  复用已有裁判结果：MiniMax-M3
  正在调用主裁判：doubao-seed-2.0-lite
  主裁判完成：doubao-seed-2.0-lite -> supports_wrong_score
  样本状态=完成 共识=supports_wrong_score 方法=primary_agreement；总进度=83/145，未完成=62
[91/145] 任务=rev_util_grounding_specificity seed=42 类别=有益 id=grounding_specificity_test_0124
  复用已有裁判结果：MiniMax-M3
  正在调用主裁判：doubao-seed-2.0-lite
  主裁判完成：doubao-seed-2.0-lite -> supports_correct_score
  样本状态=完成 共识=supports_correct_score 方法=primary_agreement；总进度=84/145，未完成=61
[92/145] 任务=rev_util_grounding_specificity seed=44 类别=有害 id=grounding_specificity_test_0317
  复用已有裁判结果：MiniMax-M3
  正在调用主裁判：doubao-seed-2.0-lite
  主裁判完成：doubao-seed-2.0-lite -> supports_wrong_score
  样本状态=完成 共识=supports_wrong_score 方法=primary_agreement；总进度=85/145，未完成=60
[93/145] 任务=rev_util_grounding_specificity seed=44 类别=有益 id=grounding_specificity_test_0278
  复用已有裁判结果：MiniMax-M3
  正在调用主裁判：doubao-seed-2.0-lite
  主裁判完成：doubao-seed-2.0-lite -> supports_correct_score
  样本状态=完成 共识=supports_correct_score 方法=primary_agreement；总进度=86/145，未完成=59
[94/145] 任务=rev_util_grounding_specificity seed=44 类别=有害 id=grounding_specificity_test_0489
  复用已有裁判结果：MiniMax-M3
  正在调用主裁判：doubao-seed-2.0-lite
  主裁判完成：doubao-seed-2.0-lite -> supports_wrong_score
  主裁判分歧，正在调用第三裁判：doubao-seed-2.1-turbo
  第三裁判失败：doubao-seed-2.1-turbo -> doubao-seed-2.1-turbo failed for rev_util_grounding_specificity:44:grounding_specificity_test_0489:label_only_correct_to_cot_severe: HTTP Error 504: Gateway Time-out
  样本状态=待补跑 共识=- 方法=missing_tiebreaker；总进度=86/145，未完成=59
[95/145] 任务=rev_util_grounding_specificity seed=43 类别=有害 id=grounding_specificity_test_0725
  复用已有裁判结果：MiniMax-M3
  正在调用主裁判：doubao-seed-2.0-lite
  主裁判完成：doubao-seed-2.0-lite -> supports_wrong_score
  主裁判分歧，正在调用第三裁判：doubao-seed-2.1-turbo
  第三裁判失败：doubao-seed-2.1-turbo -> doubao-seed-2.1-turbo failed for rev_util_grounding_specificity:43:grounding_specificity_test_0725:label_only_correct_to_cot_severe: HTTP Error 504: Gateway Time-out
  样本状态=待补跑 共识=- 方法=missing_tiebreaker；总进度=86/145，未完成=59
[96/145] 任务=rev_util_grounding_specificity seed=44 类别=有害 id=grounding_specificity_test_0297
  复用已有裁判结果：MiniMax-M3
  正在调用主裁判：doubao-seed-2.0-lite
  主裁判完成：doubao-seed-2.0-lite -> supports_wrong_score
  样本状态=完成 共识=supports_wrong_score 方法=primary_agreement；总进度=87/145，未完成=58
[97/145] 任务=rev_util_grounding_specificity seed=43 类别=有益 id=grounding_specificity_test_0703
  复用已有裁判结果：MiniMax-M3
  正在调用主裁判：doubao-seed-2.0-lite
  主裁判完成：doubao-seed-2.0-lite -> supports_correct_score
  样本状态=完成 共识=supports_correct_score 方法=primary_agreement；总进度=88/145，未完成=57
[98/145] 任务=rev_util_grounding_specificity seed=42 类别=有益 id=grounding_specificity_test_0651
  复用已有裁判结果：MiniMax-M3
  正在调用主裁判：doubao-seed-2.0-lite
  主裁判完成：doubao-seed-2.0-lite -> supports_correct_score
  样本状态=完成 共识=supports_correct_score 方法=primary_agreement；总进度=89/145，未完成=56
[99/145] 任务=rev_util_grounding_specificity seed=44 类别=有害 id=grounding_specificity_test_0593
  复用已有裁判结果：MiniMax-M3
  正在调用主裁判：doubao-seed-2.0-lite
  主裁判完成：doubao-seed-2.0-lite -> supports_wrong_score
  样本状态=完成 共识=supports_wrong_score 方法=primary_agreement；总进度=90/145，未完成=55
[100/145] 任务=rev_util_grounding_specificity seed=42 类别=有害 id=grounding_specificity_test_0451
  复用已有裁判结果：MiniMax-M3
  正在调用主裁判：doubao-seed-2.0-lite
  主裁判完成：doubao-seed-2.0-lite -> supports_wrong_score
  样本状态=完成 共识=supports_wrong_score 方法=primary_agreement；总进度=91/145，未完成=54
[101/145] 任务=rev_util_verifiability seed=42 类别=有害 id=verifiability_test_0191
  复用已有裁判结果：MiniMax-M3
  正在调用主裁判：doubao-seed-2.0-lite
  主裁判完成：doubao-seed-2.0-lite -> supports_wrong_score
  主裁判分歧，正在调用第三裁判：doubao-seed-2.1-turbo
  第三裁判失败：doubao-seed-2.1-turbo -> doubao-seed-2.1-turbo failed for rev_util_verifiability:42:verifiability_test_0191:label_only_correct_to_cot_severe: HTTP Error 504: Gateway Time-out
  样本状态=待补跑 共识=- 方法=missing_tiebreaker；总进度=91/145，未完成=54
[102/145] 任务=rev_util_verifiability seed=42 类别=有益 id=verifiability_test_0275
  复用已有裁判结果：MiniMax-M3
  正在调用主裁判：doubao-seed-2.0-lite
  主裁判完成：doubao-seed-2.0-lite -> supports_correct_score
  主裁判分歧，正在调用第三裁判：doubao-seed-2.1-turbo
  第三裁判完成：doubao-seed-2.1-turbo -> supports_correct_score
  样本状态=完成 共识=supports_correct_score 方法=majority_vote；总进度=92/145，未完成=53
[103/145] 任务=rev_util_verifiability seed=42 类别=有益 id=verifiability_test_0290
  复用已有裁判结果：MiniMax-M3
  正在调用主裁判：doubao-seed-2.0-lite
  主裁判完成：doubao-seed-2.0-lite -> supports_correct_score
  样本状态=完成 共识=supports_correct_score 方法=primary_agreement；总进度=93/145，未完成=52
[104/145] 任务=rev_util_verifiability seed=42 类别=有害 id=verifiability_test_0297
  复用已有裁判结果：MiniMax-M3
  正在调用主裁判：doubao-seed-2.0-lite
  主裁判完成：doubao-seed-2.0-lite -> supports_wrong_score
  样本状态=完成 共识=supports_wrong_score 方法=primary_agreement；总进度=94/145，未完成=51
[105/145] 任务=rev_util_verifiability seed=42 类别=有害 id=verifiability_test_0342
  复用已有裁判结果：MiniMax-M3
  正在调用主裁判：doubao-seed-2.0-lite
  主裁判完成：doubao-seed-2.0-lite -> supports_wrong_score
  样本状态=完成 共识=supports_wrong_score 方法=primary_agreement；总进度=95/145，未完成=50
[106/145] 任务=rev_util_verifiability seed=42 类别=有害 id=verifiability_test_0530
  复用已有裁判结果：MiniMax-M3
  正在调用主裁判：doubao-seed-2.0-lite
  主裁判完成：doubao-seed-2.0-lite -> supports_wrong_score
  样本状态=完成 共识=supports_wrong_score 方法=primary_agreement；总进度=96/145，未完成=49
[107/145] 任务=rev_util_verifiability seed=42 类别=有益 id=verifiability_test_0595
  复用已有裁判结果：MiniMax-M3
  正在调用主裁判：doubao-seed-2.0-lite
  主裁判完成：doubao-seed-2.0-lite -> supports_correct_score
  样本状态=完成 共识=supports_correct_score 方法=primary_agreement；总进度=97/145，未完成=48
[108/145] 任务=rev_util_verifiability seed=42 类别=有害 id=verifiability_test_0598
  复用已有裁判结果：MiniMax-M3
  正在调用主裁判：doubao-seed-2.0-lite
  主裁判完成：doubao-seed-2.0-lite -> supports_wrong_score
  样本状态=完成 共识=supports_wrong_score 方法=primary_agreement；总进度=98/145，未完成=47
[109/145] 任务=rev_util_verifiability seed=42 类别=有害 id=verifiability_test_0613
  复用已有裁判结果：MiniMax-M3
  正在调用主裁判：doubao-seed-2.0-lite
  主裁判完成：doubao-seed-2.0-lite -> supports_wrong_score
  样本状态=完成 共识=supports_wrong_score 方法=primary_agreement；总进度=99/145，未完成=46
[110/145] 任务=rev_util_verifiability seed=42 类别=有益 id=verifiability_test_0669
  复用已有裁判结果：MiniMax-M3
  正在调用主裁判：doubao-seed-2.0-lite
  主裁判完成：doubao-seed-2.0-lite -> supports_correct_score
  样本状态=完成 共识=supports_correct_score 方法=primary_agreement；总进度=100/145，未完成=45
[111/145] 任务=rev_util_verifiability seed=42 类别=有害 id=verifiability_test_0687
  复用已有裁判结果：MiniMax-M3
  正在调用主裁判：doubao-seed-2.0-lite
  主裁判完成：doubao-seed-2.0-lite -> supports_wrong_score
  样本状态=完成 共识=supports_wrong_score 方法=primary_agreement；总进度=101/145，未完成=44
[112/145] 任务=rev_util_verifiability seed=42 类别=有害 id=verifiability_test_0714
  复用已有裁判结果：MiniMax-M3
  正在调用主裁判：doubao-seed-2.0-lite
  主裁判完成：doubao-seed-2.0-lite -> supports_wrong_score
  样本状态=完成 共识=supports_wrong_score 方法=primary_agreement；总进度=102/145，未完成=43
[113/145] 任务=rev_util_verifiability seed=42 类别=有害 id=verifiability_test_0755
  复用已有裁判结果：MiniMax-M3
  正在调用主裁判：doubao-seed-2.0-lite
  主裁判完成：doubao-seed-2.0-lite -> supports_wrong_score
  样本状态=完成 共识=supports_wrong_score 方法=primary_agreement；总进度=103/145，未完成=42
[114/145] 任务=rev_util_verifiability seed=42 类别=有害 id=verifiability_test_0780
  复用已有裁判结果：MiniMax-M3
  正在调用主裁判：doubao-seed-2.0-lite
  主裁判完成：doubao-seed-2.0-lite -> supports_wrong_score
  样本状态=完成 共识=supports_wrong_score 方法=primary_agreement；总进度=104/145，未完成=41
[115/145] 任务=rev_util_verifiability seed=43 类别=有害 id=verifiability_test_0056
  复用已有裁判结果：MiniMax-M3
  正在调用主裁判：doubao-seed-2.0-lite
  主裁判完成：doubao-seed-2.0-lite -> supports_wrong_score
  样本状态=完成 共识=supports_wrong_score 方法=primary_agreement；总进度=105/145，未完成=40
[116/145] 任务=rev_util_verifiability seed=43 类别=有害 id=verifiability_test_0096
  复用已有裁判结果：MiniMax-M3
  正在调用主裁判：doubao-seed-2.0-lite
  主裁判完成：doubao-seed-2.0-lite -> supports_wrong_score
  样本状态=完成 共识=supports_wrong_score 方法=primary_agreement；总进度=106/145，未完成=39
[117/145] 任务=rev_util_verifiability seed=43 类别=有益 id=verifiability_test_0208
  复用已有裁判结果：MiniMax-M3
  正在调用主裁判：doubao-seed-2.0-lite
  主裁判完成：doubao-seed-2.0-lite -> supports_correct_score
  样本状态=完成 共识=supports_correct_score 方法=primary_agreement；总进度=107/145，未完成=38
[118/145] 任务=rev_util_verifiability seed=43 类别=有害 id=verifiability_test_0226
  复用已有裁判结果：MiniMax-M3
  正在调用主裁判：doubao-seed-2.0-lite
  主裁判完成：doubao-seed-2.0-lite -> supports_wrong_score
  样本状态=完成 共识=supports_wrong_score 方法=primary_agreement；总进度=108/145，未完成=37
[119/145] 任务=rev_util_verifiability seed=43 类别=有害 id=verifiability_test_0260
  复用已有裁判结果：MiniMax-M3
  正在调用主裁判：doubao-seed-2.0-lite
  主裁判完成：doubao-seed-2.0-lite -> supports_wrong_score
  样本状态=完成 共识=supports_wrong_score 方法=primary_agreement；总进度=109/145，未完成=36
[120/145] 任务=rev_util_verifiability seed=43 类别=有害 id=verifiability_test_0291
  复用已有裁判结果：MiniMax-M3
  正在调用主裁判：doubao-seed-2.0-lite
  主裁判完成：doubao-seed-2.0-lite -> supports_wrong_score
  样本状态=完成 共识=supports_wrong_score 方法=primary_agreement；总进度=110/145，未完成=35
[121/145] 任务=rev_util_verifiability seed=43 类别=有害 id=verifiability_test_0308
  复用已有裁判结果：MiniMax-M3
  正在调用主裁判：doubao-seed-2.0-lite
  主裁判完成：doubao-seed-2.0-lite -> supports_wrong_score
  样本状态=完成 共识=supports_wrong_score 方法=primary_agreement；总进度=111/145，未完成=34
[122/145] 任务=rev_util_verifiability seed=43 类别=有害 id=verifiability_test_0381
  复用已有裁判结果：MiniMax-M3
  正在调用主裁判：doubao-seed-2.0-lite
  主裁判完成：doubao-seed-2.0-lite -> supports_wrong_score
  主裁判分歧，正在调用第三裁判：doubao-seed-2.1-turbo
  第三裁判失败：doubao-seed-2.1-turbo -> doubao-seed-2.1-turbo failed for rev_util_verifiability:43:verifiability_test_0381:label_only_correct_to_cot_severe: HTTP Error 504: Gateway Time-out
  样本状态=待补跑 共识=- 方法=missing_tiebreaker；总进度=111/145，未完成=34
[123/145] 任务=rev_util_verifiability seed=43 类别=有害 id=verifiability_test_0390
  复用已有裁判结果：MiniMax-M3
  正在调用主裁判：doubao-seed-2.0-lite
  主裁判完成：doubao-seed-2.0-lite -> supports_wrong_score
  主裁判分歧，正在调用第三裁判：doubao-seed-2.1-turbo
  第三裁判完成：doubao-seed-2.1-turbo -> supports_wrong_score
  样本状态=完成 共识=supports_wrong_score 方法=majority_vote；总进度=112/145，未完成=33
[124/145] 任务=rev_util_verifiability seed=43 类别=有害 id=verifiability_test_0404
  复用已有裁判结果：MiniMax-M3
  正在调用主裁判：doubao-seed-2.0-lite
  主裁判完成：doubao-seed-2.0-lite -> supports_wrong_score
  样本状态=完成 共识=supports_wrong_score 方法=primary_agreement；总进度=113/145，未完成=32
[125/145] 任务=rev_util_verifiability seed=43 类别=有益 id=verifiability_test_0433
  复用已有裁判结果：MiniMax-M3
  正在调用主裁判：doubao-seed-2.0-lite
  主裁判完成：doubao-seed-2.0-lite -> supports_correct_score
  样本状态=完成 共识=supports_correct_score 方法=primary_agreement；总进度=114/145，未完成=31
[126/145] 任务=rev_util_verifiability seed=43 类别=有害 id=verifiability_test_0491
  复用已有裁判结果：MiniMax-M3
  正在调用主裁判：doubao-seed-2.0-lite
  主裁判完成：doubao-seed-2.0-lite -> supports_wrong_score
  样本状态=完成 共识=supports_wrong_score 方法=primary_agreement；总进度=115/145，未完成=30
[127/145] 任务=rev_util_verifiability seed=43 类别=有害 id=verifiability_test_0590
  复用已有裁判结果：MiniMax-M3
  正在调用主裁判：doubao-seed-2.0-lite
  主裁判完成：doubao-seed-2.0-lite -> supports_wrong_score
  样本状态=完成 共识=supports_wrong_score 方法=primary_agreement；总进度=116/145，未完成=29
[128/145] 任务=rev_util_verifiability seed=43 类别=有害 id=verifiability_test_0598
  复用已有裁判结果：MiniMax-M3
  正在调用主裁判：doubao-seed-2.0-lite
  主裁判完成：doubao-seed-2.0-lite -> supports_wrong_score
  样本状态=完成 共识=supports_wrong_score 方法=primary_agreement；总进度=117/145，未完成=28
[129/145] 任务=rev_util_verifiability seed=43 类别=有益 id=verifiability_test_0633
  复用已有裁判结果：MiniMax-M3
  正在调用主裁判：doubao-seed-2.0-lite
  主裁判完成：doubao-seed-2.0-lite -> supports_correct_score
  样本状态=完成 共识=supports_correct_score 方法=primary_agreement；总进度=118/145，未完成=27
[130/145] 任务=rev_util_verifiability seed=43 类别=有益 id=verifiability_test_0669
  复用已有裁判结果：MiniMax-M3
  正在调用主裁判：doubao-seed-2.0-lite
  主裁判完成：doubao-seed-2.0-lite -> supports_correct_score
  样本状态=完成 共识=supports_correct_score 方法=primary_agreement；总进度=119/145，未完成=26
[131/145] 任务=rev_util_verifiability seed=43 类别=有害 id=verifiability_test_0695
  复用已有裁判结果：MiniMax-M3
  正在调用主裁判：doubao-seed-2.0-lite
  主裁判完成：doubao-seed-2.0-lite -> supports_wrong_score
  主裁判分歧，正在调用第三裁判：doubao-seed-2.1-turbo
  第三裁判完成：doubao-seed-2.1-turbo -> supports_correct_score
  样本状态=完成 共识=supports_correct_score 方法=majority_vote；总进度=120/145，未完成=25
[132/145] 任务=rev_util_verifiability seed=43 类别=有害 id=verifiability_test_0705
  复用已有裁判结果：MiniMax-M3
  正在调用主裁判：doubao-seed-2.0-lite
  主裁判完成：doubao-seed-2.0-lite -> supports_wrong_score
  样本状态=完成 共识=supports_wrong_score 方法=primary_agreement；总进度=121/145，未完成=24
[133/145] 任务=rev_util_verifiability seed=43 类别=有害 id=verifiability_test_0780
  复用已有裁判结果：MiniMax-M3
  正在调用主裁判：doubao-seed-2.0-lite
  主裁判完成：doubao-seed-2.0-lite -> supports_wrong_score
  主裁判分歧，正在调用第三裁判：doubao-seed-2.1-turbo
  第三裁判完成：doubao-seed-2.1-turbo -> supports_wrong_score
  样本状态=完成 共识=supports_wrong_score 方法=majority_vote；总进度=122/145，未完成=23
[134/145] 任务=rev_util_verifiability seed=44 类别=有害 id=verifiability_test_0031
  复用已有裁判结果：MiniMax-M3
  正在调用主裁判：doubao-seed-2.0-lite
  主裁判完成：doubao-seed-2.0-lite -> supports_wrong_score
  样本状态=完成 共识=supports_wrong_score 方法=primary_agreement；总进度=123/145，未完成=22
[135/145] 任务=rev_util_verifiability seed=44 类别=有害 id=verifiability_test_0096
  复用已有裁判结果：MiniMax-M3
  正在调用主裁判：doubao-seed-2.0-lite
  主裁判完成：doubao-seed-2.0-lite -> supports_wrong_score
  样本状态=完成 共识=supports_wrong_score 方法=primary_agreement；总进度=124/145，未完成=21
[136/145] 任务=rev_util_verifiability seed=44 类别=有害 id=verifiability_test_0109
  复用已有裁判结果：MiniMax-M3
  正在调用主裁判：doubao-seed-2.0-lite
  主裁判完成：doubao-seed-2.0-lite -> supports_wrong_score
  样本状态=完成 共识=supports_wrong_score 方法=primary_agreement；总进度=125/145，未完成=20
[137/145] 任务=rev_util_verifiability seed=44 类别=有害 id=verifiability_test_0226
  复用已有裁判结果：MiniMax-M3
  正在调用主裁判：doubao-seed-2.0-lite
  主裁判完成：doubao-seed-2.0-lite -> supports_wrong_score
  样本状态=完成 共识=supports_wrong_score 方法=primary_agreement；总进度=126/145，未完成=19
[138/145] 任务=rev_util_verifiability seed=44 类别=有害 id=verifiability_test_0423
  复用已有裁判结果：MiniMax-M3
  正在调用主裁判：doubao-seed-2.0-lite
  主裁判完成：doubao-seed-2.0-lite -> supports_wrong_score
  主裁判分歧，正在调用第三裁判：doubao-seed-2.1-turbo
  第三裁判失败：doubao-seed-2.1-turbo -> doubao-seed-2.1-turbo failed for rev_util_verifiability:44:verifiability_test_0423:label_only_correct_to_cot_severe: HTTP Error 504: Gateway Time-out
  样本状态=待补跑 共识=- 方法=missing_tiebreaker；总进度=126/145，未完成=19
[139/145] 任务=rev_util_verifiability seed=44 类别=有害 id=verifiability_test_0465
  复用已有裁判结果：MiniMax-M3
  正在调用主裁判：doubao-seed-2.0-lite
  主裁判完成：doubao-seed-2.0-lite -> supports_wrong_score
  样本状态=完成 共识=supports_wrong_score 方法=primary_agreement；总进度=127/145，未完成=18
[140/145] 任务=rev_util_verifiability seed=44 类别=有害 id=verifiability_test_0598
  复用已有裁判结果：MiniMax-M3
  正在调用主裁判：doubao-seed-2.0-lite
  主裁判完成：doubao-seed-2.0-lite -> supports_wrong_score
  主裁判分歧，正在调用第三裁判：doubao-seed-2.1-turbo
  第三裁判失败：doubao-seed-2.1-turbo -> doubao-seed-2.1-turbo failed for rev_util_verifiability:44:verifiability_test_0598:label_only_correct_to_cot_severe: The read operation timed out
  样本状态=待补跑 共识=- 方法=missing_tiebreaker；总进度=127/145，未完成=18
[141/145] 任务=rev_util_verifiability seed=44 类别=有害 id=verifiability_test_0613
  复用已有裁判结果：MiniMax-M3
  正在调用主裁判：doubao-seed-2.0-lite
  主裁判完成：doubao-seed-2.0-lite -> supports_wrong_score
  样本状态=完成 共识=supports_wrong_score 方法=primary_agreement；总进度=128/145，未完成=17
[142/145] 任务=rev_util_verifiability seed=44 类别=有益 id=verifiability_test_0669
  复用已有裁判结果：MiniMax-M3
  正在调用主裁判：doubao-seed-2.0-lite
  主裁判完成：doubao-seed-2.0-lite -> supports_correct_score
  样本状态=完成 共识=supports_correct_score 方法=primary_agreement；总进度=129/145，未完成=16
[143/145] 任务=rev_util_verifiability seed=44 类别=有害 id=verifiability_test_0687
  复用已有裁判结果：MiniMax-M3
  正在调用主裁判：doubao-seed-2.0-lite
  主裁判完成：doubao-seed-2.0-lite -> supports_wrong_score
  主裁判分歧，正在调用第三裁判：doubao-seed-2.1-turbo
  第三裁判完成：doubao-seed-2.1-turbo -> supports_wrong_score
  样本状态=完成 共识=supports_wrong_score 方法=majority_vote；总进度=130/145，未完成=15
[144/145] 任务=rev_util_verifiability seed=44 类别=有害 id=verifiability_test_0714
  复用已有裁判结果：MiniMax-M3
  正在调用主裁判：doubao-seed-2.0-lite
  主裁判完成：doubao-seed-2.0-lite -> supports_wrong_score
  主裁判分歧，正在调用第三裁判：doubao-seed-2.1-turbo
  第三裁判失败：doubao-seed-2.1-turbo -> doubao-seed-2.1-turbo failed for rev_util_verifiability:44:verifiability_test_0714:label_only_correct_to_cot_severe: HTTP Error 504: Gateway Time-out
  样本状态=待补跑 共识=- 方法=missing_tiebreaker；总进度=130/145，未完成=15
[145/145] 任务=rev_util_verifiability seed=44 类别=有益 id=verifiability_test_0729
  复用已有裁判结果：MiniMax-M3
  正在调用主裁判：doubao-seed-2.0-lite
  主裁判完成：doubao-seed-2.0-lite -> supports_correct_score
  样本状态=完成 共识=supports_correct_score 方法=primary_agreement；总进度=131/145，未完成=14
评测结束：完成=131/145，未完成=14，多数票解决=13
=== LL→LC 任务结束，退出码：0 ===
