复用已有 50 条样本，输出：/root/my-small-paper/outputs/analysis/interface_switch_rationale_audit/rev_util_actionability/cot_sft
默认未调用 API；检查 manifest.json、error_taxonomy.json 和 judge_prompts.jsonl 后，再加 --run-api。
开始评测：配对=cot_sft，样本=50，主裁判=['MiniMax-M3', 'doubao-seed-2.0-lite']，第三裁判=doubao-seed-2.1-turbo
[1/50] 任务=rev_util_actionability seed=43 类别=有害 id=actionability_test_0508
  复用已有裁判结果：MiniMax-M3
  复用已有裁判结果：doubao-seed-2.0-lite
  主裁判分歧，正在调用第三裁判：doubao-seed-2.1-turbo
  第三裁判完成：doubao-seed-2.1-turbo -> supports_wrong_score
  样本状态=完成 共识=supports_wrong_score 方法=majority_vote；总进度=48/50，未完成=2
[2/50] 任务=rev_util_actionability seed=44 类别=有害 id=actionability_test_0902
  复用已有裁判结果：MiniMax-M3
  复用已有裁判结果：doubao-seed-2.0-lite
  样本状态=完成 共识=supports_wrong_score 方法=primary_agreement；总进度=48/50，未完成=2
[3/50] 任务=rev_util_actionability seed=43 类别=有害 id=actionability_test_0219
  复用已有裁判结果：MiniMax-M3
  复用已有裁判结果：doubao-seed-2.0-lite
  样本状态=完成 共识=supports_wrong_score 方法=primary_agreement；总进度=48/50，未完成=2
[4/50] 任务=rev_util_actionability seed=43 类别=有益 id=actionability_test_0644
  复用已有裁判结果：MiniMax-M3
  复用已有裁判结果：doubao-seed-2.0-lite
  样本状态=完成 共识=supports_correct_score 方法=primary_agreement；总进度=48/50，未完成=2
[5/50] 任务=rev_util_actionability seed=44 类别=有害 id=actionability_test_0159
  复用已有裁判结果：MiniMax-M3
  复用已有裁判结果：doubao-seed-2.0-lite
  样本状态=完成 共识=supports_wrong_score 方法=primary_agreement；总进度=48/50，未完成=2
[6/50] 任务=rev_util_actionability seed=42 类别=有害 id=actionability_test_0473
  复用已有裁判结果：MiniMax-M3
  复用已有裁判结果：doubao-seed-2.0-lite
  样本状态=完成 共识=supports_wrong_score 方法=primary_agreement；总进度=48/50，未完成=2
[7/50] 任务=rev_util_actionability seed=44 类别=有益 id=actionability_test_0095
  复用已有裁判结果：MiniMax-M3
  复用已有裁判结果：doubao-seed-2.0-lite
  样本状态=完成 共识=supports_correct_score 方法=primary_agreement；总进度=48/50，未完成=2
[8/50] 任务=rev_util_actionability seed=44 类别=有益 id=actionability_test_0067
  复用已有裁判结果：MiniMax-M3
  复用已有裁判结果：doubao-seed-2.0-lite
  样本状态=完成 共识=supports_correct_score 方法=primary_agreement；总进度=48/50，未完成=2
[9/50] 任务=rev_util_actionability seed=43 类别=有益 id=actionability_test_0779
  复用已有裁判结果：MiniMax-M3
  复用已有裁判结果：doubao-seed-2.0-lite
  样本状态=完成 共识=supports_correct_score 方法=primary_agreement；总进度=48/50，未完成=2
[10/50] 任务=rev_util_actionability seed=44 类别=有害 id=actionability_test_0002
  复用已有裁判结果：MiniMax-M3
  复用已有裁判结果：doubao-seed-2.0-lite
  样本状态=完成 共识=supports_wrong_score 方法=primary_agreement；总进度=48/50，未完成=2
[11/50] 任务=rev_util_actionability seed=44 类别=有益 id=actionability_test_0592
  复用已有裁判结果：MiniMax-M3
  复用已有裁判结果：doubao-seed-2.0-lite
  样本状态=完成 共识=supports_correct_score 方法=primary_agreement；总进度=48/50，未完成=2
[12/50] 任务=rev_util_actionability seed=43 类别=有害 id=actionability_test_0473
  复用已有裁判结果：MiniMax-M3
  复用已有裁判结果：doubao-seed-2.0-lite
  样本状态=完成 共识=supports_wrong_score 方法=primary_agreement；总进度=48/50，未完成=2
[13/50] 任务=rev_util_actionability seed=42 类别=有益 id=actionability_test_0821
  复用已有裁判结果：MiniMax-M3
  复用已有裁判结果：doubao-seed-2.0-lite
  样本状态=完成 共识=supports_correct_score 方法=primary_agreement；总进度=48/50，未完成=2
[14/50] 任务=rev_util_actionability seed=42 类别=有害 id=actionability_test_0839
  复用已有裁判结果：MiniMax-M3
  复用已有裁判结果：doubao-seed-2.0-lite
  主裁判分歧，正在调用第三裁判：doubao-seed-2.1-turbo
  第三裁判完成：doubao-seed-2.1-turbo -> supports_wrong_score
  样本状态=完成 共识=supports_wrong_score 方法=majority_vote；总进度=49/50，未完成=1
[15/50] 任务=rev_util_actionability seed=44 类别=有害 id=actionability_test_0102
  复用已有裁判结果：MiniMax-M3
  复用已有裁判结果：doubao-seed-2.0-lite
  复用已有第三裁判：doubao-seed-2.1-turbo
  样本状态=完成 共识=supports_wrong_score 方法=majority_vote；总进度=49/50，未完成=1
[16/50] 任务=rev_util_actionability seed=44 类别=有益 id=actionability_test_0457
  复用已有裁判结果：MiniMax-M3
  复用已有裁判结果：doubao-seed-2.0-lite
  样本状态=完成 共识=supports_correct_score 方法=primary_agreement；总进度=49/50，未完成=1
[17/50] 任务=rev_util_actionability seed=43 类别=有益 id=actionability_test_0889
  复用已有裁判结果：MiniMax-M3
  复用已有裁判结果：doubao-seed-2.0-lite
  样本状态=完成 共识=supports_correct_score 方法=primary_agreement；总进度=49/50，未完成=1
[18/50] 任务=rev_util_actionability seed=43 类别=有害 id=actionability_test_0157
  复用已有裁判结果：MiniMax-M3
  复用已有裁判结果：doubao-seed-2.0-lite
  样本状态=完成 共识=supports_wrong_score 方法=primary_agreement；总进度=49/50，未完成=1
[19/50] 任务=rev_util_actionability seed=42 类别=有害 id=actionability_test_0963
  复用已有裁判结果：MiniMax-M3
  复用已有裁判结果：doubao-seed-2.0-lite
  样本状态=完成 共识=supports_wrong_score 方法=primary_agreement；总进度=49/50，未完成=1
[20/50] 任务=rev_util_actionability seed=42 类别=有害 id=actionability_test_0453
  复用已有裁判结果：MiniMax-M3
  复用已有裁判结果：doubao-seed-2.0-lite
  样本状态=完成 共识=supports_wrong_score 方法=primary_agreement；总进度=49/50，未完成=1
[21/50] 任务=rev_util_actionability seed=43 类别=有害 id=actionability_test_0519
  复用已有裁判结果：MiniMax-M3
  复用已有裁判结果：doubao-seed-2.0-lite
  样本状态=完成 共识=supports_wrong_score 方法=primary_agreement；总进度=49/50，未完成=1
[22/50] 任务=rev_util_actionability seed=42 类别=有害 id=actionability_test_0486
  复用已有裁判结果：MiniMax-M3
  复用已有裁判结果：doubao-seed-2.0-lite
  样本状态=完成 共识=supports_wrong_score 方法=primary_agreement；总进度=49/50，未完成=1
[23/50] 任务=rev_util_actionability seed=43 类别=有害 id=actionability_test_0428
  复用已有裁判结果：MiniMax-M3
  复用已有裁判结果：doubao-seed-2.0-lite
  样本状态=完成 共识=supports_wrong_score 方法=primary_agreement；总进度=49/50，未完成=1
[24/50] 任务=rev_util_actionability seed=42 类别=有害 id=actionability_test_0686
  复用已有裁判结果：MiniMax-M3
  复用已有裁判结果：doubao-seed-2.0-lite
  主裁判分歧，正在调用第三裁判：doubao-seed-2.1-turbo
  第三裁判失败：doubao-seed-2.1-turbo -> doubao-seed-2.1-turbo failed for rev_util_actionability:42:actionability_test_0686:label_only_correct_to_cot_severe: The read operation timed out
  样本状态=待补跑 共识=- 方法=missing_tiebreaker；总进度=49/50，未完成=1
[25/50] 任务=rev_util_actionability seed=44 类别=有益 id=actionability_test_0495
  复用已有裁判结果：MiniMax-M3
  复用已有裁判结果：doubao-seed-2.0-lite
  样本状态=完成 共识=supports_correct_score 方法=primary_agreement；总进度=49/50，未完成=1
[26/50] 任务=rev_util_actionability seed=44 类别=有益 id=actionability_test_0933
  复用已有裁判结果：MiniMax-M3
  复用已有裁判结果：doubao-seed-2.0-lite
  样本状态=完成 共识=supports_correct_score 方法=primary_agreement；总进度=49/50，未完成=1
[27/50] 任务=rev_util_actionability seed=42 类别=有益 id=actionability_test_0062
  复用已有裁判结果：MiniMax-M3
  复用已有裁判结果：doubao-seed-2.0-lite
  样本状态=完成 共识=supports_correct_score 方法=primary_agreement；总进度=49/50，未完成=1
[28/50] 任务=rev_util_actionability seed=44 类别=有益 id=actionability_test_0852
  复用已有裁判结果：MiniMax-M3
  复用已有裁判结果：doubao-seed-2.0-lite
  样本状态=完成 共识=supports_correct_score 方法=primary_agreement；总进度=49/50，未完成=1
[29/50] 任务=rev_util_actionability seed=43 类别=有害 id=actionability_test_0295
  复用已有裁判结果：MiniMax-M3
  复用已有裁判结果：doubao-seed-2.0-lite
  复用已有第三裁判：doubao-seed-2.1-turbo
  样本状态=完成 共识=supports_wrong_score 方法=majority_vote；总进度=49/50，未完成=1
[30/50] 任务=rev_util_actionability seed=42 类别=有益 id=actionability_test_0902
  复用已有裁判结果：MiniMax-M3
  复用已有裁判结果：doubao-seed-2.0-lite
  样本状态=完成 共识=supports_correct_score 方法=primary_agreement；总进度=49/50，未完成=1
[31/50] 任务=rev_util_actionability seed=44 类别=有益 id=actionability_test_0644
  复用已有裁判结果：MiniMax-M3
  复用已有裁判结果：doubao-seed-2.0-lite
  样本状态=完成 共识=supports_correct_score 方法=primary_agreement；总进度=49/50，未完成=1
[32/50] 任务=rev_util_actionability seed=44 类别=有益 id=actionability_test_0734
  复用已有裁判结果：MiniMax-M3
  复用已有裁判结果：doubao-seed-2.0-lite
  样本状态=完成 共识=supports_correct_score 方法=primary_agreement；总进度=49/50，未完成=1
[33/50] 任务=rev_util_actionability seed=43 类别=有益 id=actionability_test_0717
  复用已有裁判结果：MiniMax-M3
  复用已有裁判结果：doubao-seed-2.0-lite
  样本状态=完成 共识=supports_correct_score 方法=primary_agreement；总进度=49/50，未完成=1
[34/50] 任务=rev_util_actionability seed=44 类别=有益 id=actionability_test_0950
  复用已有裁判结果：MiniMax-M3
  复用已有裁判结果：doubao-seed-2.0-lite
  样本状态=完成 共识=supports_correct_score 方法=primary_agreement；总进度=49/50，未完成=1
[35/50] 任务=rev_util_actionability seed=44 类别=有益 id=actionability_test_0843
  复用已有裁判结果：MiniMax-M3
  复用已有裁判结果：doubao-seed-2.0-lite
  样本状态=完成 共识=supports_correct_score 方法=primary_agreement；总进度=49/50，未完成=1
[36/50] 任务=rev_util_actionability seed=42 类别=有害 id=actionability_test_0061
  复用已有裁判结果：MiniMax-M3
  复用已有裁判结果：doubao-seed-2.0-lite
  样本状态=完成 共识=supports_wrong_score 方法=primary_agreement；总进度=49/50，未完成=1
[37/50] 任务=rev_util_actionability seed=42 类别=有害 id=actionability_test_0790
  复用已有裁判结果：MiniMax-M3
  复用已有裁判结果：doubao-seed-2.0-lite
  样本状态=完成 共识=supports_wrong_score 方法=primary_agreement；总进度=49/50，未完成=1
[38/50] 任务=rev_util_actionability seed=42 类别=有益 id=actionability_test_0371
  复用已有裁判结果：MiniMax-M3
  复用已有裁判结果：doubao-seed-2.0-lite
  样本状态=完成 共识=supports_correct_score 方法=primary_agreement；总进度=49/50，未完成=1
[39/50] 任务=rev_util_actionability seed=42 类别=有益 id=actionability_test_0095
  复用已有裁判结果：MiniMax-M3
  复用已有裁判结果：doubao-seed-2.0-lite
  样本状态=完成 共识=supports_correct_score 方法=primary_agreement；总进度=49/50，未完成=1
[40/50] 任务=rev_util_actionability seed=42 类别=有害 id=actionability_test_0344
  复用已有裁判结果：MiniMax-M3
  复用已有裁判结果：doubao-seed-2.0-lite
  样本状态=完成 共识=supports_wrong_score 方法=primary_agreement；总进度=49/50，未完成=1
[41/50] 任务=rev_util_actionability seed=42 类别=有害 id=actionability_test_0275
  复用已有裁判结果：MiniMax-M3
  复用已有裁判结果：doubao-seed-2.0-lite
  样本状态=完成 共识=supports_wrong_score 方法=primary_agreement；总进度=49/50，未完成=1
[42/50] 任务=rev_util_actionability seed=42 类别=有益 id=actionability_test_0826
  复用已有裁判结果：MiniMax-M3
  复用已有裁判结果：doubao-seed-2.0-lite
  样本状态=完成 共识=supports_correct_score 方法=primary_agreement；总进度=49/50，未完成=1
[43/50] 任务=rev_util_actionability seed=44 类别=有益 id=actionability_test_0821
  复用已有裁判结果：MiniMax-M3
  复用已有裁判结果：doubao-seed-2.0-lite
  样本状态=完成 共识=supports_correct_score 方法=primary_agreement；总进度=49/50，未完成=1
[44/50] 任务=rev_util_actionability seed=44 类别=有害 id=actionability_test_0321
  复用已有裁判结果：MiniMax-M3
  复用已有裁判结果：doubao-seed-2.0-lite
  样本状态=完成 共识=supports_wrong_score 方法=primary_agreement；总进度=49/50，未完成=1
[45/50] 任务=rev_util_actionability seed=43 类别=有益 id=actionability_test_0224
  复用已有裁判结果：MiniMax-M3
  复用已有裁判结果：doubao-seed-2.0-lite
  样本状态=完成 共识=supports_correct_score 方法=primary_agreement；总进度=49/50，未完成=1
[46/50] 任务=rev_util_actionability seed=44 类别=有益 id=actionability_test_0371
  复用已有裁判结果：MiniMax-M3
  复用已有裁判结果：doubao-seed-2.0-lite
  样本状态=完成 共识=supports_correct_score 方法=primary_agreement；总进度=49/50，未完成=1
[47/50] 任务=rev_util_actionability seed=42 类别=有益 id=actionability_test_0770
  复用已有裁判结果：MiniMax-M3
  复用已有裁判结果：doubao-seed-2.0-lite
  样本状态=完成 共识=supports_correct_score 方法=primary_agreement；总进度=49/50，未完成=1
[48/50] 任务=rev_util_actionability seed=42 类别=有害 id=actionability_test_0763
  复用已有裁判结果：MiniMax-M3
  复用已有裁判结果：doubao-seed-2.0-lite
  复用已有第三裁判：doubao-seed-2.1-turbo
  样本状态=完成 共识=supports_wrong_score 方法=majority_vote；总进度=49/50，未完成=1
[49/50] 任务=rev_util_actionability seed=44 类别=有害 id=actionability_test_0532
  复用已有裁判结果：MiniMax-M3
  复用已有裁判结果：doubao-seed-2.0-lite
  复用已有第三裁判：doubao-seed-2.1-turbo
  样本状态=完成 共识=supports_wrong_score 方法=majority_vote；总进度=49/50，未完成=1
[50/50] 任务=rev_util_actionability seed=42 类别=有害 id=actionability_test_0379
  复用已有裁判结果：MiniMax-M3
  复用已有裁判结果：doubao-seed-2.0-lite
  样本状态=完成 共识=supports_wrong_score 方法=primary_agreement；总进度=49/50，未完成=1
评测结束：完成=49/50，未完成=1，多数票解决=6
复用已有 50 条样本，输出：/root/my-small-paper/outputs/analysis/interface_switch_rationale_audit/rev_util_grounding_specificity/cot_sft
默认未调用 API；检查 manifest.json、error_taxonomy.json 和 judge_prompts.jsonl 后，再加 --run-api。
开始评测：配对=cot_sft，样本=50，主裁判=['MiniMax-M3', 'doubao-seed-2.0-lite']，第三裁判=doubao-seed-2.1-turbo
[1/50] 任务=rev_util_grounding_specificity seed=42 类别=有益 id=grounding_specificity_test_0469
  复用已有裁判结果：MiniMax-M3
  复用已有裁判结果：doubao-seed-2.0-lite
  样本状态=完成 共识=supports_correct_score 方法=primary_agreement；总进度=50/50，未完成=0
[2/50] 任务=rev_util_grounding_specificity seed=43 类别=有益 id=grounding_specificity_test_0952
  复用已有裁判结果：MiniMax-M3
  复用已有裁判结果：doubao-seed-2.0-lite
  样本状态=完成 共识=supports_correct_score 方法=primary_agreement；总进度=50/50，未完成=0
[3/50] 任务=rev_util_grounding_specificity seed=43 类别=有害 id=grounding_specificity_test_0260
  复用已有裁判结果：MiniMax-M3
  复用已有裁判结果：doubao-seed-2.0-lite
  样本状态=完成 共识=supports_wrong_score 方法=primary_agreement；总进度=50/50，未完成=0
[4/50] 任务=rev_util_grounding_specificity seed=42 类别=有益 id=grounding_specificity_test_0361
  复用已有裁判结果：MiniMax-M3
  复用已有裁判结果：doubao-seed-2.0-lite
  样本状态=完成 共识=supports_correct_score 方法=primary_agreement；总进度=50/50，未完成=0
[5/50] 任务=rev_util_grounding_specificity seed=44 类别=有害 id=grounding_specificity_test_0245
  复用已有裁判结果：MiniMax-M3
  复用已有裁判结果：doubao-seed-2.0-lite
  样本状态=完成 共识=supports_wrong_score 方法=primary_agreement；总进度=50/50，未完成=0
[6/50] 任务=rev_util_grounding_specificity seed=44 类别=有害 id=grounding_specificity_test_0056
  复用已有裁判结果：MiniMax-M3
  复用已有裁判结果：doubao-seed-2.0-lite
  样本状态=完成 共识=supports_wrong_score 方法=primary_agreement；总进度=50/50，未完成=0
[7/50] 任务=rev_util_grounding_specificity seed=43 类别=有益 id=grounding_specificity_test_0700
  复用已有裁判结果：MiniMax-M3
  复用已有裁判结果：doubao-seed-2.0-lite
  样本状态=完成 共识=supports_correct_score 方法=primary_agreement；总进度=50/50，未完成=0
[8/50] 任务=rev_util_grounding_specificity seed=44 类别=有害 id=grounding_specificity_test_0867
  复用已有裁判结果：MiniMax-M3
  复用已有裁判结果：doubao-seed-2.0-lite
  样本状态=完成 共识=supports_wrong_score 方法=primary_agreement；总进度=50/50，未完成=0
[9/50] 任务=rev_util_grounding_specificity seed=44 类别=有害 id=grounding_specificity_test_0160
  复用已有裁判结果：MiniMax-M3
  复用已有裁判结果：doubao-seed-2.0-lite
  样本状态=完成 共识=supports_wrong_score 方法=primary_agreement；总进度=50/50，未完成=0
[10/50] 任务=rev_util_grounding_specificity seed=42 类别=有益 id=grounding_specificity_test_0375
  复用已有裁判结果：MiniMax-M3
  复用已有裁判结果：doubao-seed-2.0-lite
  样本状态=完成 共识=supports_correct_score 方法=primary_agreement；总进度=50/50，未完成=0
[11/50] 任务=rev_util_grounding_specificity seed=43 类别=有益 id=grounding_specificity_test_0093
  复用已有裁判结果：MiniMax-M3
  复用已有裁判结果：doubao-seed-2.0-lite
  样本状态=完成 共识=supports_correct_score 方法=primary_agreement；总进度=50/50，未完成=0
[12/50] 任务=rev_util_grounding_specificity seed=42 类别=有益 id=grounding_specificity_test_0335
  复用已有裁判结果：MiniMax-M3
  复用已有裁判结果：doubao-seed-2.0-lite
  样本状态=完成 共识=supports_correct_score 方法=primary_agreement；总进度=50/50，未完成=0
[13/50] 任务=rev_util_grounding_specificity seed=44 类别=有害 id=grounding_specificity_test_0468
  复用已有裁判结果：MiniMax-M3
  复用已有裁判结果：doubao-seed-2.0-lite
  样本状态=完成 共识=supports_wrong_score 方法=primary_agreement；总进度=50/50，未完成=0
[14/50] 任务=rev_util_grounding_specificity seed=43 类别=有益 id=grounding_specificity_test_0200
  复用已有裁判结果：MiniMax-M3
  复用已有裁判结果：doubao-seed-2.0-lite
  样本状态=完成 共识=supports_correct_score 方法=primary_agreement；总进度=50/50，未完成=0
[15/50] 任务=rev_util_grounding_specificity seed=42 类别=有益 id=grounding_specificity_test_0237
  复用已有裁判结果：MiniMax-M3
  复用已有裁判结果：doubao-seed-2.0-lite
  样本状态=完成 共识=supports_correct_score 方法=primary_agreement；总进度=50/50，未完成=0
[16/50] 任务=rev_util_grounding_specificity seed=42 类别=有害 id=grounding_specificity_test_0877
  复用已有裁判结果：MiniMax-M3
  复用已有裁判结果：doubao-seed-2.0-lite
  样本状态=完成 共识=supports_wrong_score 方法=primary_agreement；总进度=50/50，未完成=0
[17/50] 任务=rev_util_grounding_specificity seed=43 类别=有害 id=grounding_specificity_test_0445
  复用已有裁判结果：MiniMax-M3
  复用已有裁判结果：doubao-seed-2.0-lite
  样本状态=完成 共识=supports_wrong_score 方法=primary_agreement；总进度=50/50，未完成=0
[18/50] 任务=rev_util_grounding_specificity seed=43 类别=有益 id=grounding_specificity_test_0639
  复用已有裁判结果：MiniMax-M3
  复用已有裁判结果：doubao-seed-2.0-lite
  样本状态=完成 共识=supports_correct_score 方法=primary_agreement；总进度=50/50，未完成=0
[19/50] 任务=rev_util_grounding_specificity seed=43 类别=有益 id=grounding_specificity_test_0551
  复用已有裁判结果：MiniMax-M3
  复用已有裁判结果：doubao-seed-2.0-lite
  样本状态=完成 共识=supports_correct_score 方法=primary_agreement；总进度=50/50，未完成=0
[20/50] 任务=rev_util_grounding_specificity seed=44 类别=有害 id=grounding_specificity_test_0903
  复用已有裁判结果：MiniMax-M3
  复用已有裁判结果：doubao-seed-2.0-lite
  复用已有第三裁判：doubao-seed-2.1-turbo
  样本状态=完成 共识=supports_wrong_score 方法=majority_vote；总进度=50/50，未完成=0
[21/50] 任务=rev_util_grounding_specificity seed=44 类别=有害 id=grounding_specificity_test_0015
  复用已有裁判结果：MiniMax-M3
  复用已有裁判结果：doubao-seed-2.0-lite
  样本状态=完成 共识=supports_wrong_score 方法=primary_agreement；总进度=50/50，未完成=0
[22/50] 任务=rev_util_grounding_specificity seed=43 类别=有害 id=grounding_specificity_test_0458
  复用已有裁判结果：MiniMax-M3
  复用已有裁判结果：doubao-seed-2.0-lite
  样本状态=完成 共识=supports_wrong_score 方法=primary_agreement；总进度=50/50，未完成=0
[23/50] 任务=rev_util_grounding_specificity seed=44 类别=有益 id=grounding_specificity_test_0187
  复用已有裁判结果：MiniMax-M3
  复用已有裁判结果：doubao-seed-2.0-lite
  样本状态=完成 共识=supports_correct_score 方法=primary_agreement；总进度=50/50，未完成=0
[24/50] 任务=rev_util_grounding_specificity seed=43 类别=有害 id=grounding_specificity_test_0221
  复用已有裁判结果：MiniMax-M3
  复用已有裁判结果：doubao-seed-2.0-lite
  样本状态=完成 共识=supports_wrong_score 方法=primary_agreement；总进度=50/50，未完成=0
[25/50] 任务=rev_util_grounding_specificity seed=42 类别=有益 id=grounding_specificity_test_0833
  复用已有裁判结果：MiniMax-M3
  复用已有裁判结果：doubao-seed-2.0-lite
  样本状态=完成 共识=supports_correct_score 方法=primary_agreement；总进度=50/50，未完成=0
[26/50] 任务=rev_util_grounding_specificity seed=44 类别=有益 id=grounding_specificity_test_0361
  复用已有裁判结果：MiniMax-M3
  复用已有裁判结果：doubao-seed-2.0-lite
  样本状态=完成 共识=supports_correct_score 方法=primary_agreement；总进度=50/50，未完成=0
[27/50] 任务=rev_util_grounding_specificity seed=43 类别=有害 id=grounding_specificity_test_0078
  复用已有裁判结果：MiniMax-M3
  复用已有裁判结果：doubao-seed-2.0-lite
  样本状态=完成 共识=supports_wrong_score 方法=primary_agreement；总进度=50/50，未完成=0
[28/50] 任务=rev_util_grounding_specificity seed=44 类别=有害 id=grounding_specificity_test_0121
  复用已有裁判结果：MiniMax-M3
  复用已有裁判结果：doubao-seed-2.0-lite
  复用已有第三裁判：doubao-seed-2.1-turbo
  样本状态=完成 共识=supports_wrong_score 方法=majority_vote；总进度=50/50，未完成=0
[29/50] 任务=rev_util_grounding_specificity seed=44 类别=有益 id=grounding_specificity_test_0031
  复用已有裁判结果：MiniMax-M3
  复用已有裁判结果：doubao-seed-2.0-lite
  样本状态=完成 共识=supports_correct_score 方法=primary_agreement；总进度=50/50，未完成=0
[30/50] 任务=rev_util_grounding_specificity seed=42 类别=有益 id=grounding_specificity_test_0640
  复用已有裁判结果：MiniMax-M3
  复用已有裁判结果：doubao-seed-2.0-lite
  样本状态=完成 共识=supports_correct_score 方法=primary_agreement；总进度=50/50，未完成=0
[31/50] 任务=rev_util_grounding_specificity seed=42 类别=有益 id=grounding_specificity_test_0924
  复用已有裁判结果：MiniMax-M3
  复用已有裁判结果：doubao-seed-2.0-lite
  样本状态=完成 共识=supports_correct_score 方法=primary_agreement；总进度=50/50，未完成=0
[32/50] 任务=rev_util_grounding_specificity seed=42 类别=有益 id=grounding_specificity_test_0072
  复用已有裁判结果：MiniMax-M3
  复用已有裁判结果：doubao-seed-2.0-lite
  样本状态=完成 共识=supports_correct_score 方法=primary_agreement；总进度=50/50，未完成=0
[33/50] 任务=rev_util_grounding_specificity seed=43 类别=有益 id=grounding_specificity_test_0382
  复用已有裁判结果：MiniMax-M3
  复用已有裁判结果：doubao-seed-2.0-lite
  样本状态=完成 共识=supports_correct_score 方法=primary_agreement；总进度=50/50，未完成=0
[34/50] 任务=rev_util_grounding_specificity seed=43 类别=有害 id=grounding_specificity_test_0624
  复用已有裁判结果：MiniMax-M3
  复用已有裁判结果：doubao-seed-2.0-lite
  复用已有第三裁判：doubao-seed-2.1-turbo
  样本状态=完成 共识=supports_wrong_score 方法=majority_vote；总进度=50/50，未完成=0
[35/50] 任务=rev_util_grounding_specificity seed=44 类别=有益 id=grounding_specificity_test_0568
  复用已有裁判结果：MiniMax-M3
  复用已有裁判结果：doubao-seed-2.0-lite
  样本状态=完成 共识=supports_correct_score 方法=primary_agreement；总进度=50/50，未完成=0
[36/50] 任务=rev_util_grounding_specificity seed=42 类别=有害 id=grounding_specificity_test_0463
  复用已有裁判结果：MiniMax-M3
  复用已有裁判结果：doubao-seed-2.0-lite
  样本状态=完成 共识=supports_wrong_score 方法=primary_agreement；总进度=50/50，未完成=0
[37/50] 任务=rev_util_grounding_specificity seed=44 类别=有益 id=grounding_specificity_test_0993
  复用已有裁判结果：MiniMax-M3
  复用已有裁判结果：doubao-seed-2.0-lite
  样本状态=完成 共识=supports_correct_score 方法=primary_agreement；总进度=50/50，未完成=0
[38/50] 任务=rev_util_grounding_specificity seed=43 类别=有害 id=grounding_specificity_test_0815
  复用已有裁判结果：MiniMax-M3
  复用已有裁判结果：doubao-seed-2.0-lite
  复用已有第三裁判：doubao-seed-2.1-turbo
  样本状态=完成 共识=supports_wrong_score 方法=majority_vote；总进度=50/50，未完成=0
[39/50] 任务=rev_util_grounding_specificity seed=43 类别=有害 id=grounding_specificity_test_0780
  复用已有裁判结果：MiniMax-M3
  复用已有裁判结果：doubao-seed-2.0-lite
  复用已有第三裁判：doubao-seed-2.1-turbo
  样本状态=完成 共识=supports_wrong_score 方法=majority_vote；总进度=50/50，未完成=0
[40/50] 任务=rev_util_grounding_specificity seed=42 类别=有害 id=grounding_specificity_test_0867
  复用已有裁判结果：MiniMax-M3
  复用已有裁判结果：doubao-seed-2.0-lite
  样本状态=完成 共识=supports_wrong_score 方法=primary_agreement；总进度=50/50，未完成=0
[41/50] 任务=rev_util_grounding_specificity seed=42 类别=有益 id=grounding_specificity_test_0675
  复用已有裁判结果：MiniMax-M3
  复用已有裁判结果：doubao-seed-2.0-lite
  样本状态=完成 共识=supports_correct_score 方法=primary_agreement；总进度=50/50，未完成=0
[42/50] 任务=rev_util_grounding_specificity seed=44 类别=有益 id=grounding_specificity_test_0647
  复用已有裁判结果：MiniMax-M3
  复用已有裁判结果：doubao-seed-2.0-lite
  样本状态=完成 共识=supports_correct_score 方法=primary_agreement；总进度=50/50，未完成=0
[43/50] 任务=rev_util_grounding_specificity seed=43 类别=有益 id=grounding_specificity_test_0640
  复用已有裁判结果：MiniMax-M3
  复用已有裁判结果：doubao-seed-2.0-lite
  样本状态=完成 共识=supports_correct_score 方法=primary_agreement；总进度=50/50，未完成=0
[44/50] 任务=rev_util_grounding_specificity seed=44 类别=有害 id=grounding_specificity_test_0855
  复用已有裁判结果：MiniMax-M3
  复用已有裁判结果：doubao-seed-2.0-lite
  样本状态=完成 共识=supports_wrong_score 方法=primary_agreement；总进度=50/50，未完成=0
[45/50] 任务=rev_util_grounding_specificity seed=42 类别=有害 id=grounding_specificity_test_0903
  复用已有裁判结果：MiniMax-M3
  复用已有裁判结果：doubao-seed-2.0-lite
  复用已有第三裁判：doubao-seed-2.1-turbo
  样本状态=完成 共识=supports_wrong_score 方法=majority_vote；总进度=50/50，未完成=0
[46/50] 任务=rev_util_grounding_specificity seed=44 类别=有害 id=grounding_specificity_test_0485
  复用已有裁判结果：MiniMax-M3
  复用已有裁判结果：doubao-seed-2.0-lite
  样本状态=完成 共识=supports_wrong_score 方法=primary_agreement；总进度=50/50，未完成=0
[47/50] 任务=rev_util_grounding_specificity seed=43 类别=有害 id=grounding_specificity_test_0181
  复用已有裁判结果：MiniMax-M3
  复用已有裁判结果：doubao-seed-2.0-lite
  样本状态=完成 共识=supports_wrong_score 方法=primary_agreement；总进度=50/50，未完成=0
[48/50] 任务=rev_util_grounding_specificity seed=43 类别=有益 id=grounding_specificity_test_0380
  复用已有裁判结果：MiniMax-M3
  复用已有裁判结果：doubao-seed-2.0-lite
  样本状态=完成 共识=supports_correct_score 方法=primary_agreement；总进度=50/50，未完成=0
[49/50] 任务=rev_util_grounding_specificity seed=43 类别=有害 id=grounding_specificity_test_0285
  复用已有裁判结果：MiniMax-M3
  复用已有裁判结果：doubao-seed-2.0-lite
  样本状态=完成 共识=supports_wrong_score 方法=primary_agreement；总进度=50/50，未完成=0
[50/50] 任务=rev_util_grounding_specificity seed=43 类别=有害 id=grounding_specificity_test_0104
  复用已有裁判结果：MiniMax-M3
  复用已有裁判结果：doubao-seed-2.0-lite
  样本状态=完成 共识=supports_wrong_score 方法=primary_agreement；总进度=50/50，未完成=0
评测结束：完成=50/50，未完成=0，多数票解决=6
复用已有 8 条样本，输出：/root/my-small-paper/outputs/analysis/interface_switch_rationale_audit/rev_util_helpfulness/cot_sft
默认未调用 API；检查 manifest.json、error_taxonomy.json 和 judge_prompts.jsonl 后，再加 --run-api。
开始评测：配对=cot_sft，样本=8，主裁判=['MiniMax-M3', 'doubao-seed-2.0-lite']，第三裁判=doubao-seed-2.1-turbo
[1/8] 任务=rev_util_helpfulness seed=42 类别=有害 id=helpfulness_test_0492
  复用已有裁判结果：MiniMax-M3
  复用已有裁判结果：doubao-seed-2.0-lite
  样本状态=完成 共识=supports_wrong_score 方法=primary_agreement；总进度=8/8，未完成=0
[2/8] 任务=rev_util_helpfulness seed=42 类别=有益 id=helpfulness_test_0750
  复用已有裁判结果：MiniMax-M3
  复用已有裁判结果：doubao-seed-2.0-lite
  样本状态=完成 共识=supports_correct_score 方法=primary_agreement；总进度=8/8，未完成=0
[3/8] 任务=rev_util_helpfulness seed=42 类别=有害 id=helpfulness_test_0753
  复用已有裁判结果：MiniMax-M3
  复用已有裁判结果：doubao-seed-2.0-lite
  样本状态=完成 共识=supports_wrong_score 方法=primary_agreement；总进度=8/8，未完成=0
[4/8] 任务=rev_util_helpfulness seed=43 类别=有益 id=helpfulness_test_0457
  复用已有裁判结果：MiniMax-M3
  复用已有裁判结果：doubao-seed-2.0-lite
  样本状态=完成 共识=supports_correct_score 方法=primary_agreement；总进度=8/8，未完成=0
[5/8] 任务=rev_util_helpfulness seed=43 类别=有益 id=helpfulness_test_0568
  复用已有裁判结果：MiniMax-M3
  复用已有裁判结果：doubao-seed-2.0-lite
  样本状态=完成 共识=supports_correct_score 方法=primary_agreement；总进度=8/8，未完成=0
[6/8] 任务=rev_util_helpfulness seed=43 类别=有益 id=helpfulness_test_0750
  复用已有裁判结果：MiniMax-M3
  复用已有裁判结果：doubao-seed-2.0-lite
  样本状态=完成 共识=supports_correct_score 方法=primary_agreement；总进度=8/8，未完成=0
[7/8] 任务=rev_util_helpfulness seed=44 类别=有害 id=helpfulness_test_0492
  复用已有裁判结果：MiniMax-M3
  复用已有裁判结果：doubao-seed-2.0-lite
  样本状态=完成 共识=supports_wrong_score 方法=primary_agreement；总进度=8/8，未完成=0
[8/8] 任务=rev_util_helpfulness seed=44 类别=有害 id=helpfulness_test_0753
  复用已有裁判结果：MiniMax-M3
  复用已有裁判结果：doubao-seed-2.0-lite
  样本状态=完成 共识=supports_wrong_score 方法=primary_agreement；总进度=8/8，未完成=0
评测结束：完成=8/8，未完成=0，多数票解决=0
复用已有 43 条样本，输出：/root/my-small-paper/outputs/analysis/interface_switch_rationale_audit/rev_util_verifiability/cot_sft
默认未调用 API；检查 manifest.json、error_taxonomy.json 和 judge_prompts.jsonl 后，再加 --run-api。
开始评测：配对=cot_sft，样本=43，主裁判=['MiniMax-M3', 'doubao-seed-2.0-lite']，第三裁判=doubao-seed-2.1-turbo
[1/43] 任务=rev_util_verifiability seed=42 类别=有害 id=verifiability_test_0111
  复用已有裁判结果：MiniMax-M3
  复用已有裁判结果：doubao-seed-2.0-lite
  样本状态=完成 共识=supports_wrong_score 方法=primary_agreement；总进度=42/43，未完成=1
[2/43] 任务=rev_util_verifiability seed=42 类别=有害 id=verifiability_test_0206
  复用已有裁判结果：MiniMax-M3
  复用已有裁判结果：doubao-seed-2.0-lite
  样本状态=完成 共识=supports_wrong_score 方法=primary_agreement；总进度=42/43，未完成=1
[3/43] 任务=rev_util_verifiability seed=42 类别=有害 id=verifiability_test_0233
  复用已有裁判结果：MiniMax-M3
  复用已有裁判结果：doubao-seed-2.0-lite
  样本状态=完成 共识=supports_wrong_score 方法=primary_agreement；总进度=42/43，未完成=1
[4/43] 任务=rev_util_verifiability seed=42 类别=有害 id=verifiability_test_0323
  复用已有裁判结果：MiniMax-M3
  复用已有裁判结果：doubao-seed-2.0-lite
  样本状态=完成 共识=supports_wrong_score 方法=primary_agreement；总进度=42/43，未完成=1
[5/43] 任务=rev_util_verifiability seed=42 类别=有害 id=verifiability_test_0392
  复用已有裁判结果：MiniMax-M3
  复用已有裁判结果：doubao-seed-2.0-lite
  样本状态=完成 共识=supports_wrong_score 方法=primary_agreement；总进度=42/43，未完成=1
[6/43] 任务=rev_util_verifiability seed=42 类别=有益 id=verifiability_test_0400
  复用已有裁判结果：MiniMax-M3
  复用已有裁判结果：doubao-seed-2.0-lite
  样本状态=完成 共识=supports_correct_score 方法=primary_agreement；总进度=42/43，未完成=1
[7/43] 任务=rev_util_verifiability seed=42 类别=有害 id=verifiability_test_0451
  复用已有裁判结果：MiniMax-M3
  复用已有裁判结果：doubao-seed-2.0-lite
  样本状态=完成 共识=supports_wrong_score 方法=primary_agreement；总进度=42/43，未完成=1
[8/43] 任务=rev_util_verifiability seed=42 类别=有害 id=verifiability_test_0489
  复用已有裁判结果：MiniMax-M3
  复用已有裁判结果：doubao-seed-2.0-lite
  样本状态=完成 共识=supports_wrong_score 方法=primary_agreement；总进度=42/43，未完成=1
[9/43] 任务=rev_util_verifiability seed=42 类别=有害 id=verifiability_test_0491
  复用已有裁判结果：MiniMax-M3
  复用已有裁判结果：doubao-seed-2.0-lite
  样本状态=完成 共识=supports_wrong_score 方法=primary_agreement；总进度=42/43，未完成=1
[10/43] 任务=rev_util_verifiability seed=42 类别=有害 id=verifiability_test_0524
  复用已有裁判结果：MiniMax-M3
  复用已有裁判结果：doubao-seed-2.0-lite
  样本状态=完成 共识=supports_wrong_score 方法=primary_agreement；总进度=42/43，未完成=1
[11/43] 任务=rev_util_verifiability seed=42 类别=有害 id=verifiability_test_0584
  复用已有裁判结果：MiniMax-M3
  复用已有裁判结果：doubao-seed-2.0-lite
  样本状态=完成 共识=supports_wrong_score 方法=primary_agreement；总进度=42/43，未完成=1
[12/43] 任务=rev_util_verifiability seed=42 类别=有害 id=verifiability_test_0596
  复用已有裁判结果：MiniMax-M3
  复用已有裁判结果：doubao-seed-2.0-lite
  样本状态=完成 共识=supports_wrong_score 方法=primary_agreement；总进度=42/43，未完成=1
[13/43] 任务=rev_util_verifiability seed=42 类别=有害 id=verifiability_test_0640
  复用已有裁判结果：MiniMax-M3
  复用已有裁判结果：doubao-seed-2.0-lite
  样本状态=完成 共识=supports_wrong_score 方法=primary_agreement；总进度=42/43，未完成=1
[14/43] 任务=rev_util_verifiability seed=42 类别=有益 id=verifiability_test_0704
  复用已有裁判结果：MiniMax-M3
  复用已有裁判结果：doubao-seed-2.0-lite
  样本状态=完成 共识=supports_correct_score 方法=primary_agreement；总进度=42/43，未完成=1
[15/43] 任务=rev_util_verifiability seed=42 类别=有害 id=verifiability_test_0705
  复用已有裁判结果：MiniMax-M3
  复用已有裁判结果：doubao-seed-2.0-lite
  样本状态=完成 共识=supports_wrong_score 方法=primary_agreement；总进度=42/43，未完成=1
[16/43] 任务=rev_util_verifiability seed=42 类别=有害 id=verifiability_test_0713
  复用已有裁判结果：MiniMax-M3
  复用已有裁判结果：doubao-seed-2.0-lite
  样本状态=完成 共识=supports_wrong_score 方法=primary_agreement；总进度=42/43，未完成=1
[17/43] 任务=rev_util_verifiability seed=42 类别=有害 id=verifiability_test_0722
  复用已有裁判结果：MiniMax-M3
  复用已有裁判结果：doubao-seed-2.0-lite
  样本状态=完成 共识=supports_wrong_score 方法=primary_agreement；总进度=42/43，未完成=1
[18/43] 任务=rev_util_verifiability seed=43 类别=有害 id=verifiability_test_0011
  复用已有裁判结果：MiniMax-M3
  复用已有裁判结果：doubao-seed-2.0-lite
  样本状态=完成 共识=supports_wrong_score 方法=primary_agreement；总进度=42/43，未完成=1
[19/43] 任务=rev_util_verifiability seed=43 类别=有害 id=verifiability_test_0206
  复用已有裁判结果：MiniMax-M3
  复用已有裁判结果：doubao-seed-2.0-lite
  样本状态=完成 共识=supports_wrong_score 方法=primary_agreement；总进度=42/43，未完成=1
[20/43] 任务=rev_util_verifiability seed=43 类别=有害 id=verifiability_test_0257
  复用已有裁判结果：MiniMax-M3
  复用已有裁判结果：doubao-seed-2.0-lite
  样本状态=完成 共识=supports_wrong_score 方法=primary_agreement；总进度=42/43，未完成=1
[21/43] 任务=rev_util_verifiability seed=43 类别=有害 id=verifiability_test_0262
  复用已有裁判结果：MiniMax-M3
  复用已有裁判结果：doubao-seed-2.0-lite
  样本状态=完成 共识=supports_wrong_score 方法=primary_agreement；总进度=42/43，未完成=1
[22/43] 任务=rev_util_verifiability seed=43 类别=有益 id=verifiability_test_0289
  复用已有裁判结果：MiniMax-M3
  复用已有裁判结果：doubao-seed-2.0-lite
  样本状态=完成 共识=supports_correct_score 方法=primary_agreement；总进度=42/43，未完成=1
[23/43] 任务=rev_util_verifiability seed=43 类别=有害 id=verifiability_test_0367
  复用已有裁判结果：MiniMax-M3
  复用已有裁判结果：doubao-seed-2.0-lite
  样本状态=完成 共识=supports_wrong_score 方法=primary_agreement；总进度=42/43，未完成=1
[24/43] 任务=rev_util_verifiability seed=43 类别=有害 id=verifiability_test_0489
  复用已有裁判结果：MiniMax-M3
  复用已有裁判结果：doubao-seed-2.0-lite
  样本状态=完成 共识=supports_wrong_score 方法=primary_agreement；总进度=42/43，未完成=1
[25/43] 任务=rev_util_verifiability seed=43 类别=有害 id=verifiability_test_0510
  复用已有裁判结果：MiniMax-M3
  复用已有裁判结果：doubao-seed-2.0-lite
  样本状态=完成 共识=supports_wrong_score 方法=primary_agreement；总进度=42/43，未完成=1
[26/43] 任务=rev_util_verifiability seed=43 类别=有害 id=verifiability_test_0584
  复用已有裁判结果：MiniMax-M3
  复用已有裁判结果：doubao-seed-2.0-lite
  样本状态=完成 共识=supports_wrong_score 方法=primary_agreement；总进度=42/43，未完成=1
[27/43] 任务=rev_util_verifiability seed=43 类别=有害 id=verifiability_test_0705
  复用已有裁判结果：MiniMax-M3
  复用已有裁判结果：doubao-seed-2.0-lite
  样本状态=完成 共识=supports_wrong_score 方法=primary_agreement；总进度=42/43，未完成=1
[28/43] 任务=rev_util_verifiability seed=44 类别=有害 id=verifiability_test_0206
  复用已有裁判结果：MiniMax-M3
  复用已有裁判结果：doubao-seed-2.0-lite
  样本状态=完成 共识=supports_wrong_score 方法=primary_agreement；总进度=42/43，未完成=1
[29/43] 任务=rev_util_verifiability seed=44 类别=有害 id=verifiability_test_0251
  复用已有裁判结果：MiniMax-M3
  复用已有裁判结果：doubao-seed-2.0-lite
  样本状态=完成 共识=supports_wrong_score 方法=primary_agreement；总进度=42/43，未完成=1
[30/43] 任务=rev_util_verifiability seed=44 类别=有害 id=verifiability_test_0257
  复用已有裁判结果：MiniMax-M3
  复用已有裁判结果：doubao-seed-2.0-lite
  样本状态=完成 共识=supports_wrong_score 方法=primary_agreement；总进度=42/43，未完成=1
[31/43] 任务=rev_util_verifiability seed=44 类别=有益 id=verifiability_test_0289
  复用已有裁判结果：MiniMax-M3
  复用已有裁判结果：doubao-seed-2.0-lite
  样本状态=完成 共识=supports_correct_score 方法=primary_agreement；总进度=42/43，未完成=1
[32/43] 任务=rev_util_verifiability seed=44 类别=有益 id=verifiability_test_0299
  复用已有裁判结果：MiniMax-M3
  复用已有裁判结果：doubao-seed-2.0-lite
  样本状态=完成 共识=supports_correct_score 方法=primary_agreement；总进度=42/43，未完成=1
[33/43] 任务=rev_util_verifiability seed=44 类别=有害 id=verifiability_test_0323
  复用已有裁判结果：MiniMax-M3
  复用已有裁判结果：doubao-seed-2.0-lite
  样本状态=完成 共识=supports_wrong_score 方法=primary_agreement；总进度=42/43，未完成=1
[34/43] 任务=rev_util_verifiability seed=44 类别=有害 id=verifiability_test_0407
  复用已有裁判结果：MiniMax-M3
  复用已有裁判结果：doubao-seed-2.0-lite
  样本状态=完成 共识=supports_wrong_score 方法=primary_agreement；总进度=42/43，未完成=1
[35/43] 任务=rev_util_verifiability seed=44 类别=有害 id=verifiability_test_0413
  复用已有裁判结果：MiniMax-M3
  复用已有裁判结果：doubao-seed-2.0-lite
  样本状态=完成 共识=supports_wrong_score 方法=primary_agreement；总进度=42/43，未完成=1
[36/43] 任务=rev_util_verifiability seed=44 类别=有害 id=verifiability_test_0450
  复用已有裁判结果：MiniMax-M3
  复用已有裁判结果：doubao-seed-2.0-lite
  样本状态=完成 共识=supports_wrong_score 方法=primary_agreement；总进度=42/43，未完成=1
[37/43] 任务=rev_util_verifiability seed=44 类别=有害 id=verifiability_test_0489
  复用已有裁判结果：MiniMax-M3
  复用已有裁判结果：doubao-seed-2.0-lite
  样本状态=完成 共识=supports_wrong_score 方法=primary_agreement；总进度=42/43，未完成=1
[38/43] 任务=rev_util_verifiability seed=44 类别=有益 id=verifiability_test_0497
  复用已有裁判结果：MiniMax-M3
  复用已有裁判结果：doubao-seed-2.0-lite
  样本状态=完成 共识=supports_correct_score 方法=primary_agreement；总进度=42/43，未完成=1
[39/43] 任务=rev_util_verifiability seed=44 类别=有害 id=verifiability_test_0510
  复用已有裁判结果：MiniMax-M3
  复用已有裁判结果：doubao-seed-2.0-lite
  样本状态=完成 共识=supports_wrong_score 方法=primary_agreement；总进度=42/43，未完成=1
[40/43] 任务=rev_util_verifiability seed=44 类别=有益 id=verifiability_test_0693
  复用已有裁判结果：MiniMax-M3
  复用已有裁判结果：doubao-seed-2.0-lite
  样本状态=完成 共识=supports_correct_score 方法=primary_agreement；总进度=42/43，未完成=1
[41/43] 任务=rev_util_verifiability seed=44 类别=有害 id=verifiability_test_0698
  复用已有裁判结果：MiniMax-M3
  复用已有裁判结果：doubao-seed-2.0-lite
  样本状态=完成 共识=supports_wrong_score 方法=primary_agreement；总进度=42/43，未完成=1
[42/43] 任务=rev_util_verifiability seed=44 类别=有害 id=verifiability_test_0705
  复用已有裁判结果：MiniMax-M3
  复用已有裁判结果：doubao-seed-2.0-lite
  主裁判分歧，正在调用第三裁判：doubao-seed-2.1-turbo
  第三裁判完成：doubao-seed-2.1-turbo -> supports_wrong_score
  样本状态=完成 共识=supports_wrong_score 方法=majority_vote；总进度=43/43，未完成=0
[43/43] 任务=rev_util_verifiability seed=44 类别=有害 id=verifiability_test_0722
  复用已有裁判结果：MiniMax-M3
  复用已有裁判结果：doubao-seed-2.0-lite
  样本状态=完成 共识=supports_wrong_score 方法=primary_agreement；总进度=43/43，未完成=0
评测结束：完成=43/43，未完成=0，多数票解决=1
