复用已有 50 条样本，输出：/root/my-small-paper/outputs/analysis/interface_switch_rationale_audit/rev_util_actionability/label_only_sft
默认未调用 API；检查 manifest.json、error_taxonomy.json 和 judge_prompts.jsonl 后，再加 --run-api。
开始评测：配对=label_only_sft，样本=50，主裁判=['MiniMax-M3', 'doubao-seed-2.0-lite']，第三裁判=doubao-seed-2.1-turbo
[1/50] 任务=rev_util_actionability seed=42 类别=有害 id=actionability_test_0963
  复用已有裁判结果：MiniMax-M3
  复用已有裁判结果：doubao-seed-2.0-lite
  样本状态=完成 共识=supports_wrong_score 方法=primary_agreement；总进度=48/50，未完成=2
[2/50] 任务=rev_util_actionability seed=43 类别=有害 id=actionability_test_0003
  复用已有裁判结果：MiniMax-M3
  复用已有裁判结果：doubao-seed-2.0-lite
  样本状态=完成 共识=supports_wrong_score 方法=primary_agreement；总进度=48/50，未完成=2
[3/50] 任务=rev_util_actionability seed=43 类别=有害 id=actionability_test_0435
  复用已有裁判结果：MiniMax-M3
  复用已有裁判结果：doubao-seed-2.0-lite
  样本状态=完成 共识=supports_wrong_score 方法=primary_agreement；总进度=48/50，未完成=2
[4/50] 任务=rev_util_actionability seed=42 类别=有益 id=actionability_test_0257
  复用已有裁判结果：MiniMax-M3
  复用已有裁判结果：doubao-seed-2.0-lite
  样本状态=完成 共识=supports_correct_score 方法=primary_agreement；总进度=48/50，未完成=2
[5/50] 任务=rev_util_actionability seed=42 类别=有害 id=actionability_test_0171
  复用已有裁判结果：MiniMax-M3
  复用已有裁判结果：doubao-seed-2.0-lite
  样本状态=完成 共识=supports_wrong_score 方法=primary_agreement；总进度=48/50，未完成=2
[6/50] 任务=rev_util_actionability seed=42 类别=有害 id=actionability_test_0586
  复用已有裁判结果：MiniMax-M3
  复用已有裁判结果：doubao-seed-2.0-lite
  样本状态=完成 共识=supports_wrong_score 方法=primary_agreement；总进度=48/50，未完成=2
[7/50] 任务=rev_util_actionability seed=42 类别=有益 id=actionability_test_0220
  复用已有裁判结果：MiniMax-M3
  复用已有裁判结果：doubao-seed-2.0-lite
  样本状态=完成 共识=supports_correct_score 方法=primary_agreement；总进度=48/50，未完成=2
[8/50] 任务=rev_util_actionability seed=44 类别=有益 id=actionability_test_0763
  复用已有裁判结果：MiniMax-M3
  复用已有裁判结果：doubao-seed-2.0-lite
  样本状态=完成 共识=supports_correct_score 方法=primary_agreement；总进度=48/50，未完成=2
[9/50] 任务=rev_util_actionability seed=44 类别=有益 id=actionability_test_0196
  复用已有裁判结果：MiniMax-M3
  复用已有裁判结果：doubao-seed-2.0-lite
  样本状态=完成 共识=supports_correct_score 方法=primary_agreement；总进度=48/50，未完成=2
[10/50] 任务=rev_util_actionability seed=44 类别=有害 id=actionability_test_0281
  复用已有裁判结果：MiniMax-M3
  复用已有裁判结果：doubao-seed-2.0-lite
  样本状态=完成 共识=supports_wrong_score 方法=primary_agreement；总进度=48/50，未完成=2
[11/50] 任务=rev_util_actionability seed=44 类别=有益 id=actionability_test_0508
  复用已有裁判结果：MiniMax-M3
  复用已有裁判结果：doubao-seed-2.0-lite
  样本状态=完成 共识=supports_correct_score 方法=primary_agreement；总进度=48/50，未完成=2
[12/50] 任务=rev_util_actionability seed=42 类别=有害 id=actionability_test_0003
  复用已有裁判结果：MiniMax-M3
  复用已有裁判结果：doubao-seed-2.0-lite
  样本状态=完成 共识=supports_wrong_score 方法=primary_agreement；总进度=48/50，未完成=2
[13/50] 任务=rev_util_actionability seed=42 类别=有益 id=actionability_test_0889
  复用已有裁判结果：MiniMax-M3
  复用已有裁判结果：doubao-seed-2.0-lite
  样本状态=完成 共识=supports_correct_score 方法=primary_agreement；总进度=48/50，未完成=2
[14/50] 任务=rev_util_actionability seed=42 类别=有害 id=actionability_test_0197
  复用已有裁判结果：MiniMax-M3
  复用已有裁判结果：doubao-seed-2.0-lite
  样本状态=完成 共识=supports_wrong_score 方法=primary_agreement；总进度=48/50，未完成=2
[15/50] 任务=rev_util_actionability seed=42 类别=有害 id=actionability_test_0644
  复用已有裁判结果：MiniMax-M3
  复用已有裁判结果：doubao-seed-2.0-lite
  样本状态=完成 共识=supports_wrong_score 方法=primary_agreement；总进度=48/50，未完成=2
[16/50] 任务=rev_util_actionability seed=42 类别=有益 id=actionability_test_0107
  复用已有裁判结果：MiniMax-M3
  复用已有裁判结果：doubao-seed-2.0-lite
  样本状态=完成 共识=supports_correct_score 方法=primary_agreement；总进度=48/50，未完成=2
[17/50] 任务=rev_util_actionability seed=43 类别=有害 id=actionability_test_0101
  复用已有裁判结果：MiniMax-M3
  复用已有裁判结果：doubao-seed-2.0-lite
  样本状态=完成 共识=supports_wrong_score 方法=primary_agreement；总进度=48/50，未完成=2
[18/50] 任务=rev_util_actionability seed=42 类别=有害 id=actionability_test_0964
  复用已有裁判结果：MiniMax-M3
  复用已有裁判结果：doubao-seed-2.0-lite
  样本状态=完成 共识=supports_wrong_score 方法=primary_agreement；总进度=48/50，未完成=2
[19/50] 任务=rev_util_actionability seed=42 类别=有害 id=actionability_test_0902
  复用已有裁判结果：MiniMax-M3
  复用已有裁判结果：doubao-seed-2.0-lite
  样本状态=完成 共识=supports_wrong_score 方法=primary_agreement；总进度=48/50，未完成=2
[20/50] 任务=rev_util_actionability seed=43 类别=有害 id=actionability_test_0853
  复用已有裁判结果：MiniMax-M3
  复用已有裁判结果：doubao-seed-2.0-lite
  样本状态=完成 共识=supports_wrong_score 方法=primary_agreement；总进度=48/50，未完成=2
[21/50] 任务=rev_util_actionability seed=43 类别=有害 id=actionability_test_0840
  复用已有裁判结果：MiniMax-M3
  复用已有裁判结果：doubao-seed-2.0-lite
  样本状态=完成 共识=supports_wrong_score 方法=primary_agreement；总进度=48/50，未完成=2
[22/50] 任务=rev_util_actionability seed=44 类别=有害 id=actionability_test_0091
  复用已有裁判结果：MiniMax-M3
  复用已有裁判结果：doubao-seed-2.0-lite
  样本状态=完成 共识=supports_wrong_score 方法=primary_agreement；总进度=48/50，未完成=2
[23/50] 任务=rev_util_actionability seed=42 类别=有害 id=actionability_test_0704
  复用已有裁判结果：MiniMax-M3
  复用已有裁判结果：doubao-seed-2.0-lite
  样本状态=完成 共识=supports_wrong_score 方法=primary_agreement；总进度=48/50，未完成=2
[24/50] 任务=rev_util_actionability seed=42 类别=有害 id=actionability_test_0261
  复用已有裁判结果：MiniMax-M3
  复用已有裁判结果：doubao-seed-2.0-lite
  样本状态=完成 共识=supports_wrong_score 方法=primary_agreement；总进度=48/50，未完成=2
[25/50] 任务=rev_util_actionability seed=43 类别=有益 id=actionability_test_0319
  复用已有裁判结果：MiniMax-M3
  复用已有裁判结果：doubao-seed-2.0-lite
  主裁判分歧，正在调用第三裁判：doubao-seed-2.1-turbo
  第三裁判失败：doubao-seed-2.1-turbo -> doubao-seed-2.1-turbo failed for rev_util_actionability:43:actionability_test_0319:label_only_severe_to_cot_correct: The read operation timed out
  样本状态=待补跑 共识=- 方法=missing_tiebreaker；总进度=48/50，未完成=2
[26/50] 任务=rev_util_actionability seed=42 类别=有益 id=actionability_test_0734
  复用已有裁判结果：MiniMax-M3
  复用已有裁判结果：doubao-seed-2.0-lite
  样本状态=完成 共识=supports_correct_score 方法=primary_agreement；总进度=48/50，未完成=2
[27/50] 任务=rev_util_actionability seed=44 类别=有益 id=actionability_test_0228
  复用已有裁判结果：MiniMax-M3
  复用已有裁判结果：doubao-seed-2.0-lite
  样本状态=完成 共识=supports_correct_score 方法=primary_agreement；总进度=48/50，未完成=2
[28/50] 任务=rev_util_actionability seed=44 类别=有益 id=actionability_test_0319
  复用已有裁判结果：MiniMax-M3
  复用已有裁判结果：doubao-seed-2.0-lite
  样本状态=完成 共识=supports_correct_score 方法=primary_agreement；总进度=48/50，未完成=2
[29/50] 任务=rev_util_actionability seed=44 类别=有害 id=actionability_test_0441
  复用已有裁判结果：MiniMax-M3
  复用已有裁判结果：doubao-seed-2.0-lite
  样本状态=完成 共识=supports_wrong_score 方法=primary_agreement；总进度=48/50，未完成=2
[30/50] 任务=rev_util_actionability seed=44 类别=有益 id=actionability_test_0220
  复用已有裁判结果：MiniMax-M3
  复用已有裁判结果：doubao-seed-2.0-lite
  样本状态=完成 共识=supports_correct_score 方法=primary_agreement；总进度=48/50，未完成=2
[31/50] 任务=rev_util_actionability seed=42 类别=有益 id=actionability_test_0379
  复用已有裁判结果：MiniMax-M3
  复用已有裁判结果：doubao-seed-2.0-lite
  样本状态=完成 共识=supports_correct_score 方法=primary_agreement；总进度=48/50，未完成=2
[32/50] 任务=rev_util_actionability seed=43 类别=有益 id=actionability_test_0501
  复用已有裁判结果：MiniMax-M3
  复用已有裁判结果：doubao-seed-2.0-lite
  样本状态=完成 共识=supports_correct_score 方法=primary_agreement；总进度=48/50，未完成=2
[33/50] 任务=rev_util_actionability seed=43 类别=有益 id=actionability_test_0836
  复用已有裁判结果：MiniMax-M3
  复用已有裁判结果：doubao-seed-2.0-lite
  样本状态=完成 共识=supports_correct_score 方法=primary_agreement；总进度=48/50，未完成=2
[34/50] 任务=rev_util_actionability seed=44 类别=有益 id=actionability_test_0257
  复用已有裁判结果：MiniMax-M3
  复用已有裁判结果：doubao-seed-2.0-lite
  样本状态=完成 共识=supports_correct_score 方法=primary_agreement；总进度=48/50，未完成=2
[35/50] 任务=rev_util_actionability seed=44 类别=有益 id=actionability_test_0826
  复用已有裁判结果：MiniMax-M3
  复用已有裁判结果：doubao-seed-2.0-lite
  样本状态=完成 共识=supports_correct_score 方法=primary_agreement；总进度=48/50，未完成=2
[36/50] 任务=rev_util_actionability seed=44 类别=有害 id=actionability_test_0304
  复用已有裁判结果：MiniMax-M3
  复用已有裁判结果：doubao-seed-2.0-lite
  样本状态=完成 共识=supports_wrong_score 方法=primary_agreement；总进度=48/50，未完成=2
[37/50] 任务=rev_util_actionability seed=44 类别=有害 id=actionability_test_0224
  复用已有裁判结果：MiniMax-M3
  复用已有裁判结果：doubao-seed-2.0-lite
  样本状态=完成 共识=supports_wrong_score 方法=primary_agreement；总进度=48/50，未完成=2
[38/50] 任务=rev_util_actionability seed=43 类别=有益 id=actionability_test_0707
  复用已有裁判结果：MiniMax-M3
  复用已有裁判结果：doubao-seed-2.0-lite
  样本状态=完成 共识=supports_correct_score 方法=primary_agreement；总进度=48/50，未完成=2
[39/50] 任务=rev_util_actionability seed=44 类别=有益 id=actionability_test_0823
  复用已有裁判结果：MiniMax-M3
  复用已有裁判结果：doubao-seed-2.0-lite
  样本状态=完成 共识=supports_correct_score 方法=primary_agreement；总进度=48/50，未完成=2
[40/50] 任务=rev_util_actionability seed=43 类别=有益 id=actionability_test_0543
  复用已有裁判结果：MiniMax-M3
  复用已有裁判结果：doubao-seed-2.0-lite
  样本状态=完成 共识=supports_correct_score 方法=primary_agreement；总进度=48/50，未完成=2
[41/50] 任务=rev_util_actionability seed=42 类别=有害 id=actionability_test_0362
  复用已有裁判结果：MiniMax-M3
  复用已有裁判结果：doubao-seed-2.0-lite
  样本状态=完成 共识=supports_wrong_score 方法=primary_agreement；总进度=48/50，未完成=2
[42/50] 任务=rev_util_actionability seed=42 类别=有害 id=actionability_test_0826
  复用已有裁判结果：MiniMax-M3
  复用已有裁判结果：doubao-seed-2.0-lite
  样本状态=完成 共识=supports_wrong_score 方法=primary_agreement；总进度=48/50，未完成=2
[43/50] 任务=rev_util_actionability seed=42 类别=有益 id=actionability_test_0763
  复用已有裁判结果：MiniMax-M3
  复用已有裁判结果：doubao-seed-2.0-lite
  样本状态=完成 共识=supports_correct_score 方法=primary_agreement；总进度=48/50，未完成=2
[44/50] 任务=rev_util_actionability seed=42 类别=有益 id=actionability_test_0381
  复用已有裁判结果：MiniMax-M3
  复用已有裁判结果：doubao-seed-2.0-lite
  样本状态=完成 共识=supports_correct_score 方法=primary_agreement；总进度=48/50，未完成=2
[45/50] 任务=rev_util_actionability seed=43 类别=有害 id=actionability_test_0288
  复用已有裁判结果：MiniMax-M3
  复用已有裁判结果：doubao-seed-2.0-lite
  样本状态=完成 共识=supports_wrong_score 方法=primary_agreement；总进度=48/50，未完成=2
[46/50] 任务=rev_util_actionability seed=43 类别=有益 id=actionability_test_0580
  复用已有裁判结果：MiniMax-M3
  复用已有裁判结果：doubao-seed-2.0-lite
  主裁判分歧，正在调用第三裁判：doubao-seed-2.1-turbo
  第三裁判失败：doubao-seed-2.1-turbo -> doubao-seed-2.1-turbo failed for rev_util_actionability:43:actionability_test_0580:label_only_severe_to_cot_correct: The read operation timed out
  样本状态=待补跑 共识=- 方法=missing_tiebreaker；总进度=48/50，未完成=2
[47/50] 任务=rev_util_actionability seed=42 类别=有益 id=actionability_test_0228
  复用已有裁判结果：MiniMax-M3
  复用已有裁判结果：doubao-seed-2.0-lite
  样本状态=完成 共识=supports_correct_score 方法=primary_agreement；总进度=48/50，未完成=2
[48/50] 任务=rev_util_actionability seed=44 类别=有益 id=actionability_test_0552
  复用已有裁判结果：MiniMax-M3
  复用已有裁判结果：doubao-seed-2.0-lite
  样本状态=完成 共识=supports_correct_score 方法=primary_agreement；总进度=48/50，未完成=2
[49/50] 任务=rev_util_actionability seed=44 类别=有害 id=actionability_test_0944
  复用已有裁判结果：MiniMax-M3
  复用已有裁判结果：doubao-seed-2.0-lite
  复用已有第三裁判：doubao-seed-2.1-turbo
  样本状态=完成 共识=supports_wrong_score 方法=majority_vote；总进度=48/50，未完成=2
[50/50] 任务=rev_util_actionability seed=42 类别=有害 id=actionability_test_0441
  复用已有裁判结果：MiniMax-M3
  复用已有裁判结果：doubao-seed-2.0-lite
  样本状态=完成 共识=supports_wrong_score 方法=primary_agreement；总进度=48/50，未完成=2
评测结束：完成=48/50，未完成=2，多数票解决=1
复用已有 50 条样本，输出：/root/my-small-paper/outputs/analysis/interface_switch_rationale_audit/rev_util_grounding_specificity/label_only_sft
默认未调用 API；检查 manifest.json、error_taxonomy.json 和 judge_prompts.jsonl 后，再加 --run-api。
开始评测：配对=label_only_sft，样本=50，主裁判=['MiniMax-M3', 'doubao-seed-2.0-lite']，第三裁判=doubao-seed-2.1-turbo
[1/50] 任务=rev_util_grounding_specificity seed=42 类别=有益 id=grounding_specificity_test_0109
  复用已有裁判结果：MiniMax-M3
  复用已有裁判结果：doubao-seed-2.0-lite
  样本状态=完成 共识=supports_correct_score 方法=primary_agreement；总进度=43/50，未完成=7
[2/50] 任务=rev_util_grounding_specificity seed=42 类别=有益 id=grounding_specificity_test_0381
  复用已有裁判结果：MiniMax-M3
  复用已有裁判结果：doubao-seed-2.0-lite
  样本状态=完成 共识=supports_correct_score 方法=primary_agreement；总进度=43/50，未完成=7
[3/50] 任务=rev_util_grounding_specificity seed=44 类别=有益 id=grounding_specificity_test_0433
  复用已有裁判结果：MiniMax-M3
  复用已有裁判结果：doubao-seed-2.0-lite
  样本状态=完成 共识=supports_correct_score 方法=primary_agreement；总进度=43/50，未完成=7
[4/50] 任务=rev_util_grounding_specificity seed=43 类别=有害 id=grounding_specificity_test_0758
  复用已有裁判结果：MiniMax-M3
  复用已有裁判结果：doubao-seed-2.0-lite
  主裁判分歧，正在调用第三裁判：doubao-seed-2.1-turbo
  第三裁判失败：doubao-seed-2.1-turbo -> doubao-seed-2.1-turbo failed for rev_util_grounding_specificity:43:grounding_specificity_test_0758:label_only_correct_to_cot_severe: HTTP Error 504: Gateway Time-out
  样本状态=待补跑 共识=- 方法=missing_tiebreaker；总进度=43/50，未完成=7
[5/50] 任务=rev_util_grounding_specificity seed=42 类别=有益 id=grounding_specificity_test_0016
  复用已有裁判结果：MiniMax-M3
  复用已有裁判结果：doubao-seed-2.0-lite
  样本状态=完成 共识=supports_correct_score 方法=primary_agreement；总进度=43/50，未完成=7
[6/50] 任务=rev_util_grounding_specificity seed=42 类别=有益 id=grounding_specificity_test_0469
  复用已有裁判结果：MiniMax-M3
  复用已有裁判结果：doubao-seed-2.0-lite
  样本状态=完成 共识=supports_correct_score 方法=primary_agreement；总进度=43/50，未完成=7
[7/50] 任务=rev_util_grounding_specificity seed=44 类别=有益 id=grounding_specificity_test_0990
  复用已有裁判结果：MiniMax-M3
  复用已有裁判结果：doubao-seed-2.0-lite
  样本状态=完成 共识=supports_correct_score 方法=primary_agreement；总进度=43/50，未完成=7
[8/50] 任务=rev_util_grounding_specificity seed=43 类别=有益 id=grounding_specificity_test_0424
  复用已有裁判结果：MiniMax-M3
  复用已有裁判结果：doubao-seed-2.0-lite
  样本状态=完成 共识=supports_correct_score 方法=primary_agreement；总进度=43/50，未完成=7
[9/50] 任务=rev_util_grounding_specificity seed=43 类别=有害 id=grounding_specificity_test_0165
  复用已有裁判结果：MiniMax-M3
  复用已有裁判结果：doubao-seed-2.0-lite
  样本状态=完成 共识=supports_wrong_score 方法=primary_agreement；总进度=43/50，未完成=7
[10/50] 任务=rev_util_grounding_specificity seed=42 类别=有害 id=grounding_specificity_test_0758
  复用已有裁判结果：MiniMax-M3
  复用已有裁判结果：doubao-seed-2.0-lite
  主裁判分歧，正在调用第三裁判：doubao-seed-2.1-turbo
  第三裁判失败：doubao-seed-2.1-turbo -> doubao-seed-2.1-turbo failed for rev_util_grounding_specificity:42:grounding_specificity_test_0758:label_only_correct_to_cot_severe: The read operation timed out
  样本状态=待补跑 共识=- 方法=missing_tiebreaker；总进度=43/50，未完成=7
[11/50] 任务=rev_util_grounding_specificity seed=43 类别=有害 id=grounding_specificity_test_0101
  复用已有裁判结果：MiniMax-M3
  复用已有裁判结果：doubao-seed-2.0-lite
  样本状态=完成 共识=supports_wrong_score 方法=primary_agreement；总进度=43/50，未完成=7
[12/50] 任务=rev_util_grounding_specificity seed=43 类别=有害 id=grounding_specificity_test_0162
  复用已有裁判结果：MiniMax-M3
  复用已有裁判结果：doubao-seed-2.0-lite
  样本状态=完成 共识=supports_wrong_score 方法=primary_agreement；总进度=43/50，未完成=7
[13/50] 任务=rev_util_grounding_specificity seed=42 类别=有益 id=grounding_specificity_test_0943
  复用已有裁判结果：MiniMax-M3
  复用已有裁判结果：doubao-seed-2.0-lite
  样本状态=完成 共识=supports_correct_score 方法=primary_agreement；总进度=43/50，未完成=7
[14/50] 任务=rev_util_grounding_specificity seed=43 类别=有害 id=grounding_specificity_test_0772
  复用已有裁判结果：MiniMax-M3
  复用已有裁判结果：doubao-seed-2.0-lite
  样本状态=完成 共识=supports_wrong_score 方法=primary_agreement；总进度=43/50，未完成=7
[15/50] 任务=rev_util_grounding_specificity seed=43 类别=有益 id=grounding_specificity_test_0059
  复用已有裁判结果：MiniMax-M3
  复用已有裁判结果：doubao-seed-2.0-lite
  样本状态=完成 共识=supports_correct_score 方法=primary_agreement；总进度=43/50，未完成=7
[16/50] 任务=rev_util_grounding_specificity seed=43 类别=有害 id=grounding_specificity_test_0484
  复用已有裁判结果：MiniMax-M3
  复用已有裁判结果：doubao-seed-2.0-lite
  复用已有第三裁判：doubao-seed-2.1-turbo
  样本状态=完成 共识=supports_wrong_score 方法=majority_vote；总进度=43/50，未完成=7
[17/50] 任务=rev_util_grounding_specificity seed=43 类别=有害 id=grounding_specificity_test_0326
  复用已有裁判结果：MiniMax-M3
  复用已有裁判结果：doubao-seed-2.0-lite
  样本状态=完成 共识=supports_wrong_score 方法=primary_agreement；总进度=43/50，未完成=7
[18/50] 任务=rev_util_grounding_specificity seed=42 类别=有害 id=grounding_specificity_test_0887
  复用已有裁判结果：MiniMax-M3
  复用已有裁判结果：doubao-seed-2.0-lite
  样本状态=完成 共识=supports_wrong_score 方法=primary_agreement；总进度=43/50，未完成=7
[19/50] 任务=rev_util_grounding_specificity seed=43 类别=有益 id=grounding_specificity_test_0228
  复用已有裁判结果：MiniMax-M3
  复用已有裁判结果：doubao-seed-2.0-lite
  样本状态=完成 共识=supports_correct_score 方法=primary_agreement；总进度=43/50，未完成=7
[20/50] 任务=rev_util_grounding_specificity seed=43 类别=有害 id=grounding_specificity_test_0255
  复用已有裁判结果：MiniMax-M3
  复用已有裁判结果：doubao-seed-2.0-lite
  样本状态=完成 共识=supports_wrong_score 方法=primary_agreement；总进度=43/50，未完成=7
[21/50] 任务=rev_util_grounding_specificity seed=42 类别=有害 id=grounding_specificity_test_0850
  复用已有裁判结果：MiniMax-M3
  复用已有裁判结果：doubao-seed-2.0-lite
  样本状态=完成 共识=supports_wrong_score 方法=primary_agreement；总进度=43/50，未完成=7
[22/50] 任务=rev_util_grounding_specificity seed=42 类别=有益 id=grounding_specificity_test_0431
  复用已有裁判结果：MiniMax-M3
  复用已有裁判结果：doubao-seed-2.0-lite
  样本状态=完成 共识=supports_correct_score 方法=primary_agreement；总进度=43/50，未完成=7
[23/50] 任务=rev_util_grounding_specificity seed=44 类别=有害 id=grounding_specificity_test_0232
  复用已有裁判结果：MiniMax-M3
  复用已有裁判结果：doubao-seed-2.0-lite
  复用已有第三裁判：doubao-seed-2.1-turbo
  样本状态=完成 共识=supports_wrong_score 方法=majority_vote；总进度=43/50，未完成=7
[24/50] 任务=rev_util_grounding_specificity seed=44 类别=有害 id=grounding_specificity_test_0359
  复用已有裁判结果：MiniMax-M3
  复用已有裁判结果：doubao-seed-2.0-lite
  样本状态=完成 共识=supports_wrong_score 方法=primary_agreement；总进度=43/50，未完成=7
[25/50] 任务=rev_util_grounding_specificity seed=44 类别=有益 id=grounding_specificity_test_0486
  复用已有裁判结果：MiniMax-M3
  复用已有裁判结果：doubao-seed-2.0-lite
  复用已有第三裁判：doubao-seed-2.1-turbo
  样本状态=完成 共识=supports_correct_score 方法=majority_vote；总进度=43/50，未完成=7
[26/50] 任务=rev_util_grounding_specificity seed=42 类别=有益 id=grounding_specificity_test_0169
  复用已有裁判结果：MiniMax-M3
  复用已有裁判结果：doubao-seed-2.0-lite
  样本状态=完成 共识=supports_correct_score 方法=primary_agreement；总进度=43/50，未完成=7
[27/50] 任务=rev_util_grounding_specificity seed=43 类别=有益 id=grounding_specificity_test_0943
  复用已有裁判结果：MiniMax-M3
  复用已有裁判结果：doubao-seed-2.0-lite
  复用已有第三裁判：doubao-seed-2.1-turbo
  样本状态=完成 共识=supports_correct_score 方法=majority_vote；总进度=43/50，未完成=7
[28/50] 任务=rev_util_grounding_specificity seed=44 类别=有益 id=grounding_specificity_test_0358
  复用已有裁判结果：MiniMax-M3
  复用已有裁判结果：doubao-seed-2.0-lite
  复用已有第三裁判：doubao-seed-2.1-turbo
  样本状态=完成 共识=supports_correct_score 方法=majority_vote；总进度=43/50，未完成=7
[29/50] 任务=rev_util_grounding_specificity seed=42 类别=有益 id=grounding_specificity_test_0778
  复用已有裁判结果：MiniMax-M3
  复用已有裁判结果：doubao-seed-2.0-lite
  样本状态=完成 共识=supports_correct_score 方法=primary_agreement；总进度=43/50，未完成=7
[30/50] 任务=rev_util_grounding_specificity seed=42 类别=有益 id=grounding_specificity_test_0967
  复用已有裁判结果：MiniMax-M3
  复用已有裁判结果：doubao-seed-2.0-lite
  样本状态=完成 共识=supports_correct_score 方法=primary_agreement；总进度=43/50，未完成=7
[31/50] 任务=rev_util_grounding_specificity seed=44 类别=有害 id=grounding_specificity_test_0490
  复用已有裁判结果：MiniMax-M3
  复用已有裁判结果：doubao-seed-2.0-lite
  复用已有第三裁判：doubao-seed-2.1-turbo
  样本状态=完成 共识=supports_wrong_score 方法=majority_vote；总进度=43/50，未完成=7
[32/50] 任务=rev_util_grounding_specificity seed=44 类别=有益 id=grounding_specificity_test_0192
  复用已有裁判结果：MiniMax-M3
  复用已有裁判结果：doubao-seed-2.0-lite
  样本状态=完成 共识=supports_correct_score 方法=primary_agreement；总进度=43/50，未完成=7
[33/50] 任务=rev_util_grounding_specificity seed=43 类别=有益 id=grounding_specificity_test_0606
  复用已有裁判结果：MiniMax-M3
  复用已有裁判结果：doubao-seed-2.0-lite
  样本状态=完成 共识=supports_correct_score 方法=primary_agreement；总进度=43/50，未完成=7
[34/50] 任务=rev_util_grounding_specificity seed=43 类别=有害 id=grounding_specificity_test_0293
  复用已有裁判结果：MiniMax-M3
  复用已有裁判结果：doubao-seed-2.0-lite
  复用已有第三裁判：doubao-seed-2.1-turbo
  样本状态=完成 共识=supports_wrong_score 方法=majority_vote；总进度=43/50，未完成=7
[35/50] 任务=rev_util_grounding_specificity seed=43 类别=有害 id=grounding_specificity_test_0449
  复用已有裁判结果：MiniMax-M3
  复用已有裁判结果：doubao-seed-2.0-lite
  主裁判分歧，正在调用第三裁判：doubao-seed-2.1-turbo
  第三裁判失败：doubao-seed-2.1-turbo -> doubao-seed-2.1-turbo failed for rev_util_grounding_specificity:43:grounding_specificity_test_0449:label_only_correct_to_cot_severe: The read operation timed out
  样本状态=待补跑 共识=- 方法=missing_tiebreaker；总进度=43/50，未完成=7
[36/50] 任务=rev_util_grounding_specificity seed=44 类别=有益 id=grounding_specificity_test_0331
  复用已有裁判结果：MiniMax-M3
  复用已有裁判结果：doubao-seed-2.0-lite
  样本状态=完成 共识=supports_correct_score 方法=primary_agreement；总进度=43/50，未完成=7
[37/50] 任务=rev_util_grounding_specificity seed=42 类别=有害 id=grounding_specificity_test_0909
  复用已有裁判结果：MiniMax-M3
  复用已有裁判结果：doubao-seed-2.0-lite
  主裁判分歧，正在调用第三裁判：doubao-seed-2.1-turbo
  第三裁判失败：doubao-seed-2.1-turbo -> doubao-seed-2.1-turbo failed for rev_util_grounding_specificity:42:grounding_specificity_test_0909:label_only_correct_to_cot_severe: HTTP Error 504: Gateway Time-out
  样本状态=待补跑 共识=- 方法=missing_tiebreaker；总进度=43/50，未完成=7
[38/50] 任务=rev_util_grounding_specificity seed=44 类别=有害 id=grounding_specificity_test_0065
  复用已有裁判结果：MiniMax-M3
  复用已有裁判结果：doubao-seed-2.0-lite
  主裁判分歧，正在调用第三裁判：doubao-seed-2.1-turbo
  第三裁判失败：doubao-seed-2.1-turbo -> doubao-seed-2.1-turbo failed for rev_util_grounding_specificity:44:grounding_specificity_test_0065:label_only_correct_to_cot_severe: The read operation timed out
  样本状态=待补跑 共识=- 方法=missing_tiebreaker；总进度=43/50，未完成=7
[39/50] 任务=rev_util_grounding_specificity seed=43 类别=有益 id=grounding_specificity_test_0903
  复用已有裁判结果：MiniMax-M3
  复用已有裁判结果：doubao-seed-2.0-lite
  样本状态=完成 共识=supports_correct_score 方法=primary_agreement；总进度=43/50，未完成=7
[40/50] 任务=rev_util_grounding_specificity seed=43 类别=有害 id=grounding_specificity_test_0306
  复用已有裁判结果：MiniMax-M3
  复用已有裁判结果：doubao-seed-2.0-lite
  样本状态=完成 共识=supports_wrong_score 方法=primary_agreement；总进度=43/50，未完成=7
[41/50] 任务=rev_util_grounding_specificity seed=42 类别=有益 id=grounding_specificity_test_0124
  复用已有裁判结果：MiniMax-M3
  复用已有裁判结果：doubao-seed-2.0-lite
  样本状态=完成 共识=supports_correct_score 方法=primary_agreement；总进度=43/50，未完成=7
[42/50] 任务=rev_util_grounding_specificity seed=44 类别=有害 id=grounding_specificity_test_0317
  复用已有裁判结果：MiniMax-M3
  复用已有裁判结果：doubao-seed-2.0-lite
  样本状态=完成 共识=supports_wrong_score 方法=primary_agreement；总进度=43/50，未完成=7
[43/50] 任务=rev_util_grounding_specificity seed=44 类别=有益 id=grounding_specificity_test_0278
  复用已有裁判结果：MiniMax-M3
  复用已有裁判结果：doubao-seed-2.0-lite
  样本状态=完成 共识=supports_correct_score 方法=primary_agreement；总进度=43/50，未完成=7
[44/50] 任务=rev_util_grounding_specificity seed=44 类别=有害 id=grounding_specificity_test_0489
  复用已有裁判结果：MiniMax-M3
  复用已有裁判结果：doubao-seed-2.0-lite
  主裁判分歧，正在调用第三裁判：doubao-seed-2.1-turbo
  第三裁判完成：doubao-seed-2.1-turbo -> supports_wrong_score
  样本状态=完成 共识=supports_wrong_score 方法=majority_vote；总进度=44/50，未完成=6
[45/50] 任务=rev_util_grounding_specificity seed=43 类别=有害 id=grounding_specificity_test_0725
  复用已有裁判结果：MiniMax-M3
  复用已有裁判结果：doubao-seed-2.0-lite
  主裁判分歧，正在调用第三裁判：doubao-seed-2.1-turbo
  第三裁判完成：doubao-seed-2.1-turbo -> supports_wrong_score
  样本状态=完成 共识=supports_wrong_score 方法=majority_vote；总进度=45/50，未完成=5
[46/50] 任务=rev_util_grounding_specificity seed=44 类别=有害 id=grounding_specificity_test_0297
  复用已有裁判结果：MiniMax-M3
  复用已有裁判结果：doubao-seed-2.0-lite
  样本状态=完成 共识=supports_wrong_score 方法=primary_agreement；总进度=45/50，未完成=5
[47/50] 任务=rev_util_grounding_specificity seed=43 类别=有益 id=grounding_specificity_test_0703
  复用已有裁判结果：MiniMax-M3
  复用已有裁判结果：doubao-seed-2.0-lite
  样本状态=完成 共识=supports_correct_score 方法=primary_agreement；总进度=45/50，未完成=5
[48/50] 任务=rev_util_grounding_specificity seed=42 类别=有益 id=grounding_specificity_test_0651
  复用已有裁判结果：MiniMax-M3
  复用已有裁判结果：doubao-seed-2.0-lite
  样本状态=完成 共识=supports_correct_score 方法=primary_agreement；总进度=45/50，未完成=5
[49/50] 任务=rev_util_grounding_specificity seed=44 类别=有害 id=grounding_specificity_test_0593
  复用已有裁判结果：MiniMax-M3
  复用已有裁判结果：doubao-seed-2.0-lite
  样本状态=完成 共识=supports_wrong_score 方法=primary_agreement；总进度=45/50，未完成=5
[50/50] 任务=rev_util_grounding_specificity seed=42 类别=有害 id=grounding_specificity_test_0451
  复用已有裁判结果：MiniMax-M3
  复用已有裁判结果：doubao-seed-2.0-lite
  样本状态=完成 共识=supports_wrong_score 方法=primary_agreement；总进度=45/50，未完成=5
评测结束：完成=45/50，未完成=5，多数票解决=9
复用已有 0 条样本，输出：/root/my-small-paper/outputs/analysis/interface_switch_rationale_audit/rev_util_helpfulness/label_only_sft
默认未调用 API；检查 manifest.json、error_taxonomy.json 和 judge_prompts.jsonl 后，再加 --run-api。
开始评测：配对=label_only_sft，样本=0，主裁判=['MiniMax-M3', 'doubao-seed-2.0-lite']，第三裁判=doubao-seed-2.1-turbo
评测结束：完成=0/0，未完成=0，多数票解决=0
复用已有 45 条样本，输出：/root/my-small-paper/outputs/analysis/interface_switch_rationale_audit/rev_util_verifiability/label_only_sft
默认未调用 API；检查 manifest.json、error_taxonomy.json 和 judge_prompts.jsonl 后，再加 --run-api。
开始评测：配对=label_only_sft，样本=45，主裁判=['MiniMax-M3', 'doubao-seed-2.0-lite']，第三裁判=doubao-seed-2.1-turbo
[1/45] 任务=rev_util_verifiability seed=42 类别=有害 id=verifiability_test_0191
  复用已有裁判结果：MiniMax-M3
  复用已有裁判结果：doubao-seed-2.0-lite
  主裁判分歧，正在调用第三裁判：doubao-seed-2.1-turbo
  第三裁判失败：doubao-seed-2.1-turbo -> doubao-seed-2.1-turbo failed for rev_util_verifiability:42:verifiability_test_0191:label_only_correct_to_cot_severe: The read operation timed out
  样本状态=待补跑 共识=- 方法=missing_tiebreaker；总进度=40/45，未完成=5
[2/45] 任务=rev_util_verifiability seed=42 类别=有益 id=verifiability_test_0275
  复用已有裁判结果：MiniMax-M3
  复用已有裁判结果：doubao-seed-2.0-lite
  复用已有第三裁判：doubao-seed-2.1-turbo
  样本状态=完成 共识=supports_correct_score 方法=majority_vote；总进度=40/45，未完成=5
[3/45] 任务=rev_util_verifiability seed=42 类别=有益 id=verifiability_test_0290
  复用已有裁判结果：MiniMax-M3
  复用已有裁判结果：doubao-seed-2.0-lite
  样本状态=完成 共识=supports_correct_score 方法=primary_agreement；总进度=40/45，未完成=5
[4/45] 任务=rev_util_verifiability seed=42 类别=有害 id=verifiability_test_0297
  复用已有裁判结果：MiniMax-M3
  复用已有裁判结果：doubao-seed-2.0-lite
  样本状态=完成 共识=supports_wrong_score 方法=primary_agreement；总进度=40/45，未完成=5
[5/45] 任务=rev_util_verifiability seed=42 类别=有害 id=verifiability_test_0342
  复用已有裁判结果：MiniMax-M3
  复用已有裁判结果：doubao-seed-2.0-lite
  样本状态=完成 共识=supports_wrong_score 方法=primary_agreement；总进度=40/45，未完成=5
[6/45] 任务=rev_util_verifiability seed=42 类别=有害 id=verifiability_test_0530
  复用已有裁判结果：MiniMax-M3
  复用已有裁判结果：doubao-seed-2.0-lite
  样本状态=完成 共识=supports_wrong_score 方法=primary_agreement；总进度=40/45，未完成=5
[7/45] 任务=rev_util_verifiability seed=42 类别=有益 id=verifiability_test_0595
  复用已有裁判结果：MiniMax-M3
  复用已有裁判结果：doubao-seed-2.0-lite
  样本状态=完成 共识=supports_correct_score 方法=primary_agreement；总进度=40/45，未完成=5
[8/45] 任务=rev_util_verifiability seed=42 类别=有害 id=verifiability_test_0598
  复用已有裁判结果：MiniMax-M3
  复用已有裁判结果：doubao-seed-2.0-lite
  样本状态=完成 共识=supports_wrong_score 方法=primary_agreement；总进度=40/45，未完成=5
[9/45] 任务=rev_util_verifiability seed=42 类别=有害 id=verifiability_test_0613
  复用已有裁判结果：MiniMax-M3
  复用已有裁判结果：doubao-seed-2.0-lite
  样本状态=完成 共识=supports_wrong_score 方法=primary_agreement；总进度=40/45，未完成=5
[10/45] 任务=rev_util_verifiability seed=42 类别=有益 id=verifiability_test_0669
  复用已有裁判结果：MiniMax-M3
  复用已有裁判结果：doubao-seed-2.0-lite
  样本状态=完成 共识=supports_correct_score 方法=primary_agreement；总进度=40/45，未完成=5
[11/45] 任务=rev_util_verifiability seed=42 类别=有害 id=verifiability_test_0687
  复用已有裁判结果：MiniMax-M3
  复用已有裁判结果：doubao-seed-2.0-lite
  样本状态=完成 共识=supports_wrong_score 方法=primary_agreement；总进度=40/45，未完成=5
[12/45] 任务=rev_util_verifiability seed=42 类别=有害 id=verifiability_test_0714
  复用已有裁判结果：MiniMax-M3
  复用已有裁判结果：doubao-seed-2.0-lite
  样本状态=完成 共识=supports_wrong_score 方法=primary_agreement；总进度=40/45，未完成=5
[13/45] 任务=rev_util_verifiability seed=42 类别=有害 id=verifiability_test_0755
  复用已有裁判结果：MiniMax-M3
  复用已有裁判结果：doubao-seed-2.0-lite
  样本状态=完成 共识=supports_wrong_score 方法=primary_agreement；总进度=40/45，未完成=5
[14/45] 任务=rev_util_verifiability seed=42 类别=有害 id=verifiability_test_0780
  复用已有裁判结果：MiniMax-M3
  复用已有裁判结果：doubao-seed-2.0-lite
  样本状态=完成 共识=supports_wrong_score 方法=primary_agreement；总进度=40/45，未完成=5
[15/45] 任务=rev_util_verifiability seed=43 类别=有害 id=verifiability_test_0056
  复用已有裁判结果：MiniMax-M3
  复用已有裁判结果：doubao-seed-2.0-lite
  样本状态=完成 共识=supports_wrong_score 方法=primary_agreement；总进度=40/45，未完成=5
[16/45] 任务=rev_util_verifiability seed=43 类别=有害 id=verifiability_test_0096
  复用已有裁判结果：MiniMax-M3
  复用已有裁判结果：doubao-seed-2.0-lite
  样本状态=完成 共识=supports_wrong_score 方法=primary_agreement；总进度=40/45，未完成=5
[17/45] 任务=rev_util_verifiability seed=43 类别=有益 id=verifiability_test_0208
  复用已有裁判结果：MiniMax-M3
  复用已有裁判结果：doubao-seed-2.0-lite
  样本状态=完成 共识=supports_correct_score 方法=primary_agreement；总进度=40/45，未完成=5
[18/45] 任务=rev_util_verifiability seed=43 类别=有害 id=verifiability_test_0226
  复用已有裁判结果：MiniMax-M3
  复用已有裁判结果：doubao-seed-2.0-lite
  样本状态=完成 共识=supports_wrong_score 方法=primary_agreement；总进度=40/45，未完成=5
[19/45] 任务=rev_util_verifiability seed=43 类别=有害 id=verifiability_test_0260
  复用已有裁判结果：MiniMax-M3
  复用已有裁判结果：doubao-seed-2.0-lite
  样本状态=完成 共识=supports_wrong_score 方法=primary_agreement；总进度=40/45，未完成=5
[20/45] 任务=rev_util_verifiability seed=43 类别=有害 id=verifiability_test_0291
  复用已有裁判结果：MiniMax-M3
  复用已有裁判结果：doubao-seed-2.0-lite
  样本状态=完成 共识=supports_wrong_score 方法=primary_agreement；总进度=40/45，未完成=5
[21/45] 任务=rev_util_verifiability seed=43 类别=有害 id=verifiability_test_0308
  复用已有裁判结果：MiniMax-M3
  复用已有裁判结果：doubao-seed-2.0-lite
  样本状态=完成 共识=supports_wrong_score 方法=primary_agreement；总进度=40/45，未完成=5
[22/45] 任务=rev_util_verifiability seed=43 类别=有害 id=verifiability_test_0381
  复用已有裁判结果：MiniMax-M3
  复用已有裁判结果：doubao-seed-2.0-lite
  主裁判分歧，正在调用第三裁判：doubao-seed-2.1-turbo
  第三裁判完成：doubao-seed-2.1-turbo -> supports_wrong_score
  样本状态=完成 共识=supports_wrong_score 方法=majority_vote；总进度=41/45，未完成=4
[23/45] 任务=rev_util_verifiability seed=43 类别=有害 id=verifiability_test_0390
  复用已有裁判结果：MiniMax-M3
  复用已有裁判结果：doubao-seed-2.0-lite
  复用已有第三裁判：doubao-seed-2.1-turbo
  样本状态=完成 共识=supports_wrong_score 方法=majority_vote；总进度=41/45，未完成=4
[24/45] 任务=rev_util_verifiability seed=43 类别=有害 id=verifiability_test_0404
  复用已有裁判结果：MiniMax-M3
  复用已有裁判结果：doubao-seed-2.0-lite
  样本状态=完成 共识=supports_wrong_score 方法=primary_agreement；总进度=41/45，未完成=4
[25/45] 任务=rev_util_verifiability seed=43 类别=有益 id=verifiability_test_0433
  复用已有裁判结果：MiniMax-M3
  复用已有裁判结果：doubao-seed-2.0-lite
  样本状态=完成 共识=supports_correct_score 方法=primary_agreement；总进度=41/45，未完成=4
[26/45] 任务=rev_util_verifiability seed=43 类别=有害 id=verifiability_test_0491
  复用已有裁判结果：MiniMax-M3
  复用已有裁判结果：doubao-seed-2.0-lite
  样本状态=完成 共识=supports_wrong_score 方法=primary_agreement；总进度=41/45，未完成=4
[27/45] 任务=rev_util_verifiability seed=43 类别=有害 id=verifiability_test_0590
  复用已有裁判结果：MiniMax-M3
  复用已有裁判结果：doubao-seed-2.0-lite
  样本状态=完成 共识=supports_wrong_score 方法=primary_agreement；总进度=41/45，未完成=4
[28/45] 任务=rev_util_verifiability seed=43 类别=有害 id=verifiability_test_0598
  复用已有裁判结果：MiniMax-M3
  复用已有裁判结果：doubao-seed-2.0-lite
  样本状态=完成 共识=supports_wrong_score 方法=primary_agreement；总进度=41/45，未完成=4
[29/45] 任务=rev_util_verifiability seed=43 类别=有益 id=verifiability_test_0633
  复用已有裁判结果：MiniMax-M3
  复用已有裁判结果：doubao-seed-2.0-lite
  样本状态=完成 共识=supports_correct_score 方法=primary_agreement；总进度=41/45，未完成=4
[30/45] 任务=rev_util_verifiability seed=43 类别=有益 id=verifiability_test_0669
  复用已有裁判结果：MiniMax-M3
  复用已有裁判结果：doubao-seed-2.0-lite
  样本状态=完成 共识=supports_correct_score 方法=primary_agreement；总进度=41/45，未完成=4
[31/45] 任务=rev_util_verifiability seed=43 类别=有害 id=verifiability_test_0695
  复用已有裁判结果：MiniMax-M3
  复用已有裁判结果：doubao-seed-2.0-lite
  复用已有第三裁判：doubao-seed-2.1-turbo
  样本状态=完成 共识=supports_correct_score 方法=majority_vote；总进度=41/45，未完成=4
[32/45] 任务=rev_util_verifiability seed=43 类别=有害 id=verifiability_test_0705
  复用已有裁判结果：MiniMax-M3
  复用已有裁判结果：doubao-seed-2.0-lite
  样本状态=完成 共识=supports_wrong_score 方法=primary_agreement；总进度=41/45，未完成=4
[33/45] 任务=rev_util_verifiability seed=43 类别=有害 id=verifiability_test_0780
  复用已有裁判结果：MiniMax-M3
  复用已有裁判结果：doubao-seed-2.0-lite
  复用已有第三裁判：doubao-seed-2.1-turbo
  样本状态=完成 共识=supports_wrong_score 方法=majority_vote；总进度=41/45，未完成=4
[34/45] 任务=rev_util_verifiability seed=44 类别=有害 id=verifiability_test_0031
  复用已有裁判结果：MiniMax-M3
  复用已有裁判结果：doubao-seed-2.0-lite
  样本状态=完成 共识=supports_wrong_score 方法=primary_agreement；总进度=41/45，未完成=4
[35/45] 任务=rev_util_verifiability seed=44 类别=有害 id=verifiability_test_0096
  复用已有裁判结果：MiniMax-M3
  复用已有裁判结果：doubao-seed-2.0-lite
  样本状态=完成 共识=supports_wrong_score 方法=primary_agreement；总进度=41/45，未完成=4
[36/45] 任务=rev_util_verifiability seed=44 类别=有害 id=verifiability_test_0109
  复用已有裁判结果：MiniMax-M3
  复用已有裁判结果：doubao-seed-2.0-lite
  样本状态=完成 共识=supports_wrong_score 方法=primary_agreement；总进度=41/45，未完成=4
[37/45] 任务=rev_util_verifiability seed=44 类别=有害 id=verifiability_test_0226
  复用已有裁判结果：MiniMax-M3
  复用已有裁判结果：doubao-seed-2.0-lite
  样本状态=完成 共识=supports_wrong_score 方法=primary_agreement；总进度=41/45，未完成=4
[38/45] 任务=rev_util_verifiability seed=44 类别=有害 id=verifiability_test_0423
  复用已有裁判结果：MiniMax-M3
  复用已有裁判结果：doubao-seed-2.0-lite
  主裁判分歧，正在调用第三裁判：doubao-seed-2.1-turbo
  第三裁判完成：doubao-seed-2.1-turbo -> supports_wrong_score
  样本状态=完成 共识=supports_wrong_score 方法=majority_vote；总进度=42/45，未完成=3
[39/45] 任务=rev_util_verifiability seed=44 类别=有害 id=verifiability_test_0465
  复用已有裁判结果：MiniMax-M3
  复用已有裁判结果：doubao-seed-2.0-lite
  样本状态=完成 共识=supports_wrong_score 方法=primary_agreement；总进度=42/45，未完成=3
[40/45] 任务=rev_util_verifiability seed=44 类别=有害 id=verifiability_test_0598
  复用已有裁判结果：MiniMax-M3
  复用已有裁判结果：doubao-seed-2.0-lite
  主裁判分歧，正在调用第三裁判：doubao-seed-2.1-turbo
  第三裁判失败：doubao-seed-2.1-turbo -> doubao-seed-2.1-turbo failed for rev_util_verifiability:44:verifiability_test_0598:label_only_correct_to_cot_severe: HTTP Error 504: Gateway Time-out
  样本状态=待补跑 共识=- 方法=missing_tiebreaker；总进度=42/45，未完成=3
[41/45] 任务=rev_util_verifiability seed=44 类别=有害 id=verifiability_test_0613
  复用已有裁判结果：MiniMax-M3
  复用已有裁判结果：doubao-seed-2.0-lite
  样本状态=完成 共识=supports_wrong_score 方法=primary_agreement；总进度=42/45，未完成=3
[42/45] 任务=rev_util_verifiability seed=44 类别=有益 id=verifiability_test_0669
  复用已有裁判结果：MiniMax-M3
  复用已有裁判结果：doubao-seed-2.0-lite
  样本状态=完成 共识=supports_correct_score 方法=primary_agreement；总进度=42/45，未完成=3
[43/45] 任务=rev_util_verifiability seed=44 类别=有害 id=verifiability_test_0687
  复用已有裁判结果：MiniMax-M3
  复用已有裁判结果：doubao-seed-2.0-lite
  复用已有第三裁判：doubao-seed-2.1-turbo
  样本状态=完成 共识=supports_wrong_score 方法=majority_vote；总进度=42/45，未完成=3
[44/45] 任务=rev_util_verifiability seed=44 类别=有害 id=verifiability_test_0714
  复用已有裁判结果：MiniMax-M3
  复用已有裁判结果：doubao-seed-2.0-lite
  主裁判分歧，正在调用第三裁判：doubao-seed-2.1-turbo
  第三裁判完成：doubao-seed-2.1-turbo -> supports_wrong_score
  样本状态=完成 共识=supports_wrong_score 方法=majority_vote；总进度=43/45，未完成=2
[45/45] 任务=rev_util_verifiability seed=44 类别=有益 id=verifiability_test_0729
  复用已有裁判结果：MiniMax-M3
  复用已有裁判结果：doubao-seed-2.0-lite
  样本状态=完成 共识=supports_correct_score 方法=primary_agreement；总进度=43/45，未完成=2
评测结束：完成=43/45，未完成=2，多数票解决=8
