=== CL→CC 任务二重新评测开始 ===
主裁判：MiniMax-M3 + doubao-seed-2.0-lite；第三裁判：doubao-seed-2.1-turbo
已准备 151 条样本，输出：/root/my-small-paper/outputs/analysis/rationale_support_audit_cot
默认未调用 API；检查 manifest.json、error_taxonomy.json 和 judge_prompts.jsonl 后，再加 --run-api。
开始评测：配对=cot_sft，样本=151，主裁判=['MiniMax-M3', 'doubao-seed-2.0-lite']，第三裁判=doubao-seed-2.1-turbo
[1/151] 任务=rev_util_actionability seed=43 类别=有害 id=actionability_test_0508
  复用已有裁判结果：MiniMax-M3
  正在调用主裁判：doubao-seed-2.0-lite
  主裁判完成：doubao-seed-2.0-lite -> supports_wrong_score
  主裁判分歧，正在调用第三裁判：doubao-seed-2.1-turbo
  第三裁判失败：doubao-seed-2.1-turbo -> doubao-seed-2.1-turbo failed for rev_util_actionability:43:actionability_test_0508:label_only_correct_to_cot_severe: HTTP Error 504: Gateway Time-out
  样本状态=待补跑 共识=- 方法=missing_tiebreaker；总进度=0/151，未完成=151
[2/151] 任务=rev_util_actionability seed=44 类别=有害 id=actionability_test_0902
  复用已有裁判结果：MiniMax-M3
  正在调用主裁判：doubao-seed-2.0-lite
  主裁判完成：doubao-seed-2.0-lite -> supports_wrong_score
  样本状态=完成 共识=supports_wrong_score 方法=primary_agreement；总进度=1/151，未完成=150
[3/151] 任务=rev_util_actionability seed=43 类别=有害 id=actionability_test_0219
  复用已有裁判结果：MiniMax-M3
  正在调用主裁判：doubao-seed-2.0-lite
  主裁判完成：doubao-seed-2.0-lite -> supports_wrong_score
  样本状态=完成 共识=supports_wrong_score 方法=primary_agreement；总进度=2/151，未完成=149
[4/151] 任务=rev_util_actionability seed=43 类别=有益 id=actionability_test_0644
  复用已有裁判结果：MiniMax-M3
  正在调用主裁判：doubao-seed-2.0-lite
  主裁判完成：doubao-seed-2.0-lite -> supports_correct_score
  样本状态=完成 共识=supports_correct_score 方法=primary_agreement；总进度=3/151，未完成=148
[5/151] 任务=rev_util_actionability seed=44 类别=有害 id=actionability_test_0159
  复用已有裁判结果：MiniMax-M3
  正在调用主裁判：doubao-seed-2.0-lite
  主裁判完成：doubao-seed-2.0-lite -> supports_wrong_score
  样本状态=完成 共识=supports_wrong_score 方法=primary_agreement；总进度=4/151，未完成=147
[6/151] 任务=rev_util_actionability seed=42 类别=有害 id=actionability_test_0473
  复用已有裁判结果：MiniMax-M3
  正在调用主裁判：doubao-seed-2.0-lite
  主裁判完成：doubao-seed-2.0-lite -> supports_wrong_score
  样本状态=完成 共识=supports_wrong_score 方法=primary_agreement；总进度=5/151，未完成=146
[7/151] 任务=rev_util_actionability seed=44 类别=有益 id=actionability_test_0095
  复用已有裁判结果：MiniMax-M3
  正在调用主裁判：doubao-seed-2.0-lite
  主裁判完成：doubao-seed-2.0-lite -> supports_correct_score
  样本状态=完成 共识=supports_correct_score 方法=primary_agreement；总进度=6/151，未完成=145
[8/151] 任务=rev_util_actionability seed=44 类别=有益 id=actionability_test_0067
  复用已有裁判结果：MiniMax-M3
  正在调用主裁判：doubao-seed-2.0-lite
  主裁判完成：doubao-seed-2.0-lite -> supports_correct_score
  样本状态=完成 共识=supports_correct_score 方法=primary_agreement；总进度=7/151，未完成=144
[9/151] 任务=rev_util_actionability seed=43 类别=有益 id=actionability_test_0779
  复用已有裁判结果：MiniMax-M3
  正在调用主裁判：doubao-seed-2.0-lite
  主裁判完成：doubao-seed-2.0-lite -> supports_correct_score
  样本状态=完成 共识=supports_correct_score 方法=primary_agreement；总进度=8/151，未完成=143
[10/151] 任务=rev_util_actionability seed=44 类别=有害 id=actionability_test_0002
  复用已有裁判结果：MiniMax-M3
  正在调用主裁判：doubao-seed-2.0-lite
  主裁判完成：doubao-seed-2.0-lite -> supports_wrong_score
  样本状态=完成 共识=supports_wrong_score 方法=primary_agreement；总进度=9/151，未完成=142
[11/151] 任务=rev_util_actionability seed=44 类别=有益 id=actionability_test_0592
  复用已有裁判结果：MiniMax-M3
  正在调用主裁判：doubao-seed-2.0-lite
  主裁判完成：doubao-seed-2.0-lite -> supports_correct_score
  样本状态=完成 共识=supports_correct_score 方法=primary_agreement；总进度=10/151，未完成=141
[12/151] 任务=rev_util_actionability seed=43 类别=有害 id=actionability_test_0473
  复用已有裁判结果：MiniMax-M3
  正在调用主裁判：doubao-seed-2.0-lite
  主裁判完成：doubao-seed-2.0-lite -> supports_wrong_score
  样本状态=完成 共识=supports_wrong_score 方法=primary_agreement；总进度=11/151，未完成=140
[13/151] 任务=rev_util_actionability seed=42 类别=有益 id=actionability_test_0821
  复用已有裁判结果：MiniMax-M3
  正在调用主裁判：doubao-seed-2.0-lite
  主裁判完成：doubao-seed-2.0-lite -> supports_correct_score
  样本状态=完成 共识=supports_correct_score 方法=primary_agreement；总进度=12/151，未完成=139
[14/151] 任务=rev_util_actionability seed=42 类别=有害 id=actionability_test_0839
  复用已有裁判结果：MiniMax-M3
  正在调用主裁判：doubao-seed-2.0-lite
  主裁判完成：doubao-seed-2.0-lite -> supports_wrong_score
  主裁判分歧，正在调用第三裁判：doubao-seed-2.1-turbo
  第三裁判失败：doubao-seed-2.1-turbo -> doubao-seed-2.1-turbo failed for rev_util_actionability:42:actionability_test_0839:label_only_correct_to_cot_severe: The read operation timed out
  样本状态=待补跑 共识=- 方法=missing_tiebreaker；总进度=12/151，未完成=139
[15/151] 任务=rev_util_actionability seed=44 类别=有害 id=actionability_test_0102
  复用已有裁判结果：MiniMax-M3
  正在调用主裁判：doubao-seed-2.0-lite
  主裁判完成：doubao-seed-2.0-lite -> supports_wrong_score
  主裁判分歧，正在调用第三裁判：doubao-seed-2.1-turbo
  第三裁判完成：doubao-seed-2.1-turbo -> supports_wrong_score
  样本状态=完成 共识=supports_wrong_score 方法=majority_vote；总进度=13/151，未完成=138
[16/151] 任务=rev_util_actionability seed=44 类别=有益 id=actionability_test_0457
  复用已有裁判结果：MiniMax-M3
  正在调用主裁判：doubao-seed-2.0-lite
  主裁判完成：doubao-seed-2.0-lite -> supports_correct_score
  样本状态=完成 共识=supports_correct_score 方法=primary_agreement；总进度=14/151，未完成=137
[17/151] 任务=rev_util_actionability seed=43 类别=有益 id=actionability_test_0889
  复用已有裁判结果：MiniMax-M3
  正在调用主裁判：doubao-seed-2.0-lite
  主裁判完成：doubao-seed-2.0-lite -> supports_correct_score
  样本状态=完成 共识=supports_correct_score 方法=primary_agreement；总进度=15/151，未完成=136
[18/151] 任务=rev_util_actionability seed=43 类别=有害 id=actionability_test_0157
  复用已有裁判结果：MiniMax-M3
  正在调用主裁判：doubao-seed-2.0-lite
  主裁判完成：doubao-seed-2.0-lite -> supports_wrong_score
  样本状态=完成 共识=supports_wrong_score 方法=primary_agreement；总进度=16/151，未完成=135
[19/151] 任务=rev_util_actionability seed=42 类别=有害 id=actionability_test_0963
  复用已有裁判结果：MiniMax-M3
  正在调用主裁判：doubao-seed-2.0-lite
  主裁判完成：doubao-seed-2.0-lite -> supports_wrong_score
  样本状态=完成 共识=supports_wrong_score 方法=primary_agreement；总进度=17/151，未完成=134
[20/151] 任务=rev_util_actionability seed=42 类别=有害 id=actionability_test_0453
  复用已有裁判结果：MiniMax-M3
  正在调用主裁判：doubao-seed-2.0-lite
  主裁判完成：doubao-seed-2.0-lite -> supports_wrong_score
  样本状态=完成 共识=supports_wrong_score 方法=primary_agreement；总进度=18/151，未完成=133
[21/151] 任务=rev_util_actionability seed=43 类别=有害 id=actionability_test_0519
  复用已有裁判结果：MiniMax-M3
  正在调用主裁判：doubao-seed-2.0-lite
  主裁判完成：doubao-seed-2.0-lite -> supports_wrong_score
  样本状态=完成 共识=supports_wrong_score 方法=primary_agreement；总进度=19/151，未完成=132
[22/151] 任务=rev_util_actionability seed=42 类别=有害 id=actionability_test_0486
  复用已有裁判结果：MiniMax-M3
  正在调用主裁判：doubao-seed-2.0-lite
  主裁判完成：doubao-seed-2.0-lite -> supports_wrong_score
  样本状态=完成 共识=supports_wrong_score 方法=primary_agreement；总进度=20/151，未完成=131
[23/151] 任务=rev_util_actionability seed=43 类别=有害 id=actionability_test_0428
  复用已有裁判结果：MiniMax-M3
  正在调用主裁判：doubao-seed-2.0-lite
  主裁判完成：doubao-seed-2.0-lite -> supports_wrong_score
  样本状态=完成 共识=supports_wrong_score 方法=primary_agreement；总进度=21/151，未完成=130
[24/151] 任务=rev_util_actionability seed=42 类别=有害 id=actionability_test_0686
  复用已有裁判结果：MiniMax-M3
  正在调用主裁判：doubao-seed-2.0-lite
  主裁判完成：doubao-seed-2.0-lite -> supports_wrong_score
  主裁判分歧，正在调用第三裁判：doubao-seed-2.1-turbo
  第三裁判失败：doubao-seed-2.1-turbo -> doubao-seed-2.1-turbo failed for rev_util_actionability:42:actionability_test_0686:label_only_correct_to_cot_severe: HTTP Error 504: Gateway Time-out
  样本状态=待补跑 共识=- 方法=missing_tiebreaker；总进度=21/151，未完成=130
[25/151] 任务=rev_util_actionability seed=44 类别=有益 id=actionability_test_0495
  复用已有裁判结果：MiniMax-M3
  正在调用主裁判：doubao-seed-2.0-lite
  主裁判完成：doubao-seed-2.0-lite -> supports_correct_score
  样本状态=完成 共识=supports_correct_score 方法=primary_agreement；总进度=22/151，未完成=129
[26/151] 任务=rev_util_actionability seed=44 类别=有益 id=actionability_test_0933
  复用已有裁判结果：MiniMax-M3
  正在调用主裁判：doubao-seed-2.0-lite
  主裁判完成：doubao-seed-2.0-lite -> supports_correct_score
  样本状态=完成 共识=supports_correct_score 方法=primary_agreement；总进度=23/151，未完成=128
[27/151] 任务=rev_util_actionability seed=42 类别=有益 id=actionability_test_0062
  复用已有裁判结果：MiniMax-M3
  正在调用主裁判：doubao-seed-2.0-lite
  主裁判完成：doubao-seed-2.0-lite -> supports_correct_score
  样本状态=完成 共识=supports_correct_score 方法=primary_agreement；总进度=24/151，未完成=127
[28/151] 任务=rev_util_actionability seed=44 类别=有益 id=actionability_test_0852
  复用已有裁判结果：MiniMax-M3
  正在调用主裁判：doubao-seed-2.0-lite
  主裁判完成：doubao-seed-2.0-lite -> supports_correct_score
  样本状态=完成 共识=supports_correct_score 方法=primary_agreement；总进度=25/151，未完成=126
[29/151] 任务=rev_util_actionability seed=43 类别=有害 id=actionability_test_0295
  复用已有裁判结果：MiniMax-M3
  正在调用主裁判：doubao-seed-2.0-lite
  主裁判完成：doubao-seed-2.0-lite -> supports_wrong_score
  主裁判分歧，正在调用第三裁判：doubao-seed-2.1-turbo
  第三裁判完成：doubao-seed-2.1-turbo -> supports_wrong_score
  样本状态=完成 共识=supports_wrong_score 方法=majority_vote；总进度=26/151，未完成=125
[30/151] 任务=rev_util_actionability seed=42 类别=有益 id=actionability_test_0902
  复用已有裁判结果：MiniMax-M3
  正在调用主裁判：doubao-seed-2.0-lite
  主裁判完成：doubao-seed-2.0-lite -> supports_correct_score
  样本状态=完成 共识=supports_correct_score 方法=primary_agreement；总进度=27/151，未完成=124
[31/151] 任务=rev_util_actionability seed=44 类别=有益 id=actionability_test_0644
  复用已有裁判结果：MiniMax-M3
  正在调用主裁判：doubao-seed-2.0-lite
  主裁判完成：doubao-seed-2.0-lite -> supports_correct_score
  样本状态=完成 共识=supports_correct_score 方法=primary_agreement；总进度=28/151，未完成=123
[32/151] 任务=rev_util_actionability seed=44 类别=有益 id=actionability_test_0734
  复用已有裁判结果：MiniMax-M3
  正在调用主裁判：doubao-seed-2.0-lite
  主裁判完成：doubao-seed-2.0-lite -> supports_correct_score
  样本状态=完成 共识=supports_correct_score 方法=primary_agreement；总进度=29/151，未完成=122
[33/151] 任务=rev_util_actionability seed=43 类别=有益 id=actionability_test_0717
  复用已有裁判结果：MiniMax-M3
  正在调用主裁判：doubao-seed-2.0-lite
  主裁判完成：doubao-seed-2.0-lite -> supports_correct_score
  样本状态=完成 共识=supports_correct_score 方法=primary_agreement；总进度=30/151，未完成=121
[34/151] 任务=rev_util_actionability seed=44 类别=有益 id=actionability_test_0950
  复用已有裁判结果：MiniMax-M3
  正在调用主裁判：doubao-seed-2.0-lite
  主裁判完成：doubao-seed-2.0-lite -> supports_correct_score
  样本状态=完成 共识=supports_correct_score 方法=primary_agreement；总进度=31/151，未完成=120
[35/151] 任务=rev_util_actionability seed=44 类别=有益 id=actionability_test_0843
  复用已有裁判结果：MiniMax-M3
  正在调用主裁判：doubao-seed-2.0-lite
  主裁判完成：doubao-seed-2.0-lite -> supports_correct_score
  样本状态=完成 共识=supports_correct_score 方法=primary_agreement；总进度=32/151，未完成=119
[36/151] 任务=rev_util_actionability seed=42 类别=有害 id=actionability_test_0061
  复用已有裁判结果：MiniMax-M3
  正在调用主裁判：doubao-seed-2.0-lite
  主裁判完成：doubao-seed-2.0-lite -> supports_wrong_score
  样本状态=完成 共识=supports_wrong_score 方法=primary_agreement；总进度=33/151，未完成=118
[37/151] 任务=rev_util_actionability seed=42 类别=有害 id=actionability_test_0790
  复用已有裁判结果：MiniMax-M3
  正在调用主裁判：doubao-seed-2.0-lite
  主裁判完成：doubao-seed-2.0-lite -> supports_wrong_score
  样本状态=完成 共识=supports_wrong_score 方法=primary_agreement；总进度=34/151，未完成=117
[38/151] 任务=rev_util_actionability seed=42 类别=有益 id=actionability_test_0371
  复用已有裁判结果：MiniMax-M3
  正在调用主裁判：doubao-seed-2.0-lite
  主裁判完成：doubao-seed-2.0-lite -> supports_correct_score
  样本状态=完成 共识=supports_correct_score 方法=primary_agreement；总进度=35/151，未完成=116
[39/151] 任务=rev_util_actionability seed=42 类别=有益 id=actionability_test_0095
  复用已有裁判结果：MiniMax-M3
  正在调用主裁判：doubao-seed-2.0-lite
  主裁判完成：doubao-seed-2.0-lite -> supports_correct_score
  样本状态=完成 共识=supports_correct_score 方法=primary_agreement；总进度=36/151，未完成=115
[40/151] 任务=rev_util_actionability seed=42 类别=有害 id=actionability_test_0344
  复用已有裁判结果：MiniMax-M3
  正在调用主裁判：doubao-seed-2.0-lite
  主裁判完成：doubao-seed-2.0-lite -> supports_wrong_score
  样本状态=完成 共识=supports_wrong_score 方法=primary_agreement；总进度=37/151，未完成=114
[41/151] 任务=rev_util_actionability seed=42 类别=有害 id=actionability_test_0275
  复用已有裁判结果：MiniMax-M3
  正在调用主裁判：doubao-seed-2.0-lite
  主裁判完成：doubao-seed-2.0-lite -> supports_wrong_score
  样本状态=完成 共识=supports_wrong_score 方法=primary_agreement；总进度=38/151，未完成=113
[42/151] 任务=rev_util_actionability seed=42 类别=有益 id=actionability_test_0826
  复用已有裁判结果：MiniMax-M3
  正在调用主裁判：doubao-seed-2.0-lite
  主裁判完成：doubao-seed-2.0-lite -> supports_correct_score
  样本状态=完成 共识=supports_correct_score 方法=primary_agreement；总进度=39/151，未完成=112
[43/151] 任务=rev_util_actionability seed=44 类别=有益 id=actionability_test_0821
  复用已有裁判结果：MiniMax-M3
  正在调用主裁判：doubao-seed-2.0-lite
  主裁判完成：doubao-seed-2.0-lite -> supports_correct_score
  样本状态=完成 共识=supports_correct_score 方法=primary_agreement；总进度=40/151，未完成=111
[44/151] 任务=rev_util_actionability seed=44 类别=有害 id=actionability_test_0321
  复用已有裁判结果：MiniMax-M3
  正在调用主裁判：doubao-seed-2.0-lite
  主裁判完成：doubao-seed-2.0-lite -> supports_wrong_score
  样本状态=完成 共识=supports_wrong_score 方法=primary_agreement；总进度=41/151，未完成=110
[45/151] 任务=rev_util_actionability seed=43 类别=有益 id=actionability_test_0224
  复用已有裁判结果：MiniMax-M3
  正在调用主裁判：doubao-seed-2.0-lite
  主裁判完成：doubao-seed-2.0-lite -> supports_correct_score
  样本状态=完成 共识=supports_correct_score 方法=primary_agreement；总进度=42/151，未完成=109
[46/151] 任务=rev_util_actionability seed=44 类别=有益 id=actionability_test_0371
  复用已有裁判结果：MiniMax-M3
  正在调用主裁判：doubao-seed-2.0-lite
  主裁判完成：doubao-seed-2.0-lite -> supports_correct_score
  样本状态=完成 共识=supports_correct_score 方法=primary_agreement；总进度=43/151，未完成=108
[47/151] 任务=rev_util_actionability seed=42 类别=有益 id=actionability_test_0770
  复用已有裁判结果：MiniMax-M3
  正在调用主裁判：doubao-seed-2.0-lite
  主裁判完成：doubao-seed-2.0-lite -> supports_correct_score
  样本状态=完成 共识=supports_correct_score 方法=primary_agreement；总进度=44/151，未完成=107
[48/151] 任务=rev_util_actionability seed=42 类别=有害 id=actionability_test_0763
  复用已有裁判结果：MiniMax-M3
  正在调用主裁判：doubao-seed-2.0-lite
  主裁判完成：doubao-seed-2.0-lite -> supports_wrong_score
  复用已有第三裁判：doubao-seed-2.1-turbo
  样本状态=完成 共识=supports_wrong_score 方法=majority_vote；总进度=45/151，未完成=106
[49/151] 任务=rev_util_actionability seed=44 类别=有害 id=actionability_test_0532
  复用已有裁判结果：MiniMax-M3
  正在调用主裁判：doubao-seed-2.0-lite
  主裁判完成：doubao-seed-2.0-lite -> supports_wrong_score
  主裁判分歧，正在调用第三裁判：doubao-seed-2.1-turbo
  第三裁判完成：doubao-seed-2.1-turbo -> supports_wrong_score
  样本状态=完成 共识=supports_wrong_score 方法=majority_vote；总进度=46/151，未完成=105
[50/151] 任务=rev_util_actionability seed=42 类别=有害 id=actionability_test_0379
  复用已有裁判结果：MiniMax-M3
  正在调用主裁判：doubao-seed-2.0-lite
  主裁判完成：doubao-seed-2.0-lite -> supports_wrong_score
  样本状态=完成 共识=supports_wrong_score 方法=primary_agreement；总进度=47/151，未完成=104
[51/151] 任务=rev_util_grounding_specificity seed=42 类别=有益 id=grounding_specificity_test_0469
  复用已有裁判结果：MiniMax-M3
  正在调用主裁判：doubao-seed-2.0-lite
  主裁判完成：doubao-seed-2.0-lite -> supports_correct_score
  样本状态=完成 共识=supports_correct_score 方法=primary_agreement；总进度=48/151，未完成=103
[52/151] 任务=rev_util_grounding_specificity seed=43 类别=有益 id=grounding_specificity_test_0952
  复用已有裁判结果：MiniMax-M3
  正在调用主裁判：doubao-seed-2.0-lite
  主裁判完成：doubao-seed-2.0-lite -> supports_correct_score
  样本状态=完成 共识=supports_correct_score 方法=primary_agreement；总进度=49/151，未完成=102
[53/151] 任务=rev_util_grounding_specificity seed=43 类别=有害 id=grounding_specificity_test_0260
  复用已有裁判结果：MiniMax-M3
  正在调用主裁判：doubao-seed-2.0-lite
  主裁判完成：doubao-seed-2.0-lite -> supports_wrong_score
  样本状态=完成 共识=supports_wrong_score 方法=primary_agreement；总进度=50/151，未完成=101
[54/151] 任务=rev_util_grounding_specificity seed=42 类别=有益 id=grounding_specificity_test_0361
  复用已有裁判结果：MiniMax-M3
  正在调用主裁判：doubao-seed-2.0-lite
  主裁判完成：doubao-seed-2.0-lite -> supports_correct_score
  样本状态=完成 共识=supports_correct_score 方法=primary_agreement；总进度=51/151，未完成=100
[55/151] 任务=rev_util_grounding_specificity seed=44 类别=有害 id=grounding_specificity_test_0245
  复用已有裁判结果：MiniMax-M3
  正在调用主裁判：doubao-seed-2.0-lite
  主裁判完成：doubao-seed-2.0-lite -> supports_wrong_score
  样本状态=完成 共识=supports_wrong_score 方法=primary_agreement；总进度=52/151，未完成=99
[56/151] 任务=rev_util_grounding_specificity seed=44 类别=有害 id=grounding_specificity_test_0056
  复用已有裁判结果：MiniMax-M3
  正在调用主裁判：doubao-seed-2.0-lite
  主裁判完成：doubao-seed-2.0-lite -> supports_wrong_score
  样本状态=完成 共识=supports_wrong_score 方法=primary_agreement；总进度=53/151，未完成=98
[57/151] 任务=rev_util_grounding_specificity seed=43 类别=有益 id=grounding_specificity_test_0700
  复用已有裁判结果：MiniMax-M3
  正在调用主裁判：doubao-seed-2.0-lite
  主裁判完成：doubao-seed-2.0-lite -> supports_correct_score
  样本状态=完成 共识=supports_correct_score 方法=primary_agreement；总进度=54/151，未完成=97
[58/151] 任务=rev_util_grounding_specificity seed=44 类别=有害 id=grounding_specificity_test_0867
  复用已有裁判结果：MiniMax-M3
  正在调用主裁判：doubao-seed-2.0-lite
  主裁判完成：doubao-seed-2.0-lite -> supports_wrong_score
  样本状态=完成 共识=supports_wrong_score 方法=primary_agreement；总进度=55/151，未完成=96
[59/151] 任务=rev_util_grounding_specificity seed=44 类别=有害 id=grounding_specificity_test_0160
  复用已有裁判结果：MiniMax-M3
  正在调用主裁判：doubao-seed-2.0-lite
  主裁判完成：doubao-seed-2.0-lite -> supports_wrong_score
  样本状态=完成 共识=supports_wrong_score 方法=primary_agreement；总进度=56/151，未完成=95
[60/151] 任务=rev_util_grounding_specificity seed=42 类别=有益 id=grounding_specificity_test_0375
  复用已有裁判结果：MiniMax-M3
  正在调用主裁判：doubao-seed-2.0-lite
  主裁判完成：doubao-seed-2.0-lite -> supports_correct_score
  样本状态=完成 共识=supports_correct_score 方法=primary_agreement；总进度=57/151，未完成=94
[61/151] 任务=rev_util_grounding_specificity seed=43 类别=有益 id=grounding_specificity_test_0093
  复用已有裁判结果：MiniMax-M3
  正在调用主裁判：doubao-seed-2.0-lite
  主裁判完成：doubao-seed-2.0-lite -> supports_correct_score
  样本状态=完成 共识=supports_correct_score 方法=primary_agreement；总进度=58/151，未完成=93
[62/151] 任务=rev_util_grounding_specificity seed=42 类别=有益 id=grounding_specificity_test_0335
  复用已有裁判结果：MiniMax-M3
  正在调用主裁判：doubao-seed-2.0-lite
  主裁判完成：doubao-seed-2.0-lite -> supports_correct_score
  样本状态=完成 共识=supports_correct_score 方法=primary_agreement；总进度=59/151，未完成=92
[63/151] 任务=rev_util_grounding_specificity seed=44 类别=有害 id=grounding_specificity_test_0468
  复用已有裁判结果：MiniMax-M3
  正在调用主裁判：doubao-seed-2.0-lite
  主裁判完成：doubao-seed-2.0-lite -> supports_wrong_score
  样本状态=完成 共识=supports_wrong_score 方法=primary_agreement；总进度=60/151，未完成=91
[64/151] 任务=rev_util_grounding_specificity seed=43 类别=有益 id=grounding_specificity_test_0200
  复用已有裁判结果：MiniMax-M3
  正在调用主裁判：doubao-seed-2.0-lite
  主裁判完成：doubao-seed-2.0-lite -> supports_correct_score
  样本状态=完成 共识=supports_correct_score 方法=primary_agreement；总进度=61/151，未完成=90
[65/151] 任务=rev_util_grounding_specificity seed=42 类别=有益 id=grounding_specificity_test_0237
  复用已有裁判结果：MiniMax-M3
  正在调用主裁判：doubao-seed-2.0-lite
  主裁判完成：doubao-seed-2.0-lite -> supports_correct_score
  样本状态=完成 共识=supports_correct_score 方法=primary_agreement；总进度=62/151，未完成=89
[66/151] 任务=rev_util_grounding_specificity seed=42 类别=有害 id=grounding_specificity_test_0877
  复用已有裁判结果：MiniMax-M3
  正在调用主裁判：doubao-seed-2.0-lite
  主裁判完成：doubao-seed-2.0-lite -> supports_wrong_score
  样本状态=完成 共识=supports_wrong_score 方法=primary_agreement；总进度=63/151，未完成=88
[67/151] 任务=rev_util_grounding_specificity seed=43 类别=有害 id=grounding_specificity_test_0445
  复用已有裁判结果：MiniMax-M3
  正在调用主裁判：doubao-seed-2.0-lite
  主裁判完成：doubao-seed-2.0-lite -> supports_wrong_score
  样本状态=完成 共识=supports_wrong_score 方法=primary_agreement；总进度=64/151，未完成=87
[68/151] 任务=rev_util_grounding_specificity seed=43 类别=有益 id=grounding_specificity_test_0639
  复用已有裁判结果：MiniMax-M3
  正在调用主裁判：doubao-seed-2.0-lite
  主裁判完成：doubao-seed-2.0-lite -> supports_correct_score
  样本状态=完成 共识=supports_correct_score 方法=primary_agreement；总进度=65/151，未完成=86
[69/151] 任务=rev_util_grounding_specificity seed=43 类别=有益 id=grounding_specificity_test_0551
  复用已有裁判结果：MiniMax-M3
  正在调用主裁判：doubao-seed-2.0-lite
  主裁判完成：doubao-seed-2.0-lite -> supports_correct_score
  样本状态=完成 共识=supports_correct_score 方法=primary_agreement；总进度=66/151，未完成=85
[70/151] 任务=rev_util_grounding_specificity seed=44 类别=有害 id=grounding_specificity_test_0903
  复用已有裁判结果：MiniMax-M3
  正在调用主裁判：doubao-seed-2.0-lite
  主裁判完成：doubao-seed-2.0-lite -> supports_wrong_score
  复用已有第三裁判：doubao-seed-2.1-turbo
  样本状态=完成 共识=supports_wrong_score 方法=majority_vote；总进度=67/151，未完成=84
[71/151] 任务=rev_util_grounding_specificity seed=44 类别=有害 id=grounding_specificity_test_0015
  复用已有裁判结果：MiniMax-M3
  正在调用主裁判：doubao-seed-2.0-lite
  主裁判完成：doubao-seed-2.0-lite -> supports_wrong_score
  样本状态=完成 共识=supports_wrong_score 方法=primary_agreement；总进度=68/151，未完成=83
[72/151] 任务=rev_util_grounding_specificity seed=43 类别=有害 id=grounding_specificity_test_0458
  复用已有裁判结果：MiniMax-M3
  正在调用主裁判：doubao-seed-2.0-lite
  主裁判完成：doubao-seed-2.0-lite -> supports_wrong_score
  样本状态=完成 共识=supports_wrong_score 方法=primary_agreement；总进度=69/151，未完成=82
[73/151] 任务=rev_util_grounding_specificity seed=44 类别=有益 id=grounding_specificity_test_0187
  复用已有裁判结果：MiniMax-M3
  正在调用主裁判：doubao-seed-2.0-lite
  主裁判完成：doubao-seed-2.0-lite -> supports_correct_score
  样本状态=完成 共识=supports_correct_score 方法=primary_agreement；总进度=70/151，未完成=81
[74/151] 任务=rev_util_grounding_specificity seed=43 类别=有害 id=grounding_specificity_test_0221
  复用已有裁判结果：MiniMax-M3
  正在调用主裁判：doubao-seed-2.0-lite
  主裁判完成：doubao-seed-2.0-lite -> supports_wrong_score
  样本状态=完成 共识=supports_wrong_score 方法=primary_agreement；总进度=71/151，未完成=80
[75/151] 任务=rev_util_grounding_specificity seed=42 类别=有益 id=grounding_specificity_test_0833
  复用已有裁判结果：MiniMax-M3
  正在调用主裁判：doubao-seed-2.0-lite
  主裁判完成：doubao-seed-2.0-lite -> supports_correct_score
  样本状态=完成 共识=supports_correct_score 方法=primary_agreement；总进度=72/151，未完成=79
[76/151] 任务=rev_util_grounding_specificity seed=44 类别=有益 id=grounding_specificity_test_0361
  复用已有裁判结果：MiniMax-M3
  正在调用主裁判：doubao-seed-2.0-lite
  主裁判完成：doubao-seed-2.0-lite -> supports_correct_score
  样本状态=完成 共识=supports_correct_score 方法=primary_agreement；总进度=73/151，未完成=78
[77/151] 任务=rev_util_grounding_specificity seed=43 类别=有害 id=grounding_specificity_test_0078
  复用已有裁判结果：MiniMax-M3
  正在调用主裁判：doubao-seed-2.0-lite
  主裁判完成：doubao-seed-2.0-lite -> supports_wrong_score
  样本状态=完成 共识=supports_wrong_score 方法=primary_agreement；总进度=74/151，未完成=77
[78/151] 任务=rev_util_grounding_specificity seed=44 类别=有害 id=grounding_specificity_test_0121
  复用已有裁判结果：MiniMax-M3
  正在调用主裁判：doubao-seed-2.0-lite
  主裁判完成：doubao-seed-2.0-lite -> supports_wrong_score
  复用已有第三裁判：doubao-seed-2.1-turbo
  样本状态=完成 共识=supports_wrong_score 方法=majority_vote；总进度=75/151，未完成=76
[79/151] 任务=rev_util_grounding_specificity seed=44 类别=有益 id=grounding_specificity_test_0031
  复用已有裁判结果：MiniMax-M3
  正在调用主裁判：doubao-seed-2.0-lite
  主裁判完成：doubao-seed-2.0-lite -> supports_correct_score
  样本状态=完成 共识=supports_correct_score 方法=primary_agreement；总进度=76/151，未完成=75
[80/151] 任务=rev_util_grounding_specificity seed=42 类别=有益 id=grounding_specificity_test_0640
  复用已有裁判结果：MiniMax-M3
  正在调用主裁判：doubao-seed-2.0-lite
  主裁判完成：doubao-seed-2.0-lite -> supports_correct_score
  样本状态=完成 共识=supports_correct_score 方法=primary_agreement；总进度=77/151，未完成=74
[81/151] 任务=rev_util_grounding_specificity seed=42 类别=有益 id=grounding_specificity_test_0924
  复用已有裁判结果：MiniMax-M3
  正在调用主裁判：doubao-seed-2.0-lite
  主裁判完成：doubao-seed-2.0-lite -> supports_correct_score
  样本状态=完成 共识=supports_correct_score 方法=primary_agreement；总进度=78/151，未完成=73
[82/151] 任务=rev_util_grounding_specificity seed=42 类别=有益 id=grounding_specificity_test_0072
  复用已有裁判结果：MiniMax-M3
  正在调用主裁判：doubao-seed-2.0-lite
  主裁判完成：doubao-seed-2.0-lite -> supports_correct_score
  样本状态=完成 共识=supports_correct_score 方法=primary_agreement；总进度=79/151，未完成=72
[83/151] 任务=rev_util_grounding_specificity seed=43 类别=有益 id=grounding_specificity_test_0382
  复用已有裁判结果：MiniMax-M3
  正在调用主裁判：doubao-seed-2.0-lite
  主裁判完成：doubao-seed-2.0-lite -> supports_correct_score
  样本状态=完成 共识=supports_correct_score 方法=primary_agreement；总进度=80/151，未完成=71
[84/151] 任务=rev_util_grounding_specificity seed=43 类别=有害 id=grounding_specificity_test_0624
  复用已有裁判结果：MiniMax-M3
  正在调用主裁判：doubao-seed-2.0-lite
  主裁判完成：doubao-seed-2.0-lite -> supports_wrong_score
  主裁判分歧，正在调用第三裁判：doubao-seed-2.1-turbo
  第三裁判完成：doubao-seed-2.1-turbo -> supports_wrong_score
  样本状态=完成 共识=supports_wrong_score 方法=majority_vote；总进度=81/151，未完成=70
[85/151] 任务=rev_util_grounding_specificity seed=44 类别=有益 id=grounding_specificity_test_0568
  复用已有裁判结果：MiniMax-M3
  正在调用主裁判：doubao-seed-2.0-lite
  主裁判完成：doubao-seed-2.0-lite -> supports_correct_score
  样本状态=完成 共识=supports_correct_score 方法=primary_agreement；总进度=82/151，未完成=69
[86/151] 任务=rev_util_grounding_specificity seed=42 类别=有害 id=grounding_specificity_test_0463
  复用已有裁判结果：MiniMax-M3
  正在调用主裁判：doubao-seed-2.0-lite
  主裁判完成：doubao-seed-2.0-lite -> supports_wrong_score
  样本状态=完成 共识=supports_wrong_score 方法=primary_agreement；总进度=83/151，未完成=68
[87/151] 任务=rev_util_grounding_specificity seed=44 类别=有益 id=grounding_specificity_test_0993
  复用已有裁判结果：MiniMax-M3
  正在调用主裁判：doubao-seed-2.0-lite
  主裁判完成：doubao-seed-2.0-lite -> supports_correct_score
  样本状态=完成 共识=supports_correct_score 方法=primary_agreement；总进度=84/151，未完成=67
[88/151] 任务=rev_util_grounding_specificity seed=43 类别=有害 id=grounding_specificity_test_0815
  复用已有裁判结果：MiniMax-M3
  正在调用主裁判：doubao-seed-2.0-lite
  主裁判完成：doubao-seed-2.0-lite -> supports_wrong_score
  主裁判分歧，正在调用第三裁判：doubao-seed-2.1-turbo
  第三裁判完成：doubao-seed-2.1-turbo -> supports_wrong_score
  样本状态=完成 共识=supports_wrong_score 方法=majority_vote；总进度=85/151，未完成=66
[89/151] 任务=rev_util_grounding_specificity seed=43 类别=有害 id=grounding_specificity_test_0780
  复用已有裁判结果：MiniMax-M3
  正在调用主裁判：doubao-seed-2.0-lite
  主裁判完成：doubao-seed-2.0-lite -> supports_wrong_score
  复用已有第三裁判：doubao-seed-2.1-turbo
  样本状态=完成 共识=supports_wrong_score 方法=majority_vote；总进度=86/151，未完成=65
[90/151] 任务=rev_util_grounding_specificity seed=42 类别=有害 id=grounding_specificity_test_0867
  复用已有裁判结果：MiniMax-M3
  正在调用主裁判：doubao-seed-2.0-lite
  主裁判完成：doubao-seed-2.0-lite -> supports_wrong_score
  样本状态=完成 共识=supports_wrong_score 方法=primary_agreement；总进度=87/151，未完成=64
[91/151] 任务=rev_util_grounding_specificity seed=42 类别=有益 id=grounding_specificity_test_0675
  复用已有裁判结果：MiniMax-M3
  正在调用主裁判：doubao-seed-2.0-lite
  主裁判完成：doubao-seed-2.0-lite -> supports_correct_score
  样本状态=完成 共识=supports_correct_score 方法=primary_agreement；总进度=88/151，未完成=63
[92/151] 任务=rev_util_grounding_specificity seed=44 类别=有益 id=grounding_specificity_test_0647
  复用已有裁判结果：MiniMax-M3
  正在调用主裁判：doubao-seed-2.0-lite
  主裁判完成：doubao-seed-2.0-lite -> supports_correct_score
  样本状态=完成 共识=supports_correct_score 方法=primary_agreement；总进度=89/151，未完成=62
[93/151] 任务=rev_util_grounding_specificity seed=43 类别=有益 id=grounding_specificity_test_0640
  复用已有裁判结果：MiniMax-M3
  正在调用主裁判：doubao-seed-2.0-lite
  主裁判完成：doubao-seed-2.0-lite -> supports_correct_score
  样本状态=完成 共识=supports_correct_score 方法=primary_agreement；总进度=90/151，未完成=61
[94/151] 任务=rev_util_grounding_specificity seed=44 类别=有害 id=grounding_specificity_test_0855
  复用已有裁判结果：MiniMax-M3
  正在调用主裁判：doubao-seed-2.0-lite
  主裁判完成：doubao-seed-2.0-lite -> supports_wrong_score
  样本状态=完成 共识=supports_wrong_score 方法=primary_agreement；总进度=91/151，未完成=60
[95/151] 任务=rev_util_grounding_specificity seed=42 类别=有害 id=grounding_specificity_test_0903
  复用已有裁判结果：MiniMax-M3
  正在调用主裁判：doubao-seed-2.0-lite
  主裁判完成：doubao-seed-2.0-lite -> supports_wrong_score
  主裁判分歧，正在调用第三裁判：doubao-seed-2.1-turbo
  第三裁判完成：doubao-seed-2.1-turbo -> supports_wrong_score
  样本状态=完成 共识=supports_wrong_score 方法=majority_vote；总进度=92/151，未完成=59
[96/151] 任务=rev_util_grounding_specificity seed=44 类别=有害 id=grounding_specificity_test_0485
  复用已有裁判结果：MiniMax-M3
  正在调用主裁判：doubao-seed-2.0-lite
  主裁判完成：doubao-seed-2.0-lite -> supports_wrong_score
  样本状态=完成 共识=supports_wrong_score 方法=primary_agreement；总进度=93/151，未完成=58
[97/151] 任务=rev_util_grounding_specificity seed=43 类别=有害 id=grounding_specificity_test_0181
  复用已有裁判结果：MiniMax-M3
  正在调用主裁判：doubao-seed-2.0-lite
  主裁判完成：doubao-seed-2.0-lite -> supports_wrong_score
  样本状态=完成 共识=supports_wrong_score 方法=primary_agreement；总进度=94/151，未完成=57
[98/151] 任务=rev_util_grounding_specificity seed=43 类别=有益 id=grounding_specificity_test_0380
  复用已有裁判结果：MiniMax-M3
  正在调用主裁判：doubao-seed-2.0-lite
  主裁判完成：doubao-seed-2.0-lite -> supports_correct_score
  样本状态=完成 共识=supports_correct_score 方法=primary_agreement；总进度=95/151，未完成=56
[99/151] 任务=rev_util_grounding_specificity seed=43 类别=有害 id=grounding_specificity_test_0285
  复用已有裁判结果：MiniMax-M3
  正在调用主裁判：doubao-seed-2.0-lite
  主裁判完成：doubao-seed-2.0-lite -> supports_wrong_score
  样本状态=完成 共识=supports_wrong_score 方法=primary_agreement；总进度=96/151，未完成=55
[100/151] 任务=rev_util_grounding_specificity seed=43 类别=有害 id=grounding_specificity_test_0104
  复用已有裁判结果：MiniMax-M3
  正在调用主裁判：doubao-seed-2.0-lite
  主裁判完成：doubao-seed-2.0-lite -> supports_wrong_score
  样本状态=完成 共识=supports_wrong_score 方法=primary_agreement；总进度=97/151，未完成=54
[101/151] 任务=rev_util_verifiability seed=42 类别=有害 id=verifiability_test_0111
  复用已有裁判结果：MiniMax-M3
  正在调用主裁判：doubao-seed-2.0-lite
  主裁判完成：doubao-seed-2.0-lite -> supports_wrong_score
  样本状态=完成 共识=supports_wrong_score 方法=primary_agreement；总进度=98/151，未完成=53
[102/151] 任务=rev_util_verifiability seed=42 类别=有害 id=verifiability_test_0206
  复用已有裁判结果：MiniMax-M3
  正在调用主裁判：doubao-seed-2.0-lite
  主裁判完成：doubao-seed-2.0-lite -> supports_wrong_score
  样本状态=完成 共识=supports_wrong_score 方法=primary_agreement；总进度=99/151，未完成=52
[103/151] 任务=rev_util_verifiability seed=42 类别=有害 id=verifiability_test_0233
  复用已有裁判结果：MiniMax-M3
  正在调用主裁判：doubao-seed-2.0-lite
  主裁判完成：doubao-seed-2.0-lite -> supports_wrong_score
  样本状态=完成 共识=supports_wrong_score 方法=primary_agreement；总进度=100/151，未完成=51
[104/151] 任务=rev_util_verifiability seed=42 类别=有害 id=verifiability_test_0323
  复用已有裁判结果：MiniMax-M3
  正在调用主裁判：doubao-seed-2.0-lite
  主裁判完成：doubao-seed-2.0-lite -> supports_wrong_score
  样本状态=完成 共识=supports_wrong_score 方法=primary_agreement；总进度=101/151，未完成=50
[105/151] 任务=rev_util_verifiability seed=42 类别=有害 id=verifiability_test_0392
  复用已有裁判结果：MiniMax-M3
  正在调用主裁判：doubao-seed-2.0-lite
  主裁判完成：doubao-seed-2.0-lite -> supports_wrong_score
  样本状态=完成 共识=supports_wrong_score 方法=primary_agreement；总进度=102/151，未完成=49
[106/151] 任务=rev_util_verifiability seed=42 类别=有益 id=verifiability_test_0400
  复用已有裁判结果：MiniMax-M3
  正在调用主裁判：doubao-seed-2.0-lite
  主裁判完成：doubao-seed-2.0-lite -> supports_correct_score
  样本状态=完成 共识=supports_correct_score 方法=primary_agreement；总进度=103/151，未完成=48
[107/151] 任务=rev_util_verifiability seed=42 类别=有害 id=verifiability_test_0451
  复用已有裁判结果：MiniMax-M3
  正在调用主裁判：doubao-seed-2.0-lite
  主裁判完成：doubao-seed-2.0-lite -> supports_wrong_score
  样本状态=完成 共识=supports_wrong_score 方法=primary_agreement；总进度=104/151，未完成=47
[108/151] 任务=rev_util_verifiability seed=42 类别=有害 id=verifiability_test_0489
  复用已有裁判结果：MiniMax-M3
  正在调用主裁判：doubao-seed-2.0-lite
  主裁判完成：doubao-seed-2.0-lite -> supports_wrong_score
  样本状态=完成 共识=supports_wrong_score 方法=primary_agreement；总进度=105/151，未完成=46
[109/151] 任务=rev_util_verifiability seed=42 类别=有害 id=verifiability_test_0491
  复用已有裁判结果：MiniMax-M3
  正在调用主裁判：doubao-seed-2.0-lite
  主裁判完成：doubao-seed-2.0-lite -> supports_wrong_score
  样本状态=完成 共识=supports_wrong_score 方法=primary_agreement；总进度=106/151，未完成=45
[110/151] 任务=rev_util_verifiability seed=42 类别=有害 id=verifiability_test_0524
  复用已有裁判结果：MiniMax-M3
  正在调用主裁判：doubao-seed-2.0-lite
  主裁判完成：doubao-seed-2.0-lite -> supports_wrong_score
  样本状态=完成 共识=supports_wrong_score 方法=primary_agreement；总进度=107/151，未完成=44
[111/151] 任务=rev_util_verifiability seed=42 类别=有害 id=verifiability_test_0584
  复用已有裁判结果：MiniMax-M3
  正在调用主裁判：doubao-seed-2.0-lite
  主裁判完成：doubao-seed-2.0-lite -> supports_wrong_score
  样本状态=完成 共识=supports_wrong_score 方法=primary_agreement；总进度=108/151，未完成=43
[112/151] 任务=rev_util_verifiability seed=42 类别=有害 id=verifiability_test_0596
  复用已有裁判结果：MiniMax-M3
  正在调用主裁判：doubao-seed-2.0-lite
  主裁判完成：doubao-seed-2.0-lite -> supports_wrong_score
  样本状态=完成 共识=supports_wrong_score 方法=primary_agreement；总进度=109/151，未完成=42
[113/151] 任务=rev_util_verifiability seed=42 类别=有害 id=verifiability_test_0640
  复用已有裁判结果：MiniMax-M3
  正在调用主裁判：doubao-seed-2.0-lite
  主裁判完成：doubao-seed-2.0-lite -> supports_wrong_score
  样本状态=完成 共识=supports_wrong_score 方法=primary_agreement；总进度=110/151，未完成=41
[114/151] 任务=rev_util_verifiability seed=42 类别=有益 id=verifiability_test_0704
  复用已有裁判结果：MiniMax-M3
  正在调用主裁判：doubao-seed-2.0-lite
  主裁判完成：doubao-seed-2.0-lite -> supports_correct_score
  样本状态=完成 共识=supports_correct_score 方法=primary_agreement；总进度=111/151，未完成=40
[115/151] 任务=rev_util_verifiability seed=42 类别=有害 id=verifiability_test_0705
  复用已有裁判结果：MiniMax-M3
  正在调用主裁判：doubao-seed-2.0-lite
  主裁判完成：doubao-seed-2.0-lite -> supports_wrong_score
  样本状态=完成 共识=supports_wrong_score 方法=primary_agreement；总进度=112/151，未完成=39
[116/151] 任务=rev_util_verifiability seed=42 类别=有害 id=verifiability_test_0713
  复用已有裁判结果：MiniMax-M3
  正在调用主裁判：doubao-seed-2.0-lite
  主裁判完成：doubao-seed-2.0-lite -> supports_wrong_score
  样本状态=完成 共识=supports_wrong_score 方法=primary_agreement；总进度=113/151，未完成=38
[117/151] 任务=rev_util_verifiability seed=42 类别=有害 id=verifiability_test_0722
  复用已有裁判结果：MiniMax-M3
  正在调用主裁判：doubao-seed-2.0-lite
  主裁判完成：doubao-seed-2.0-lite -> supports_wrong_score
  样本状态=完成 共识=supports_wrong_score 方法=primary_agreement；总进度=114/151，未完成=37
[118/151] 任务=rev_util_verifiability seed=43 类别=有害 id=verifiability_test_0011
  复用已有裁判结果：MiniMax-M3
  正在调用主裁判：doubao-seed-2.0-lite
  主裁判完成：doubao-seed-2.0-lite -> supports_wrong_score
  样本状态=完成 共识=supports_wrong_score 方法=primary_agreement；总进度=115/151，未完成=36
[119/151] 任务=rev_util_verifiability seed=43 类别=有害 id=verifiability_test_0206
  复用已有裁判结果：MiniMax-M3
  正在调用主裁判：doubao-seed-2.0-lite
  主裁判完成：doubao-seed-2.0-lite -> supports_wrong_score
  样本状态=完成 共识=supports_wrong_score 方法=primary_agreement；总进度=116/151，未完成=35
[120/151] 任务=rev_util_verifiability seed=43 类别=有害 id=verifiability_test_0257
  复用已有裁判结果：MiniMax-M3
  正在调用主裁判：doubao-seed-2.0-lite
  主裁判完成：doubao-seed-2.0-lite -> supports_wrong_score
  样本状态=完成 共识=supports_wrong_score 方法=primary_agreement；总进度=117/151，未完成=34
[121/151] 任务=rev_util_verifiability seed=43 类别=有害 id=verifiability_test_0262
  复用已有裁判结果：MiniMax-M3
  正在调用主裁判：doubao-seed-2.0-lite
  主裁判完成：doubao-seed-2.0-lite -> supports_wrong_score
  样本状态=完成 共识=supports_wrong_score 方法=primary_agreement；总进度=118/151，未完成=33
[122/151] 任务=rev_util_verifiability seed=43 类别=有益 id=verifiability_test_0289
  复用已有裁判结果：MiniMax-M3
  正在调用主裁判：doubao-seed-2.0-lite
  主裁判完成：doubao-seed-2.0-lite -> supports_correct_score
  样本状态=完成 共识=supports_correct_score 方法=primary_agreement；总进度=119/151，未完成=32
[123/151] 任务=rev_util_verifiability seed=43 类别=有害 id=verifiability_test_0367
  复用已有裁判结果：MiniMax-M3
  正在调用主裁判：doubao-seed-2.0-lite
  主裁判完成：doubao-seed-2.0-lite -> supports_wrong_score
  样本状态=完成 共识=supports_wrong_score 方法=primary_agreement；总进度=120/151，未完成=31
[124/151] 任务=rev_util_verifiability seed=43 类别=有害 id=verifiability_test_0489
  复用已有裁判结果：MiniMax-M3
  正在调用主裁判：doubao-seed-2.0-lite
  主裁判完成：doubao-seed-2.0-lite -> supports_wrong_score
  样本状态=完成 共识=supports_wrong_score 方法=primary_agreement；总进度=121/151，未完成=30
[125/151] 任务=rev_util_verifiability seed=43 类别=有害 id=verifiability_test_0510
  复用已有裁判结果：MiniMax-M3
  正在调用主裁判：doubao-seed-2.0-lite
  主裁判完成：doubao-seed-2.0-lite -> supports_wrong_score
  样本状态=完成 共识=supports_wrong_score 方法=primary_agreement；总进度=122/151，未完成=29
[126/151] 任务=rev_util_verifiability seed=43 类别=有害 id=verifiability_test_0584
  复用已有裁判结果：MiniMax-M3
  正在调用主裁判：doubao-seed-2.0-lite
  主裁判完成：doubao-seed-2.0-lite -> supports_wrong_score
  样本状态=完成 共识=supports_wrong_score 方法=primary_agreement；总进度=123/151，未完成=28
[127/151] 任务=rev_util_verifiability seed=43 类别=有害 id=verifiability_test_0705
  复用已有裁判结果：MiniMax-M3
  正在调用主裁判：doubao-seed-2.0-lite
  主裁判完成：doubao-seed-2.0-lite -> supports_wrong_score
  样本状态=完成 共识=supports_wrong_score 方法=primary_agreement；总进度=124/151，未完成=27
[128/151] 任务=rev_util_verifiability seed=44 类别=有害 id=verifiability_test_0206
  复用已有裁判结果：MiniMax-M3
  正在调用主裁判：doubao-seed-2.0-lite
  主裁判完成：doubao-seed-2.0-lite -> supports_wrong_score
  样本状态=完成 共识=supports_wrong_score 方法=primary_agreement；总进度=125/151，未完成=26
[129/151] 任务=rev_util_verifiability seed=44 类别=有害 id=verifiability_test_0251
  复用已有裁判结果：MiniMax-M3
  正在调用主裁判：doubao-seed-2.0-lite
  主裁判完成：doubao-seed-2.0-lite -> supports_wrong_score
  样本状态=完成 共识=supports_wrong_score 方法=primary_agreement；总进度=126/151，未完成=25
[130/151] 任务=rev_util_verifiability seed=44 类别=有害 id=verifiability_test_0257
  复用已有裁判结果：MiniMax-M3
  正在调用主裁判：doubao-seed-2.0-lite
  主裁判完成：doubao-seed-2.0-lite -> supports_wrong_score
  样本状态=完成 共识=supports_wrong_score 方法=primary_agreement；总进度=127/151，未完成=24
[131/151] 任务=rev_util_verifiability seed=44 类别=有益 id=verifiability_test_0289
  复用已有裁判结果：MiniMax-M3
  正在调用主裁判：doubao-seed-2.0-lite
  主裁判完成：doubao-seed-2.0-lite -> supports_correct_score
  样本状态=完成 共识=supports_correct_score 方法=primary_agreement；总进度=128/151，未完成=23
[132/151] 任务=rev_util_verifiability seed=44 类别=有益 id=verifiability_test_0299
  复用已有裁判结果：MiniMax-M3
  正在调用主裁判：doubao-seed-2.0-lite
  主裁判完成：doubao-seed-2.0-lite -> supports_correct_score
  样本状态=完成 共识=supports_correct_score 方法=primary_agreement；总进度=129/151，未完成=22
[133/151] 任务=rev_util_verifiability seed=44 类别=有害 id=verifiability_test_0323
  复用已有裁判结果：MiniMax-M3
  正在调用主裁判：doubao-seed-2.0-lite
  主裁判完成：doubao-seed-2.0-lite -> supports_wrong_score
  样本状态=完成 共识=supports_wrong_score 方法=primary_agreement；总进度=130/151，未完成=21
[134/151] 任务=rev_util_verifiability seed=44 类别=有害 id=verifiability_test_0407
  复用已有裁判结果：MiniMax-M3
  正在调用主裁判：doubao-seed-2.0-lite
  主裁判完成：doubao-seed-2.0-lite -> supports_wrong_score
  样本状态=完成 共识=supports_wrong_score 方法=primary_agreement；总进度=131/151，未完成=20
[135/151] 任务=rev_util_verifiability seed=44 类别=有害 id=verifiability_test_0413
  复用已有裁判结果：MiniMax-M3
  正在调用主裁判：doubao-seed-2.0-lite
  主裁判完成：doubao-seed-2.0-lite -> supports_wrong_score
  样本状态=完成 共识=supports_wrong_score 方法=primary_agreement；总进度=132/151，未完成=19
[136/151] 任务=rev_util_verifiability seed=44 类别=有害 id=verifiability_test_0450
  复用已有裁判结果：MiniMax-M3
  正在调用主裁判：doubao-seed-2.0-lite
  主裁判完成：doubao-seed-2.0-lite -> supports_wrong_score
  样本状态=完成 共识=supports_wrong_score 方法=primary_agreement；总进度=133/151，未完成=18
[137/151] 任务=rev_util_verifiability seed=44 类别=有害 id=verifiability_test_0489
  复用已有裁判结果：MiniMax-M3
  正在调用主裁判：doubao-seed-2.0-lite
  主裁判完成：doubao-seed-2.0-lite -> supports_wrong_score
  样本状态=完成 共识=supports_wrong_score 方法=primary_agreement；总进度=134/151，未完成=17
[138/151] 任务=rev_util_verifiability seed=44 类别=有益 id=verifiability_test_0497
  复用已有裁判结果：MiniMax-M3
  正在调用主裁判：doubao-seed-2.0-lite
  主裁判完成：doubao-seed-2.0-lite -> supports_correct_score
  样本状态=完成 共识=supports_correct_score 方法=primary_agreement；总进度=135/151，未完成=16
[139/151] 任务=rev_util_verifiability seed=44 类别=有害 id=verifiability_test_0510
  复用已有裁判结果：MiniMax-M3
  正在调用主裁判：doubao-seed-2.0-lite
  主裁判完成：doubao-seed-2.0-lite -> supports_wrong_score
  样本状态=完成 共识=supports_wrong_score 方法=primary_agreement；总进度=136/151，未完成=15
[140/151] 任务=rev_util_verifiability seed=44 类别=有益 id=verifiability_test_0693
  复用已有裁判结果：MiniMax-M3
  正在调用主裁判：doubao-seed-2.0-lite
  主裁判完成：doubao-seed-2.0-lite -> supports_correct_score
  样本状态=完成 共识=supports_correct_score 方法=primary_agreement；总进度=137/151，未完成=14
[141/151] 任务=rev_util_verifiability seed=44 类别=有害 id=verifiability_test_0698
  复用已有裁判结果：MiniMax-M3
  正在调用主裁判：doubao-seed-2.0-lite
  主裁判完成：doubao-seed-2.0-lite -> supports_wrong_score
  样本状态=完成 共识=supports_wrong_score 方法=primary_agreement；总进度=138/151，未完成=13
[142/151] 任务=rev_util_verifiability seed=44 类别=有害 id=verifiability_test_0705
  复用已有裁判结果：MiniMax-M3
  正在调用主裁判：doubao-seed-2.0-lite
  主裁判完成：doubao-seed-2.0-lite -> supports_wrong_score
  主裁判分歧，正在调用第三裁判：doubao-seed-2.1-turbo
  第三裁判失败：doubao-seed-2.1-turbo -> doubao-seed-2.1-turbo failed for rev_util_verifiability:44:verifiability_test_0705:label_only_correct_to_cot_severe: The read operation timed out
  样本状态=待补跑 共识=- 方法=missing_tiebreaker；总进度=138/151，未完成=13
[143/151] 任务=rev_util_verifiability seed=44 类别=有害 id=verifiability_test_0722
  复用已有裁判结果：MiniMax-M3
  正在调用主裁判：doubao-seed-2.0-lite
  主裁判完成：doubao-seed-2.0-lite -> supports_wrong_score
  样本状态=完成 共识=supports_wrong_score 方法=primary_agreement；总进度=139/151，未完成=12
[144/151] 任务=rev_util_helpfulness seed=42 类别=有害 id=helpfulness_test_0492
  正在调用主裁判：MiniMax-M3
  主裁判完成：MiniMax-M3 -> supports_wrong_score
  正在调用主裁判：doubao-seed-2.0-lite
  主裁判完成：doubao-seed-2.0-lite -> supports_wrong_score
  样本状态=完成 共识=supports_wrong_score 方法=primary_agreement；总进度=140/151，未完成=11
[145/151] 任务=rev_util_helpfulness seed=42 类别=有益 id=helpfulness_test_0750
  正在调用主裁判：MiniMax-M3
  主裁判完成：MiniMax-M3 -> supports_correct_score
  正在调用主裁判：doubao-seed-2.0-lite
  主裁判完成：doubao-seed-2.0-lite -> supports_correct_score
  样本状态=完成 共识=supports_correct_score 方法=primary_agreement；总进度=141/151，未完成=10
[146/151] 任务=rev_util_helpfulness seed=42 类别=有害 id=helpfulness_test_0753
  正在调用主裁判：MiniMax-M3
  主裁判完成：MiniMax-M3 -> supports_wrong_score
  正在调用主裁判：doubao-seed-2.0-lite
  主裁判完成：doubao-seed-2.0-lite -> supports_wrong_score
  样本状态=完成 共识=supports_wrong_score 方法=primary_agreement；总进度=142/151，未完成=9
[147/151] 任务=rev_util_helpfulness seed=43 类别=有益 id=helpfulness_test_0457
  正在调用主裁判：MiniMax-M3
  主裁判完成：MiniMax-M3 -> supports_correct_score
  正在调用主裁判：doubao-seed-2.0-lite
  主裁判完成：doubao-seed-2.0-lite -> supports_correct_score
  样本状态=完成 共识=supports_correct_score 方法=primary_agreement；总进度=143/151，未完成=8
[148/151] 任务=rev_util_helpfulness seed=43 类别=有益 id=helpfulness_test_0568
  正在调用主裁判：MiniMax-M3
  主裁判完成：MiniMax-M3 -> supports_correct_score
  正在调用主裁判：doubao-seed-2.0-lite
  主裁判完成：doubao-seed-2.0-lite -> supports_correct_score
  样本状态=完成 共识=supports_correct_score 方法=primary_agreement；总进度=144/151，未完成=7
[149/151] 任务=rev_util_helpfulness seed=43 类别=有益 id=helpfulness_test_0750
  正在调用主裁判：MiniMax-M3
  主裁判完成：MiniMax-M3 -> supports_correct_score
  正在调用主裁判：doubao-seed-2.0-lite
  主裁判完成：doubao-seed-2.0-lite -> supports_correct_score
  样本状态=完成 共识=supports_correct_score 方法=primary_agreement；总进度=145/151，未完成=6
[150/151] 任务=rev_util_helpfulness seed=44 类别=有害 id=helpfulness_test_0492
  正在调用主裁判：MiniMax-M3
  主裁判完成：MiniMax-M3 -> supports_wrong_score
  正在调用主裁判：doubao-seed-2.0-lite
  主裁判完成：doubao-seed-2.0-lite -> supports_wrong_score
  样本状态=完成 共识=supports_wrong_score 方法=primary_agreement；总进度=146/151，未完成=5
[151/151] 任务=rev_util_helpfulness seed=44 类别=有害 id=helpfulness_test_0753
  正在调用主裁判：MiniMax-M3
  主裁判完成：MiniMax-M3 -> supports_wrong_score
  正在调用主裁判：doubao-seed-2.0-lite
  主裁判完成：doubao-seed-2.0-lite -> supports_wrong_score
  样本状态=完成 共识=supports_wrong_score 方法=primary_agreement；总进度=147/151，未完成=4
评测结束：完成=147/151，未完成=4，多数票解决=10
=== CL→CC 任务结束，退出码：0 ===
