[1/20] dispatch 001_rev_util_actionability_cot_seed42
[001_rev_util_actionability_cot_seed42] start samples=10 adapter=/root/autodl-tmp/checkpoints/rev_util_actionability/cot/rev_util_actionability#qwen3_4b#cot__seed42__2026-07-29_10-27-06/adapter
[001_rev_util_actionability_cot_seed42] completed
[2/20] dispatch 002_rev_util_actionability_cot_seed43
[002_rev_util_actionability_cot_seed43] start samples=6 adapter=/root/autodl-tmp/checkpoints/rev_util_actionability/cot/rev_util_actionability#qwen3_4b#cot__seed43__2026-08-03_10-54-02/adapter
[002_rev_util_actionability_cot_seed43] completed
[3/20] dispatch 003_rev_util_actionability_cot_seed44
[003_rev_util_actionability_cot_seed44] start samples=6 adapter=/root/autodl-tmp/checkpoints/rev_util_actionability/cot/rev_util_actionability#qwen3_4b#cot__seed44__2026-08-18_21-56-36/adapter
[003_rev_util_actionability_cot_seed44] completed
[4/20] dispatch 004_rev_util_actionability_label_only_seed42
[004_rev_util_actionability_label_only_seed42] start samples=13 adapter=/root/autodl-tmp/checkpoints/rev_util_actionability/label_only/rev_util_actionability#qwen3_4b#label_only__seed42__2026-07-29_10-27-27/adapter
[004_rev_util_actionability_label_only_seed42] completed
[5/20] dispatch 005_rev_util_actionability_label_only_seed43
[005_rev_util_actionability_label_only_seed43] start samples=6 adapter=/root/autodl-tmp/checkpoints/rev_util_actionability/label_only/rev_util_actionability#qwen3_4b#label_only__seed43__2026-08-03_14-12-15/adapter
[005_rev_util_actionability_label_only_seed43] completed
[6/20] dispatch 006_rev_util_actionability_label_only_seed44
[006_rev_util_actionability_label_only_seed44] start samples=6 adapter=/root/autodl-tmp/checkpoints/rev_util_actionability/label_only/rev_util_actionability#qwen3_4b#label_only__seed44__2026-08-18_21-42-42/adapter
[006_rev_util_actionability_label_only_seed44] completed
[7/20] dispatch 007_rev_util_grounding_specificity_cot_seed42
[007_rev_util_grounding_specificity_cot_seed42] start samples=4 adapter=/root/autodl-tmp/checkpoints/rev_util_grounding_specificity/cot/rev_util_grounding_specificity#qwen3_4b#cot__seed42__2026-07-29_10-55-11/adapter
[007_rev_util_grounding_specificity_cot_seed42] completed
[8/20] dispatch 008_rev_util_grounding_specificity_cot_seed43
[008_rev_util_grounding_specificity_cot_seed43] start samples=11 adapter=/root/autodl-tmp/checkpoints/rev_util_grounding_specificity/cot/rev_util_grounding_specificity#qwen3_4b#cot__seed43__2026-08-03_10-54-19/adapter
[008_rev_util_grounding_specificity_cot_seed43] completed
[9/20] dispatch 009_rev_util_grounding_specificity_cot_seed44
[009_rev_util_grounding_specificity_cot_seed44] start samples=10 adapter=/root/autodl-tmp/checkpoints/rev_util_grounding_specificity/cot/rev_util_grounding_specificity#qwen3_4b#cot__seed44__2026-08-19_00-32-56/adapter
[009_rev_util_grounding_specificity_cot_seed44] completed
[10/20] dispatch 010_rev_util_grounding_specificity_label_only_seed42
[010_rev_util_grounding_specificity_label_only_seed42] start samples=3 adapter=/root/autodl-tmp/checkpoints/rev_util_grounding_specificity/label_only/rev_util_grounding_specificity#qwen3_4b#label_only__seed42__2026-07-29_10-43-06/adapter
[010_rev_util_grounding_specificity_label_only_seed42] completed
[11/20] dispatch 011_rev_util_grounding_specificity_label_only_seed43
[011_rev_util_grounding_specificity_label_only_seed43] start samples=9 adapter=/root/autodl-tmp/checkpoints/rev_util_grounding_specificity/label_only/rev_util_grounding_specificity#qwen3_4b#label_only__seed43__2026-08-03_14-12-19/adapter
[011_rev_util_grounding_specificity_label_only_seed43] completed
[12/20] dispatch 012_rev_util_grounding_specificity_label_only_seed44
[012_rev_util_grounding_specificity_label_only_seed44] start samples=6 adapter=/root/autodl-tmp/checkpoints/rev_util_grounding_specificity/label_only/rev_util_grounding_specificity#qwen3_4b#label_only__seed44__2026-08-19_00-12-26/adapter
[012_rev_util_grounding_specificity_label_only_seed44] completed
[13/20] dispatch 013_rev_util_helpfulness_cot_seed42
[013_rev_util_helpfulness_cot_seed42] start samples=2 adapter=/root/autodl-tmp/checkpoints/rev_util_helpfulness/cot/rev_util_helpfulness#qwen3_4b#cot__seed42__2026-07-29_12-04-05/adapter
[013_rev_util_helpfulness_cot_seed42] completed
[14/20] dispatch 014_rev_util_helpfulness_cot_seed44
[014_rev_util_helpfulness_cot_seed44] start samples=2 adapter=/root/autodl-tmp/checkpoints/rev_util_helpfulness/cot/rev_util_helpfulness#qwen3_4b#cot__seed44__2026-08-19_04-00-57/adapter
[014_rev_util_helpfulness_cot_seed44] completed
[15/20] dispatch 015_rev_util_verifiability_cot_seed42
[015_rev_util_verifiability_cot_seed42] start samples=15 adapter=/root/autodl-tmp/checkpoints/rev_util_verifiability/cot/rev_util_verifiability#qwen3_4b#cot__seed42__2026-07-29_12-37-58/adapter
[015_rev_util_verifiability_cot_seed42] completed
[16/20] dispatch 016_rev_util_verifiability_cot_seed43
[016_rev_util_verifiability_cot_seed43] start samples=9 adapter=/root/autodl-tmp/checkpoints/rev_util_verifiability/cot/rev_util_verifiability#qwen3_4b#cot__seed43__2026-08-03_11-36-12/adapter
[016_rev_util_verifiability_cot_seed43] completed
[17/20] dispatch 017_rev_util_verifiability_cot_seed44
[017_rev_util_verifiability_cot_seed44] start samples=11 adapter=/root/autodl-tmp/checkpoints/rev_util_verifiability/cot/rev_util_verifiability#qwen3_4b#cot__seed44__2026-08-19_11-05-09/adapter
[017_rev_util_verifiability_cot_seed44] completed
[18/20] dispatch 018_rev_util_verifiability_label_only_seed42
[018_rev_util_verifiability_label_only_seed42] start samples=9 adapter=/root/autodl-tmp/checkpoints/rev_util_verifiability/label_only/rev_util_verifiability#qwen3_4b#label_only__seed42__2026-07-29_11-24-13/adapter
[018_rev_util_verifiability_label_only_seed42] completed
[19/20] dispatch 019_rev_util_verifiability_label_only_seed43
[019_rev_util_verifiability_label_only_seed43] start samples=13 adapter=/root/autodl-tmp/checkpoints/rev_util_verifiability/label_only/rev_util_verifiability#qwen3_4b#label_only__seed43__2026-08-03_14-36-10/adapter
[019_rev_util_verifiability_label_only_seed43] completed
[20/20] dispatch 020_rev_util_verifiability_label_only_seed44
[020_rev_util_verifiability_label_only_seed44] start samples=7 adapter=/root/autodl-tmp/checkpoints/rev_util_verifiability/label_only/rev_util_verifiability#qwen3_4b#label_only__seed44__2026-08-19_10-51-10/adapter
[020_rev_util_verifiability_label_only_seed44] completed
finished: samples=158 valid=158 reproduced=157 output=/root/my-small-paper/outputs/analysis/interface_switch_harmful_samples/fixed_original_rescored_harmful_samples.jsonl
