[PREPARE] selected=338 output=/root/my-small-paper/outputs/analysis/scrs_rf_rationale_audit_on_rs_harmful_v1
[AUDIT] selected=338 existing=0 output=/root/my-small-paper/outputs/analysis/scrs_rf_rationale_audit_on_rs_harmful_v1
[REQUEST] failed model=glm-5.3-flash attempt=1/3 elapsed=101.0s error=Judge response does not contain a JSON object
[REQUEST] failed model=glm-5.3-flash attempt=2/3 elapsed=107.9s error=Judge response does not contain a JSON object
[REQUEST] failed model=glm-5.3-flash attempt=3/3 elapsed=111.9s error=Judge response does not contain a JSON object
Traceback (most recent call last):
  File "/root/my-small-paper/scripts/audit_scrs_rf_rationales.py", line 602, in <module>
    main()
  File "/root/my-small-paper/scripts/audit_scrs_rf_rationales.py", line 595, in main
    run_api(args, selected)
  File "/root/my-small-paper/scripts/audit_scrs_rf_rationales.py", line 543, in run_api
    judgments[model] = client.call(model, item)
                       ^^^^^^^^^^^^^^^^^^^^^^^^
  File "/root/my-small-paper/scripts/audit_scrs_rf_rationales.py", line 353, in call
    with urllib.request.urlopen(request, timeout=self.timeout) as response:
         ^^^^^^^^^^^^^^^^^^^^^^^^^^^^^^^^^^^^^^^^^^^^^^^^^^^^^
  File "/root/miniconda3/lib/python3.12/urllib/request.py", line 215, in urlopen
    return opener.open(url, data, timeout)
           ^^^^^^^^^^^^^^^^^^^^^^^^^^^^^^^
  File "/root/miniconda3/lib/python3.12/urllib/request.py", line 515, in open
    response = self._open(req, data)
               ^^^^^^^^^^^^^^^^^^^^^
  File "/root/miniconda3/lib/python3.12/urllib/request.py", line 532, in _open
    result = self._call_chain(self.handle_open, protocol, protocol +
             ^^^^^^^^^^^^^^^^^^^^^^^^^^^^^^^^^^^^^^^^^^^^^^^^^^^^^^^
  File "/root/miniconda3/lib/python3.12/urllib/request.py", line 492, in _call_chain
    result = func(*args)
             ^^^^^^^^^^^
  File "/root/miniconda3/lib/python3.12/urllib/request.py", line 1392, in https_open
    return self.do_open(http.client.HTTPSConnection, req,
           ^^^^^^^^^^^^^^^^^^^^^^^^^^^^^^^^^^^^^^^^^^^^^^
  File "/root/miniconda3/lib/python3.12/urllib/request.py", line 1348, in do_open
    r = h.getresponse()
        ^^^^^^^^^^^^^^^
  File "/root/miniconda3/lib/python3.12/http/client.py", line 1428, in getresponse
    response.begin()
  File "/root/miniconda3/lib/python3.12/http/client.py", line 331, in begin
    version, status, reason = self._read_status()
                              ^^^^^^^^^^^^^^^^^^^
  File "/root/miniconda3/lib/python3.12/http/client.py", line 292, in _read_status
    line = str(self.fp.readline(_MAXLINE + 1), "iso-8859-1")
               ^^^^^^^^^^^^^^^^^^^^^^^^^^^^^^
  File "/root/miniconda3/lib/python3.12/socket.py", line 707, in readinto
    return self._sock.recv_into(b)
           ^^^^^^^^^^^^^^^^^^^^^^^
  File "/root/miniconda3/lib/python3.12/ssl.py", line 1252, in recv_into
    return self.read(nbytes, buffer)
           ^^^^^^^^^^^^^^^^^^^^^^^^^
  File "/root/miniconda3/lib/python3.12/ssl.py", line 1104, in read
    return self._sslobj.read(len, buffer)
           ^^^^^^^^^^^^^^^^^^^^^^^^^^^^^^
KeyboardInterrupt
