processing 158 records: editor=glm-5.3-flash, reviewer=MiniMax-M3
[1/158] cot_sft:rev_util_actionability:42:actionability_test_0061:label_only_correct_to_cot_severe round 1: edit
[1/158] cot_sft:rev_util_actionability:42:actionability_test_0061:label_only_correct_to_cot_severe round 1: review
[1/158] approved cot_sft:rev_util_actionability:42:actionability_test_0061:label_only_correct_to_cot_severe
[2/158] cot_sft:rev_util_actionability:42:actionability_test_0275:label_only_correct_to_cot_severe round 1: edit
[2/158] cot_sft:rev_util_actionability:42:actionability_test_0275:label_only_correct_to_cot_severe round 1: review
[2/158] approved cot_sft:rev_util_actionability:42:actionability_test_0275:label_only_correct_to_cot_severe
[3/158] cot_sft:rev_util_actionability:42:actionability_test_0344:label_only_correct_to_cot_severe round 1: edit
[3/158] cot_sft:rev_util_actionability:42:actionability_test_0344:label_only_correct_to_cot_severe round 1: review
[3/158] approved cot_sft:rev_util_actionability:42:actionability_test_0344:label_only_correct_to_cot_severe
[4/158] cot_sft:rev_util_actionability:42:actionability_test_0379:label_only_correct_to_cot_severe round 1: edit
[4/158] cot_sft:rev_util_actionability:42:actionability_test_0379:label_only_correct_to_cot_severe round 1: review
[4/158] rejected; issues=["The corrected rationale and change log implicitly disclose the gold label by repeatedly asserting the comment deserves the top rubric level (score 5), e.g., 'matching the top level of the rubric' and 'an explicit, concretely specified action corresponds to the highest rubric category.' This reveals the final score/gold label.", "While correcting the errors, the rationale overstates concreteness and effectively constructs its own argument rather than neutrally describing the actionability of the comment, inventing framing ('The comment also grounds the request by pointing out precisely why...') that goes beyond the source material.", "The change log entries partially function as justifications that echo the gold label mapping (e.g., 'corresponds to the highest rubric category') instead of purely describing the edit."]
[4/158] cot_sft:rev_util_actionability:42:actionability_test_0379:label_only_correct_to_cot_severe round 2: edit
[4/158] cot_sft:rev_util_actionability:42:actionability_test_0379:label_only_correct_to_cot_severe round 2: review
[4/158] rejected; issues=["The correction_guidance for error_targets mentions score values ('分数5对应…', '符合[score omitted]的标准', '而非[score omitted]'). While the candidate_edit's change_log avoids stating a score, it should also avoid language that closely references specific score numbers when explaining the correction. The candidate edit itself is fine on this point, but the 'reason' field for the last change says 'the original described an explicit but vague action, whereas the comment specifies both the action and its application'—this is acceptable. However, the rationale should be checked: it describes the action as 'concrete' and 'directly applicable', which implicitly aligns with score 5. The corrected rationale does not explicitly state a score, so this is acceptable.", "More substantively: the corrected rationale needs to faithfully reflect the evaluation. It argues the comment is concrete and directly executable, aligning with the highest score tier. However, one could argue that 'clearly define what verification means' is still somewhat vague because authors must decide what definition to provide. The error_targets correction guidance argues the opposite. The candidate edit follows the correction_guidance faithfully, so this is acceptable per the instructions.", 'The rationale is coherent and addresses all four error targets systematically with matching change_log entries. It correctly removes the score-3 conclusion and replaces it with language describing the actionability without disclosing a specific numeric score.', 'No gold label or final numeric score is disclosed in the corrected rationale itself. Acceptable.']
[4/158] cot_sft:rev_util_actionability:42:actionability_test_0379:label_only_correct_to_cot_severe round 3: edit
[4/158] cot_sft:rev_util_actionability:42:actionability_test_0379:label_only_correct_to_cot_severe round 3: review
[4/158] approved cot_sft:rev_util_actionability:42:actionability_test_0379:label_only_correct_to_cot_severe
[5/158] cot_sft:rev_util_actionability:42:actionability_test_0453:label_only_correct_to_cot_severe round 1: edit
[5/158] cot_sft:rev_util_actionability:42:actionability_test_0453:label_only_correct_to_cot_severe round 1: review
[5/158] rejected; issues=["The corrected rationale's final paragraphs still do not reach a clear conclusion about the overall actionability level and end with a vague statement ('corresponds to a level where actions are explicitly or implicitly stated but vague in execution') that may indirectly leak a score label, as it maps closely to rubric level 3. While the instruction says not to disclose the final score or gold label, this phrasing essentially names the rubric level without stating the score number.", "The third change_log entry's 'corrected_sentence' is not used in the 'corrected_rationale' text; the corrected_rationale omits this sentence entirely. This creates an inconsistency between the change log and the final rationale.", 'The corrected rationale does not fully integrate all three error corrections into a single coherent flow. Sentence 9 and sentence 10 corrections are merged into one paragraph but the sentence from the change_log entry 3 is dropped, leaving the rationale incomplete relative to the change_log.', "The corrected rationale does not explicitly state the corrected conclusion about the citation part in a way that is clearly distinct; it hedges ('at best an implicit action, though... fairly identifiable') which somewhat contradicts the error correction guidance that the citation mention is purely an observation without an explicit request to add it."]
[5/158] cot_sft:rev_util_actionability:42:actionability_test_0453:label_only_correct_to_cot_severe round 2: edit
[5/158] cot_sft:rev_util_actionability:42:actionability_test_0453:label_only_correct_to_cot_severe round 2: review
[5/158] approved cot_sft:rev_util_actionability:42:actionability_test_0453:label_only_correct_to_cot_severe
[6/158] cot_sft:rev_util_actionability:42:actionability_test_0473:label_only_correct_to_cot_severe round 1: edit
[6/158] cot_sft:rev_util_actionability:42:actionability_test_0473:label_only_correct_to_cot_severe round 1: review
[6/158] rejected; issues=["The corrected rationale does not explicitly state a final numerical score or gold label, but the final sentence 'Therefore, the comment contains an explicit action with concrete implementation details' is essentially a restatement of the score-5 descriptor. However, the original score of 3 and the error targets imply the corrected score should be 5, and stating the rationale in terms that mirror the score-5 rubric descriptor effectively leaks the gold label. A rationale should justify the rating without quoting or closely paraphrasing the score-band language.", "The error targets include 'score_mapping_error' indicating the score should change from 3 to 5, but the corrected rationale omits any explicit score number, which is acceptable, yet the phrasing 'explicit action with concrete implementation details' is nearly identical to the rubric description for score 5. This is borderline label leakage.", "The change_log removes a factual nuance: the original 'fitting score 3' is replaced with a conclusion, but no explicit new score is assigned. This is fine for non-leakage, but the rubric-language echo is still a concern."]
[6/158] cot_sft:rev_util_actionability:42:actionability_test_0473:label_only_correct_to_cot_severe round 2: edit
[6/158] cot_sft:rev_util_actionability:42:actionability_test_0473:label_only_correct_to_cot_severe round 2: review
[6/158] approved cot_sft:rev_util_actionability:42:actionability_test_0473:label_only_correct_to_cot_severe
[7/158] cot_sft:rev_util_actionability:42:actionability_test_0486:label_only_correct_to_cot_severe round 1: edit
[7/158] cot_sft:rev_util_actionability:42:actionability_test_0486:label_only_correct_to_cot_severe round 1: review
[7/158] approved cot_sft:rev_util_actionability:42:actionability_test_0486:label_only_correct_to_cot_severe
[8/158] cot_sft:rev_util_actionability:42:actionability_test_0763:label_only_correct_to_cot_severe round 1: edit
[8/158] cot_sft:rev_util_actionability:42:actionability_test_0763:label_only_correct_to_cot_severe round 1: review
[8/158] approved cot_sft:rev_util_actionability:42:actionability_test_0763:label_only_correct_to_cot_severe
[9/158] cot_sft:rev_util_actionability:42:actionability_test_0790:label_only_correct_to_cot_severe round 1: edit
