This is pdfTeX, Version 3.141592653-2.6-1.40.29 (TeX Live 2026) (preloaded format=pdflatex 2026.8.4)  29 SEP 2026 15:00
entering extended mode
 restricted \write18 enabled.
 file:line:error style messages enabled.
 %&-line parsing enabled.
**rationale_error_bars.tex
(./rationale_error_bars.tex
LaTeX2e <2026-06-01>
L3 programming layer <2026-07-20>

(/home/messi/pyprojects/paper/my-small-paper/.tools/texlive/2026/texmf-dist/tex
/latex/standalone/standalone.cls
Document Class: standalone 2025/02/22 v1.5a Class to compile TeX sub-files stan
dalone

(/home/messi/pyprojects/paper/my-small-paper/.tools/texlive/2026/texmf-dist/tex
/latex/tools/shellesc.sty
Package: shellesc 2023/07/08 v1.0d unified shell escape interface for LaTeX
Package shellesc Info: Restricted shell escape enabled on input line 77.
)
(/home/messi/pyprojects/paper/my-small-paper/.tools/texlive/2026/texmf-dist/tex
/generic/iftex/ifluatex.sty
Package: ifluatex 2019/10/25 v1.5 ifluatex legacy package. Use iftex instead.

(/home/messi/pyprojects/paper/my-small-paper/.tools/texlive/2026/texmf-dist/tex
/generic/iftex/iftex.sty
Package: iftex 2024/12/12 v1.0g TeX engine tests
))
(/home/messi/pyprojects/paper/my-small-paper/.tools/texlive/2026/texmf-dist/tex
/latex/xkeyval/xkeyval.sty
Package: xkeyval 2025/11/04 v2.10 package option processing (HA)

(/home/messi/pyprojects/paper/my-small-paper/.tools/texlive/2026/texmf-dist/tex
/generic/xkeyval/xkeyval.tex
(/home/messi/pyprojects/paper/my-small-paper/.tools/texlive/2026/texmf-dist/tex
/generic/xkeyval/xkvutils.tex
\XKV@toks=\toks17
\XKV@tempa@toks=\toks18
\XKV@tempb@toks=\toks19

(/home/messi/pyprojects/paper/my-small-paper/.tools/texlive/2026/texmf-dist/tex
/generic/xkeyval/keyval.tex))
\XKV@depth=\count276
File: xkeyval.tex 2014/12/03 v2.7a key=value parser (HA)
))
\sa@internal=\count277
\c@sapage=\count278

(/home/messi/pyprojects/paper/my-small-paper/.tools/texlive/2026/texmf-dist/tex
/latex/standalone/standalone.cfg
File: standalone.cfg 2025/02/22 v1.5a Default configuration file for 'standalon
e' class
)
(/home/messi/pyprojects/paper/my-small-paper/.tools/texlive/2026/texmf-dist/tex
/latex/base/article.cls
Document Class: article 2025/01/22 v1.4n Standard LaTeX document class

(/home/messi/pyprojects/paper/my-small-paper/.tools/texlive/2026/texmf-dist/tex
/latex/base/size10.clo
File: size10.clo 2025/01/22 v1.4n Standard LaTeX file (size option)
)
\c@part=\count279
\c@section=\count280
\c@subsection=\count281
\c@subsubsection=\count282
\c@paragraph=\count283
\c@subparagraph=\count284
\c@figure=\count285
\c@table=\count286
\abovecaptionskip=\skip49
\belowcaptionskip=\skip50
\bibindent=\dimen150
)
(/home/messi/pyprojects/paper/my-small-paper/.tools/texlive/2026/texmf-dist/tex
/latex/pgf/frontendlayer/tikz.sty
(/home/messi/pyprojects/paper/my-small-paper/.tools/texlive/2026/texmf-dist/tex
/latex/pgf/basiclayer/pgf.sty
(/home/messi/pyprojects/paper/my-small-paper/.tools/texlive/2026/texmf-dist/tex
/latex/pgf/utilities/pgfrcs.sty
(/home/messi/pyprojects/paper/my-small-paper/.tools/texlive/2026/texmf-dist/tex
/generic/pgf/utilities/pgfutil-common.tex
\pgfutil@everybye=\toks20
\pgfutil@tempdima=\dimen151
\pgfutil@tempdimb=\dimen152
)
(/home/messi/pyprojects/paper/my-small-paper/.tools/texlive/2026/texmf-dist/tex
/generic/pgf/utilities/pgfutil-latex.def
\pgfutil@abb=\box53
)
(/home/messi/pyprojects/paper/my-small-paper/.tools/texlive/2026/texmf-dist/tex
/generic/pgf/utilities/pgfrcs.code.tex
(/home/messi/pyprojects/paper/my-small-paper/.tools/texlive/2026/texmf-dist/tex
/generic/pgf/pgf.revision.tex)
Package: pgfrcs 2026-08-01 v3.1.12 (3.1.12)
))
Package: pgf 2026-08-01 v3.1.12 (3.1.12)

(/home/messi/pyprojects/paper/my-small-paper/.tools/texlive/2026/texmf-dist/tex
/latex/pgf/basiclayer/pgfcore.sty
(/home/messi/pyprojects/paper/my-small-paper/.tools/texlive/2026/texmf-dist/tex
/latex/graphics/graphicx.sty
Package: graphicx 2026-05-17 v1.2e Enhanced LaTeX Graphics (DPC,SPQR)

(/home/messi/pyprojects/paper/my-small-paper/.tools/texlive/2026/texmf-dist/tex
/latex/graphics/graphics.sty
Package: graphics 2026-05-17 v1.4h Standard LaTeX Graphics (DPC,SPQR)

(/home/messi/pyprojects/paper/my-small-paper/.tools/texlive/2026/texmf-dist/tex
/latex/graphics/trig.sty
Package: trig 2023/12/02 v1.11 sin cos tan (DPC)
)
(/home/messi/pyprojects/paper/my-small-paper/.tools/texlive/2026/texmf-dist/tex
/latex/graphics-cfg/graphics.cfg
File: graphics.cfg 2016/06/04 v1.11 sample graphics configuration
)
Package graphics Info: Driver file: pdftex.def on input line 106.

(/home/messi/pyprojects/paper/my-small-paper/.tools/texlive/2026/texmf-dist/tex
/latex/graphics-def/pdftex.def
File: pdftex.def 2025/09/29 v1.2d Graphics/color driver for pdftex
))
\Gin@req@height=\dimen153
\Gin@req@width=\dimen154
)
(/home/messi/pyprojects/paper/my-small-paper/.tools/texlive/2026/texmf-dist/tex
/latex/pgf/systemlayer/pgfsys.sty
(/home/messi/pyprojects/paper/my-small-paper/.tools/texlive/2026/texmf-dist/tex
/generic/pgf/systemlayer/pgfsys.code.tex
Package: pgfsys 2026-08-01 v3.1.12 (3.1.12)

(/home/messi/pyprojects/paper/my-small-paper/.tools/texlive/2026/texmf-dist/tex
/generic/pgf/utilities/pgfkeys.code.tex
\pgfkeys@pathtoks=\toks21
\pgfkeys@temptoks=\toks22

(/home/messi/pyprojects/paper/my-small-paper/.tools/texlive/2026/texmf-dist/tex
/generic/pgf/utilities/pgfkeyslibraryfiltered.code.tex
\pgfkeys@tmptoks=\toks23
))
\pgf@x=\dimen155
\pgf@y=\dimen156
\pgf@xa=\dimen157
\pgf@ya=\dimen158
\pgf@xb=\dimen159
\pgf@yb=\dimen160
\pgf@xc=\dimen161
\pgf@yc=\dimen162
\pgf@xd=\dimen163
\pgf@yd=\dimen164
\w@pgf@writea=\write3
\r@pgf@reada=\read2
\c@pgf@counta=\count287
\c@pgf@countb=\count288
\c@pgf@countc=\count289
\c@pgf@countd=\count290
\t@pgf@toka=\toks24
\t@pgf@tokb=\toks25
\t@pgf@tokc=\toks26
\pgf@sys@id@count=\count291

(/home/messi/pyprojects/paper/my-small-paper/.tools/texlive/2026/texmf-dist/tex
/generic/pgf/systemlayer/pgf.cfg
File: pgf.cfg 2026-08-01 v3.1.12 (3.1.12)
)
Driver file for pgf: pgfsys-pdftex.def

(/home/messi/pyprojects/paper/my-small-paper/.tools/texlive/2026/texmf-dist/tex
/generic/pgf/systemlayer/pgfsys-pdftex.def
File: pgfsys-pdftex.def 2026-08-01 v3.1.12 (3.1.12)

(/home/messi/pyprojects/paper/my-small-paper/.tools/texlive/2026/texmf-dist/tex
/generic/pgf/systemlayer/pgfsys-common-pdf.def
File: pgfsys-common-pdf.def 2026-08-01 v3.1.12 (3.1.12)
)))
(/home/messi/pyprojects/paper/my-small-paper/.tools/texlive/2026/texmf-dist/tex
/generic/pgf/systemlayer/pgfsyssoftpath.code.tex
File: pgfsyssoftpath.code.tex 2026-08-01 v3.1.12 (3.1.12)
\pgfsyssoftpath@smallbuffer@items=\count292
\pgfsyssoftpath@bigbuffer@items=\count293
)
(/home/messi/pyprojects/paper/my-small-paper/.tools/texlive/2026/texmf-dist/tex
/generic/pgf/systemlayer/pgfsysprotocol.code.tex
File: pgfsysprotocol.code.tex 2026-08-01 v3.1.12 (3.1.12)
))
(/home/messi/pyprojects/paper/my-small-paper/.tools/texlive/2026/texmf-dist/tex
/latex/xcolor/xcolor.sty
Package: xcolor 2024/09/29 v3.02 LaTeX color extensions (UK)

(/home/messi/pyprojects/paper/my-small-paper/.tools/texlive/2026/texmf-dist/tex
/latex/graphics-cfg/color.cfg
File: color.cfg 2016/01/02 v1.6 sample color configuration
)
Package xcolor Info: Driver file: pdftex.def on input line 274.

(/home/messi/pyprojects/paper/my-small-paper/.tools/texlive/2026/texmf-dist/tex
/latex/graphics/mathcolor.ltx)
Package xcolor Info: Model `cmy' substituted by `cmy0' on input line 1349.
Package xcolor Info: Model `hsb' substituted by `rgb' on input line 1353.
Package xcolor Info: Model `RGB' extended on input line 1365.
Package xcolor Info: Model `HTML' substituted by `rgb' on input line 1367.
Package xcolor Info: Model `Hsb' substituted by `hsb' on input line 1368.
Package xcolor Info: Model `tHsb' substituted by `hsb' on input line 1369.
Package xcolor Info: Model `HSB' substituted by `hsb' on input line 1370.
Package xcolor Info: Model `Gray' substituted by `gray' on input line 1371.
Package xcolor Info: Model `wave' substituted by `hsb' on input line 1372.
)
(/home/messi/pyprojects/paper/my-small-paper/.tools/texlive/2026/texmf-dist/tex
/generic/pgf/basiclayer/pgfcore.code.tex
Package: pgfcore 2026-08-01 v3.1.12 (3.1.12)

(/home/messi/pyprojects/paper/my-small-paper/.tools/texlive/2026/texmf-dist/tex
/generic/pgf/math/pgfmath.code.tex
(/home/messi/pyprojects/paper/my-small-paper/.tools/texlive/2026/texmf-dist/tex
/generic/pgf/math/pgfmathutil.code.tex)
(/home/messi/pyprojects/paper/my-small-paper/.tools/texlive/2026/texmf-dist/tex
/generic/pgf/math/pgfmathparser.code.tex
\pgfmath@dimen=\dimen165
\pgfmath@count=\count294
\pgfmath@box=\box54
\pgfmath@toks=\toks27
\pgfmath@stack@operand=\toks28
\pgfmath@stack@operation=\toks29
)
(/home/messi/pyprojects/paper/my-small-paper/.tools/texlive/2026/texmf-dist/tex
/generic/pgf/math/pgfmathfunctions.code.tex)
(/home/messi/pyprojects/paper/my-small-paper/.tools/texlive/2026/texmf-dist/tex
/generic/pgf/math/pgfmathfunctions.basic.code.tex)
(/home/messi/pyprojects/paper/my-small-paper/.tools/texlive/2026/texmf-dist/tex
/generic/pgf/math/pgfmathfunctions.trigonometric.code.tex)
(/home/messi/pyprojects/paper/my-small-paper/.tools/texlive/2026/texmf-dist/tex
/generic/pgf/math/pgfmathfunctions.random.code.tex)
(/home/messi/pyprojects/paper/my-small-paper/.tools/texlive/2026/texmf-dist/tex
/generic/pgf/math/pgfmathfunctions.comparison.code.tex)
(/home/messi/pyprojects/paper/my-small-paper/.tools/texlive/2026/texmf-dist/tex
/generic/pgf/math/pgfmathfunctions.base.code.tex)
(/home/messi/pyprojects/paper/my-small-paper/.tools/texlive/2026/texmf-dist/tex
/generic/pgf/math/pgfmathfunctions.round.code.tex)
(/home/messi/pyprojects/paper/my-small-paper/.tools/texlive/2026/texmf-dist/tex
/generic/pgf/math/pgfmathfunctions.misc.code.tex)
(/home/messi/pyprojects/paper/my-small-paper/.tools/texlive/2026/texmf-dist/tex
/generic/pgf/math/pgfmathfunctions.integerarithmetics.code.tex)
(/home/messi/pyprojects/paper/my-small-paper/.tools/texlive/2026/texmf-dist/tex
/generic/pgf/math/pgfmathcalc.code.tex)
(/home/messi/pyprojects/paper/my-small-paper/.tools/texlive/2026/texmf-dist/tex
/generic/pgf/math/pgfmathfloat.code.tex
\c@pgfmathroundto@lastzeros=\count295
))
(/home/messi/pyprojects/paper/my-small-paper/.tools/texlive/2026/texmf-dist/tex
/generic/pgf/math/pgfint.code.tex)
(/home/messi/pyprojects/paper/my-small-paper/.tools/texlive/2026/texmf-dist/tex
/generic/pgf/basiclayer/pgfcorepoints.code.tex
File: pgfcorepoints.code.tex 2026-08-01 v3.1.12 (3.1.12)
\pgf@picminx=\dimen166
\pgf@picmaxx=\dimen167
\pgf@picminy=\dimen168
\pgf@picmaxy=\dimen169
\pgf@pathminx=\dimen170
\pgf@pathmaxx=\dimen171
\pgf@pathminy=\dimen172
\pgf@pathmaxy=\dimen173
\pgf@xx=\dimen174
\pgf@xy=\dimen175
\pgf@yx=\dimen176
\pgf@yy=\dimen177
\pgf@zx=\dimen178
\pgf@zy=\dimen179
)
(/home/messi/pyprojects/paper/my-small-paper/.tools/texlive/2026/texmf-dist/tex
/generic/pgf/basiclayer/pgfcorepathconstruct.code.tex
File: pgfcorepathconstruct.code.tex 2026-08-01 v3.1.12 (3.1.12)
\pgf@path@lastx=\dimen180
\pgf@path@lasty=\dimen181
)
(/home/messi/pyprojects/paper/my-small-paper/.tools/texlive/2026/texmf-dist/tex
/generic/pgf/basiclayer/pgfcorepathusage.code.tex
File: pgfcorepathusage.code.tex 2026-08-01 v3.1.12 (3.1.12)
\pgf@shorten@end@additional=\dimen182
\pgf@shorten@start@additional=\dimen183
)
(/home/messi/pyprojects/paper/my-small-paper/.tools/texlive/2026/texmf-dist/tex
/generic/pgf/basiclayer/pgfcorescopes.code.tex
File: pgfcorescopes.code.tex 2026-08-01 v3.1.12 (3.1.12)
\pgfpic=\box55
\pgf@hbox=\box56
\pgf@layerbox@main=\box57
\pgf@picture@serial@count=\count296
)
(/home/messi/pyprojects/paper/my-small-paper/.tools/texlive/2026/texmf-dist/tex
/generic/pgf/basiclayer/pgfcoregraphicstate.code.tex
File: pgfcoregraphicstate.code.tex 2026-08-01 v3.1.12 (3.1.12)
\pgflinewidth=\dimen184
)
(/home/messi/pyprojects/paper/my-small-paper/.tools/texlive/2026/texmf-dist/tex
/generic/pgf/basiclayer/pgfcoretransformations.code.tex
File: pgfcoretransformations.code.tex 2026-08-01 v3.1.12 (3.1.12)
\pgf@pt@x=\dimen185
\pgf@pt@y=\dimen186
\pgf@pt@temp=\dimen187
)
(/home/messi/pyprojects/paper/my-small-paper/.tools/texlive/2026/texmf-dist/tex
/generic/pgf/basiclayer/pgfcorequick.code.tex
File: pgfcorequick.code.tex 2026-08-01 v3.1.12 (3.1.12)
)
(/home/messi/pyprojects/paper/my-small-paper/.tools/texlive/2026/texmf-dist/tex
/generic/pgf/basiclayer/pgfcoreobjects.code.tex
File: pgfcoreobjects.code.tex 2026-08-01 v3.1.12 (3.1.12)
)
(/home/messi/pyprojects/paper/my-small-paper/.tools/texlive/2026/texmf-dist/tex
/generic/pgf/basiclayer/pgfcorepathprocessing.code.tex
File: pgfcorepathprocessing.code.tex 2026-08-01 v3.1.12 (3.1.12)
)
(/home/messi/pyprojects/paper/my-small-paper/.tools/texlive/2026/texmf-dist/tex
/generic/pgf/basiclayer/pgfcorearrows.code.tex
File: pgfcorearrows.code.tex 2026-08-01 v3.1.12 (3.1.12)
\pgfarrowsep=\dimen188
)
(/home/messi/pyprojects/paper/my-small-paper/.tools/texlive/2026/texmf-dist/tex
/generic/pgf/basiclayer/pgfcoreshade.code.tex
File: pgfcoreshade.code.tex 2026-08-01 v3.1.12 (3.1.12)
\pgf@max=\dimen189
\pgf@sys@shading@range@num=\count297
\pgf@shadingcount=\count298
)
(/home/messi/pyprojects/paper/my-small-paper/.tools/texlive/2026/texmf-dist/tex
/generic/pgf/basiclayer/pgfcoreimage.code.tex
File: pgfcoreimage.code.tex 2026-08-01 v3.1.12 (3.1.12)
)
(/home/messi/pyprojects/paper/my-small-paper/.tools/texlive/2026/texmf-dist/tex
/generic/pgf/basiclayer/pgfcoreexternal.code.tex
File: pgfcoreexternal.code.tex 2026-08-01 v3.1.12 (3.1.12)
\pgfexternal@startupbox=\box58
)
(/home/messi/pyprojects/paper/my-small-paper/.tools/texlive/2026/texmf-dist/tex
/generic/pgf/basiclayer/pgfcorelayers.code.tex
File: pgfcorelayers.code.tex 2026-08-01 v3.1.12 (3.1.12)
)
(/home/messi/pyprojects/paper/my-small-paper/.tools/texlive/2026/texmf-dist/tex
/generic/pgf/basiclayer/pgfcoretransparency.code.tex
File: pgfcoretransparency.code.tex 2026-08-01 v3.1.12 (3.1.12)
)
(/home/messi/pyprojects/paper/my-small-paper/.tools/texlive/2026/texmf-dist/tex
/generic/pgf/basiclayer/pgfcorepatterns.code.tex
File: pgfcorepatterns.code.tex 2026-08-01 v3.1.12 (3.1.12)
)
(/home/messi/pyprojects/paper/my-small-paper/.tools/texlive/2026/texmf-dist/tex
/generic/pgf/basiclayer/pgfcorerdf.code.tex
File: pgfcorerdf.code.tex 2026-08-01 v3.1.12 (3.1.12)
)))
(/home/messi/pyprojects/paper/my-small-paper/.tools/texlive/2026/texmf-dist/tex
/generic/pgf/modules/pgfmoduleshapes.code.tex
File: pgfmoduleshapes.code.tex 2026-08-01 v3.1.12 (3.1.12)
\pgfnodeparttextbox=\box59
)
(/home/messi/pyprojects/paper/my-small-paper/.tools/texlive/2026/texmf-dist/tex
/generic/pgf/modules/pgfmoduleplot.code.tex
File: pgfmoduleplot.code.tex 2026-08-01 v3.1.12 (3.1.12)
)
(/home/messi/pyprojects/paper/my-small-paper/.tools/texlive/2026/texmf-dist/tex
/latex/pgf/compatibility/pgfcomp-version-0-65.sty
Package: pgfcomp-version-0-65 2026-08-01 v3.1.12 (3.1.12)
\pgf@nodesepstart=\dimen190
\pgf@nodesepend=\dimen191
)
(/home/messi/pyprojects/paper/my-small-paper/.tools/texlive/2026/texmf-dist/tex
/latex/pgf/compatibility/pgfcomp-version-1-18.sty
Package: pgfcomp-version-1-18 2026-08-01 v3.1.12 (3.1.12)
))
(/home/messi/pyprojects/paper/my-small-paper/.tools/texlive/2026/texmf-dist/tex
/latex/pgf/utilities/pgffor.sty
(/home/messi/pyprojects/paper/my-small-paper/.tools/texlive/2026/texmf-dist/tex
/latex/pgf/utilities/pgfkeys.sty
(/home/messi/pyprojects/paper/my-small-paper/.tools/texlive/2026/texmf-dist/tex
/generic/pgf/utilities/pgfkeys.code.tex))
(/home/messi/pyprojects/paper/my-small-paper/.tools/texlive/2026/texmf-dist/tex
/latex/pgf/math/pgfmath.sty
(/home/messi/pyprojects/paper/my-small-paper/.tools/texlive/2026/texmf-dist/tex
/generic/pgf/math/pgfmath.code.tex))
(/home/messi/pyprojects/paper/my-small-paper/.tools/texlive/2026/texmf-dist/tex
/generic/pgf/utilities/pgffor.code.tex
Package: pgffor 2026-08-01 v3.1.12 (3.1.12)
\pgffor@iter=\dimen192
\pgffor@skip=\dimen193
\pgffor@stack=\toks30
\pgffor@toks=\toks31
))
(/home/messi/pyprojects/paper/my-small-paper/.tools/texlive/2026/texmf-dist/tex
/generic/pgf/frontendlayer/tikz/tikz.code.tex
Package: tikz 2026-08-01 v3.1.12 (3.1.12)

(/home/messi/pyprojects/paper/my-small-paper/.tools/texlive/2026/texmf-dist/tex
/generic/pgf/libraries/pgflibraryplothandlers.code.tex
File: pgflibraryplothandlers.code.tex 2026-08-01 v3.1.12 (3.1.12)
\pgf@plot@mark@count=\count299
\pgfplotmarksize=\dimen194
)
\tikz@lastx=\dimen195
\tikz@lasty=\dimen196
\tikz@lastxsaved=\dimen197
\tikz@lastysaved=\dimen198
\tikz@lastmovetox=\dimen199
\tikz@lastmovetoy=\dimen256
\tikzleveldistance=\dimen257
\tikzsiblingdistance=\dimen258
\tikz@figbox=\box60
\tikz@figbox@bg=\box61
\tikz@tempbox=\box62
\tikz@tempbox@bg=\box63
\tikztreelevel=\count300
\tikznumberofchildren=\count301
\tikznumberofcurrentchild=\count302
\tikz@fig@count=\count303

(/home/messi/pyprojects/paper/my-small-paper/.tools/texlive/2026/texmf-dist/tex
/generic/pgf/modules/pgfmodulematrix.code.tex
File: pgfmodulematrix.code.tex 2026-08-01 v3.1.12 (3.1.12)
\pgfmatrixcurrentrow=\count304
\pgfmatrixcurrentcolumn=\count305
\pgf@matrix@numberofcolumns=\count306
)
\tikz@expandcount=\count307

(/home/messi/pyprojects/paper/my-small-paper/.tools/texlive/2026/texmf-dist/tex
/generic/pgf/frontendlayer/tikz/libraries/tikzlibrarytopaths.code.tex
File: tikzlibrarytopaths.code.tex 2026-08-01 v3.1.12 (3.1.12)
)))
\sa@box=\box64
)
(/home/messi/pyprojects/paper/my-small-paper/.tools/texlive/2026/texmf-dist/tex
/latex/base/fontenc.sty
Package: fontenc 2025/07/18 v2.1d Standard LaTeX package
)
(/home/messi/pyprojects/paper/my-small-paper/.tools/texlive/2026/texmf-dist/tex
/latex/lm/lmodern.sty
Package: lmodern 2015/05/01 v1.6.1 Latin Modern Fonts
LaTeX Font Info:    Overwriting symbol font `operators' in version `normal'
(Font)                  OT1/cmr/m/n --> OT1/lmr/m/n on input line 22.
LaTeX Font Info:    Overwriting symbol font `letters' in version `normal'
(Font)                  OML/cmm/m/it --> OML/lmm/m/it on input line 23.
LaTeX Font Info:    Overwriting symbol font `symbols' in version `normal'
(Font)                  OMS/cmsy/m/n --> OMS/lmsy/m/n on input line 24.
LaTeX Font Info:    Overwriting symbol font `largesymbols' in version `normal'
(Font)                  OMX/cmex/m/n --> OMX/lmex/m/n on input line 25.
LaTeX Font Info:    Overwriting symbol font `operators' in version `bold'
(Font)                  OT1/cmr/bx/n --> OT1/lmr/bx/n on input line 26.
LaTeX Font Info:    Overwriting symbol font `letters' in version `bold'
(Font)                  OML/cmm/b/it --> OML/lmm/b/it on input line 27.
LaTeX Font Info:    Overwriting symbol font `symbols' in version `bold'
(Font)                  OMS/cmsy/b/n --> OMS/lmsy/b/n on input line 28.
LaTeX Font Info:    Overwriting symbol font `largesymbols' in version `bold'
(Font)                  OMX/cmex/m/n --> OMX/lmex/m/n on input line 29.
LaTeX Font Info:    Overwriting math alphabet `\mathbf' in version `normal'
(Font)                  OT1/cmr/bx/n --> OT1/lmr/bx/n on input line 31.
LaTeX Font Info:    Overwriting math alphabet `\mathsf' in version `normal'
(Font)                  OT1/cmss/m/n --> OT1/lmss/m/n on input line 32.
LaTeX Font Info:    Overwriting math alphabet `\mathit' in version `normal'
(Font)                  OT1/cmr/m/it --> OT1/lmr/m/it on input line 33.
LaTeX Font Info:    Overwriting math alphabet `\mathtt' in version `normal'
(Font)                  OT1/cmtt/m/n --> OT1/lmtt/m/n on input line 34.
LaTeX Font Info:    Overwriting math alphabet `\mathbf' in version `bold'
(Font)                  OT1/cmr/bx/n --> OT1/lmr/bx/n on input line 35.
LaTeX Font Info:    Overwriting math alphabet `\mathsf' in version `bold'
(Font)                  OT1/cmss/bx/n --> OT1/lmss/bx/n on input line 36.
LaTeX Font Info:    Overwriting math alphabet `\mathit' in version `bold'
(Font)                  OT1/cmr/bx/it --> OT1/lmr/bx/it on input line 37.
LaTeX Font Info:    Overwriting math alphabet `\mathtt' in version `bold'
(Font)                  OT1/cmtt/m/n --> OT1/lmtt/m/n on input line 38.
)
(/home/messi/pyprojects/paper/my-small-paper/.tools/texlive/2026/texmf-dist/tex
/latex/pgfplots/pgfplots.sty
(/home/messi/pyprojects/paper/my-small-paper/.tools/texlive/2026/texmf-dist/tex
/generic/pgfplots/pgfplots.revision.tex)
Package: pgfplots 2026/08/26 v1.18.3 Data Visualization (1.18.3)

(/home/messi/pyprojects/paper/my-small-paper/.tools/texlive/2026/texmf-dist/tex
/generic/pgfplots/pgfplots.code.tex
(/home/messi/pyprojects/paper/my-small-paper/.tools/texlive/2026/texmf-dist/tex
/generic/pgfplots/pgfplotscore.code.tex
\t@pgfplots@toka=\toks32
\t@pgfplots@tokb=\toks33
\t@pgfplots@tokc=\toks34
\pgfplots@tmpa=\dimen259
\c@pgfplots@coordindex=\count308
\c@pgfplots@scanlineindex=\count309

(/home/messi/pyprojects/paper/my-small-paper/.tools/texlive/2026/texmf-dist/tex
/generic/pgfplots/sys/pgfplotssysgeneric.code.tex))
(/home/messi/pyprojects/paper/my-small-paper/.tools/texlive/2026/texmf-dist/tex
/generic/pgfplots/libs/pgfplotslibrary.code.tex)
(/home/messi/pyprojects/paper/my-small-paper/.tools/texlive/2026/texmf-dist/tex
/generic/pgfplots/oldpgfcompatib/pgfplotsoldpgfsupp_loader.code.tex
(/home/messi/pyprojects/paper/my-small-paper/.tools/texlive/2026/texmf-dist/tex
/generic/pgf/libraries/pgflibraryfpu.code.tex)
(/home/messi/pyprojects/paper/my-small-paper/.tools/texlive/2026/texmf-dist/tex
/generic/pgfplots/oldpgfcompatib/pgfplotsoldpgfsupp_pgfutil-common-lists.tex))
(/home/messi/pyprojects/paper/my-small-paper/.tools/texlive/2026/texmf-dist/tex
/generic/pgfplots/util/pgfplotsutil.code.tex
(/home/messi/pyprojects/paper/my-small-paper/.tools/texlive/2026/texmf-dist/tex
/generic/pgfplots/liststructure/pgfplotsliststructure.code.tex)
(/home/messi/pyprojects/paper/my-small-paper/.tools/texlive/2026/texmf-dist/tex
/generic/pgfplots/liststructure/pgfplotsliststructureext.code.tex)
(/home/messi/pyprojects/paper/my-small-paper/.tools/texlive/2026/texmf-dist/tex
/generic/pgfplots/liststructure/pgfplotsarray.code.tex
\c@pgfplotsarray@tmp=\count310
)
(/home/messi/pyprojects/paper/my-small-paper/.tools/texlive/2026/texmf-dist/tex
/generic/pgfplots/liststructure/pgfplotsmatrix.code.tex)
(/home/messi/pyprojects/paper/my-small-paper/.tools/texlive/2026/texmf-dist/tex
/generic/pgfplots/numtable/pgfplotstableshared.code.tex
\c@pgfplotstable@counta=\count311
\t@pgfplotstable@a=\toks35
)
(/home/messi/pyprojects/paper/my-small-paper/.tools/texlive/2026/texmf-dist/tex
/generic/pgfplots/liststructure/pgfplotsdeque.code.tex)
(/home/messi/pyprojects/paper/my-small-paper/.tools/texlive/2026/texmf-dist/tex
/generic/pgfplots/util/pgfplotsbinary.code.tex
(/home/messi/pyprojects/paper/my-small-paper/.tools/texlive/2026/texmf-dist/tex
/generic/pgfplots/util/pgfplotsbinary.data.code.tex))
(/home/messi/pyprojects/paper/my-small-paper/.tools/texlive/2026/texmf-dist/tex
/generic/pgfplots/util/pgfplotsutil.verb.code.tex)
(/home/messi/pyprojects/paper/my-small-paper/.tools/texlive/2026/texmf-dist/tex
/generic/pgfplots/libs/pgflibrarypgfplots.surfshading.code.tex
\c@pgfplotslibrarysurf@no=\count312

(/home/messi/pyprojects/paper/my-small-paper/.tools/texlive/2026/texmf-dist/tex
/generic/pgfplots/sys/pgflibrarypgfplots.surfshading.pgfsys-pdftex.def)))
(/home/messi/pyprojects/paper/my-small-paper/.tools/texlive/2026/texmf-dist/tex
/generic/pgfplots/util/pgfplotscolormap.code.tex
(/home/messi/pyprojects/paper/my-small-paper/.tools/texlive/2026/texmf-dist/tex
/generic/pgfplots/util/pgfplotscolor.code.tex))
(/home/messi/pyprojects/paper/my-small-paper/.tools/texlive/2026/texmf-dist/tex
/generic/pgfplots/pgfplotsstackedplots.code.tex)
(/home/messi/pyprojects/paper/my-small-paper/.tools/texlive/2026/texmf-dist/tex
/generic/pgfplots/pgfplotsplothandlers.code.tex
(/home/messi/pyprojects/paper/my-small-paper/.tools/texlive/2026/texmf-dist/tex
/generic/pgfplots/pgfplotsmeshplothandler.code.tex
(/home/messi/pyprojects/paper/my-small-paper/.tools/texlive/2026/texmf-dist/tex
/generic/pgfplots/pgfplotsmeshplotimage.code.tex)))
(/home/messi/pyprojects/paper/my-small-paper/.tools/texlive/2026/texmf-dist/tex
/generic/pgfplots/pgfplots.scaling.code.tex)
(/home/messi/pyprojects/paper/my-small-paper/.tools/texlive/2026/texmf-dist/tex
/generic/pgfplots/pgfplotscoordprocessing.code.tex)
(/home/messi/pyprojects/paper/my-small-paper/.tools/texlive/2026/texmf-dist/tex
/generic/pgfplots/pgfplots.errorbars.code.tex)
(/home/messi/pyprojects/paper/my-small-paper/.tools/texlive/2026/texmf-dist/tex
/generic/pgfplots/pgfplots.markers.code.tex)
(/home/messi/pyprojects/paper/my-small-paper/.tools/texlive/2026/texmf-dist/tex
/generic/pgfplots/pgfplotsticks.code.tex)
(/home/messi/pyprojects/paper/my-small-paper/.tools/texlive/2026/texmf-dist/tex
/generic/pgfplots/pgfplots.paths.code.tex)
(/home/messi/pyprojects/paper/my-small-paper/.tools/texlive/2026/texmf-dist/tex
/generic/pgf/frontendlayer/tikz/libraries/tikzlibrarydecorations.code.tex
(/home/messi/pyprojects/paper/my-small-paper/.tools/texlive/2026/texmf-dist/tex
/generic/pgf/modules/pgfmoduledecorations.code.tex
\pgfdecoratedcompleteddistance=\dimen260
\pgfdecoratedremainingdistance=\dimen261
\pgfdecoratedinputsegmentcompleteddistance=\dimen262
\pgfdecoratedinputsegmentremainingdistance=\dimen263
\pgf@decorate@distancetomove=\dimen264
\pgf@decorate@repeatstate=\count313
\pgfdecorationsegmentamplitude=\dimen265
\pgfdecorationsegmentlength=\dimen266
)
\tikz@lib@dec@box=\box65
)
(/home/messi/pyprojects/paper/my-small-paper/.tools/texlive/2026/texmf-dist/tex
/generic/pgf/frontendlayer/tikz/libraries/tikzlibrarydecorations.pathmorphing.c
ode.tex
(/home/messi/pyprojects/paper/my-small-paper/.tools/texlive/2026/texmf-dist/tex
/generic/pgf/libraries/decorations/pgflibrarydecorations.pathmorphing.code.tex)
)
(/home/messi/pyprojects/paper/my-small-paper/.tools/texlive/2026/texmf-dist/tex
/generic/pgf/frontendlayer/tikz/libraries/tikzlibrarydecorations.pathreplacing.
code.tex
(/home/messi/pyprojects/paper/my-small-paper/.tools/texlive/2026/texmf-dist/tex
/generic/pgf/libraries/decorations/pgflibrarydecorations.pathreplacing.code.tex
))
(/home/messi/pyprojects/paper/my-small-paper/.tools/texlive/2026/texmf-dist/tex
/generic/pgfplots/libs/tikzlibrarypgfplots.contourlua.code.tex)
\pgfplots@numplots=\count314
\pgfplots@xmin@reg=\dimen267
\pgfplots@xmax@reg=\dimen268
\pgfplots@ymin@reg=\dimen269
\pgfplots@ymax@reg=\dimen270
\pgfplots@zmin@reg=\dimen271
\pgfplots@zmax@reg=\dimen272
)
(/home/messi/pyprojects/paper/my-small-paper/.tools/texlive/2026/texmf-dist/tex
/generic/pgf/frontendlayer/tikz/libraries/tikzlibraryplotmarks.code.tex
File: tikzlibraryplotmarks.code.tex 2026-08-01 v3.1.12 (3.1.12)

(/home/messi/pyprojects/paper/my-small-paper/.tools/texlive/2026/texmf-dist/tex
/generic/pgf/libraries/pgflibraryplotmarks.code.tex
File: pgflibraryplotmarks.code.tex 2026-08-01 v3.1.12 (3.1.12)
)))
(/home/messi/pyprojects/paper/my-small-paper/.tools/texlive/2026/texmf-dist/tex
/latex/pgfplots/pgfplotstable.sty
(/home/messi/pyprojects/paper/my-small-paper/.tools/texlive/2026/texmf-dist/tex
/generic/pgfplots/pgfplots.revision.tex)
Package: pgfplotstable 2026/08/26 v1.18.3 Table typesetting and Pretty-printing
 (1.18.3)

(/home/messi/pyprojects/paper/my-small-paper/.tools/texlive/2026/texmf-dist/tex
/generic/pgfplots/numtable/pgfplotstable.code.tex
(/home/messi/pyprojects/paper/my-small-paper/.tools/texlive/2026/texmf-dist/tex
/generic/pgfplots/numtable/pgfplotstable.coltype.code.tex))
(/home/messi/pyprojects/paper/my-small-paper/.tools/texlive/2026/texmf-dist/tex
/latex/tools/array.sty
Package: array 2026/02/24 v2.7b Tabular extension package (FMi)
\col@sep=\dimen273
\ar@mcellbox=\box66
\extrarowheight=\dimen274
\NC@list=\toks36
\extratabsurround=\skip51
\backup@length=\skip52
\ar@cellbox=\box67
))
LaTeX Font Info:    Trying to load font information for T1+lmr on input line 43
.

(/home/messi/pyprojects/paper/my-small-paper/.tools/texlive/2026/texmf-dist/tex
/latex/lm/t1lmr.fd
File: t1lmr.fd 2015/05/01 v1.6.1 Font defs for Latin Modern
)
(/home/messi/pyprojects/paper/my-small-paper/.tools/texlive/2026/texmf-dist/tex
/latex/l3backend/l3backend-pdftex.def
File: l3backend-pdftex.def 2026-02-18 L3 backend support: PDF output (pdfTeX)
\l__color_backend_stack_int=\count315
) (./rationale_error_bars.aux)
\openout1 = `rationale_error_bars.aux'.

LaTeX Font Info:    Checking defaults for OML/cmm/m/it on input line 43.
LaTeX Font Info:    ... okay on input line 43.
LaTeX Font Info:    Checking defaults for OMS/cmsy/m/n on input line 43.
LaTeX Font Info:    ... okay on input line 43.
LaTeX Font Info:    Checking defaults for OT1/cmr/m/n on input line 43.
LaTeX Font Info:    ... okay on input line 43.
LaTeX Font Info:    Checking defaults for T1/cmr/m/n on input line 43.
LaTeX Font Info:    ... okay on input line 43.
LaTeX Font Info:    Checking defaults for TS1/cmr/m/n on input line 43.
LaTeX Font Info:    ... okay on input line 43.
LaTeX Font Info:    Checking defaults for OMX/cmex/m/n on input line 43.
LaTeX Font Info:    ... okay on input line 43.
LaTeX Font Info:    Checking defaults for U/cmr/m/n on input line 43.
LaTeX Font Info:    ... okay on input line 43.

(/home/messi/pyprojects/paper/my-small-paper/.tools/texlive/2026/texmf-dist/tex
/context/base/mkii/supp-pdf.mkii
[Loading MPS to PDF converter (version 2006.09.02).]
\scratchcounter=\count316
\scratchdimen=\dimen275
\scratchbox=\box68
\nofMPsegments=\count317
\nofMParguments=\count318
\everyMPshowfont=\toks37
\MPscratchCnt=\count319
\MPscratchDim=\dimen276
\MPnumerator=\count320
\makeMPintoPDFobject=\count321
\everyMPtoPDFconversion=\toks38
)
(/home/messi/pyprojects/paper/my-small-paper/.tools/texlive/2026/texmf-dist/tex
/latex/epstopdf-pkg/epstopdf-base.sty
Package: epstopdf-base 2020-01-24 v2.11 Base part for package epstopdf
Package epstopdf-base Info: Redefining graphics rule for `.eps' on input line 4
85.

(/home/messi/pyprojects/paper/my-small-paper/.tools/texlive/2026/texmf-dist/tex
/latex/latexconfig/epstopdf-sys.cfg
File: epstopdf-sys.cfg 2010/07/13 v1.3 Configuration of (r)epstopdf for TeX Liv
e
))
Package pgfplots notification 'compat/show suggested version=true': document ha
s been generated with the most recent feature set (\pgfplotsset{compat=1.18}).

PGFPlots: reading {data/rationale_error_types.csv}
LaTeX Font Info:    Trying to load font information for T1+lmss on input line 8
0.

(/home/messi/pyprojects/paper/my-small-paper/.tools/texlive/2026/texmf-dist/tex
/latex/lm/t1lmss.fd
File: t1lmss.fd 2015/05/01 v1.6.1 Font defs for Latin Modern
)
LaTeX Font Info:    Calculating math sizes for size <10.5> on input line 80.
LaTeX Font Info:    Trying to load font information for OT1+lmr on input line 8
0.

(/home/messi/pyprojects/paper/my-small-paper/.tools/texlive/2026/texmf-dist/tex
/latex/lm/ot1lmr.fd
File: ot1lmr.fd 2015/05/01 v1.6.1 Font defs for Latin Modern
)
LaTeX Font Info:    Trying to load font information for OML+lmm on input line 8
0.

(/home/messi/pyprojects/paper/my-small-paper/.tools/texlive/2026/texmf-dist/tex
/latex/lm/omllmm.fd
File: omllmm.fd 2015/05/01 v1.6.1 Font defs for Latin Modern
)
LaTeX Font Info:    Trying to load font information for OMS+lmsy on input line 
80.

(/home/messi/pyprojects/paper/my-small-paper/.tools/texlive/2026/texmf-dist/tex
/latex/lm/omslmsy.fd
File: omslmsy.fd 2015/05/01 v1.6.1 Font defs for Latin Modern
)
LaTeX Font Info:    Trying to load font information for OMX+lmex on input line 
80.

(/home/messi/pyprojects/paper/my-small-paper/.tools/texlive/2026/texmf-dist/tex
/latex/lm/omxlmex.fd
File: omxlmex.fd 2015/05/01 v1.6.1 Font defs for Latin Modern
)
LaTeX Font Info:    External font `lmex10' loaded for size
(Font)              <10.5> on input line 80.
LaTeX Font Info:    External font `lmex10' loaded for size
(Font)              <7.34996> on input line 80.
LaTeX Font Info:    External font `lmex10' loaded for size
(Font)              <5.25> on input line 80.
PGFPlots: reading {data/rationale_first_error_positions.csv}
 [1


Non-PDF special ignored!
<special> papersize=665.4974pt,244.54845pt
{/home/messi/pyprojects/paper/my-small-paper/.tools/texlive/2026/texmf-var/font
s/map/pdftex/updmap/pdftex.map}{/home/messi/pyprojects/paper/my-small-paper/.to
ols/texlive/2026/texmf-dist/fonts/enc/dvips/lm/lm-rm.enc}{/home/messi/pyproject
s/paper/my-small-paper/.tools/texlive/2026/texmf-dist/fonts/enc/dvips/lm/lm-ec.
enc}{/home/messi/pyprojects/paper/my-small-paper/.tools/texlive/2026/texmf-dist
/fonts/enc/dvips/lm/lm-mathit.enc}] (./rationale_error_bars.aux)
 ***********
LaTeX2e <2026-06-01>
L3 programming layer <2026-07-20>
 ***********
 ) 
Here is how much of TeX's memory you used:
 24036 strings out of 468640
 657809 string characters out of 5437626
 1162556 words of memory out of 5000000
 52708 multiletter control sequences out of 15000+600000
 650792 words of font info for 55 fonts, out of 8000000 for 9000
 319 hyphenation exceptions out of 8191
 117i,10n,121p,742b,2380s stack positions out of 10000i,1000n,20000p,200000b,200000s
</home/messi/pyprojects/paper/my-small-paper/.tools/texlive/2026/texmf-dist/f
onts/type1/public/lm/lmmi10.pfb></home/messi/pyprojects/paper/my-small-paper/.t
ools/texlive/2026/texmf-dist/fonts/type1/public/lm/lmr10.pfb></home/messi/pypro
jects/paper/my-small-paper/.tools/texlive/2026/texmf-dist/fonts/type1/public/lm
/lmss10.pfb></home/messi/pyprojects/paper/my-small-paper/.tools/texlive/2026/te
xmf-dist/fonts/type1/public/lm/lmssbx10.pfb>
Output written on rationale_error_bars.pdf (1 page, 76740 bytes).
PDF statistics:
 34 PDF objects out of 1000 (max. 8388607)
 22 compressed objects within 1 object stream
 0 named destinations out of 1000 (max. 500000)
 13 words of extra memory for PDF output out of 10000 (max. 10000000)

