Traceback (most recent call last):
  File "/root/miniconda3/lib/python3.12/pathlib.py", line 1250, in resolve
    p.stat()
  File "/root/miniconda3/lib/python3.12/pathlib.py", line 840, in stat
    return os.stat(self, follow_symlinks=follow_symlinks)
           ^^^^^^^^^^^^^^^^^^^^^^^^^^^^^^^^^^^^^^^^^^^^^^
OSError: [Errno 40] Too many levels of symbolic links: '/root/autodl-tmp/model/SciRM-7B'

During handling of the above exception, another exception occurred:

Traceback (most recent call last):
  File "/root/miniconda3/bin/hf", line 6, in <module>
    sys.exit(main())
             ^^^^^^
  File "/root/miniconda3/lib/python3.12/site-packages/huggingface_hub/cli/hf.py", line 128, in main
    app()
  File "/root/miniconda3/lib/python3.12/site-packages/click/core.py", line 1569, in __call__
    return self.main(*args, **kwargs)
           ^^^^^^^^^^^^^^^^^^^^^^^^^^
  File "/root/miniconda3/lib/python3.12/site-packages/click/core.py", line 1490, in main
    rv = self.invoke(ctx)
         ^^^^^^^^^^^^^^^^
  File "/root/miniconda3/lib/python3.12/site-packages/huggingface_hub/cli/_cli_utils.py", line 131, in invoke
    return super().invoke(ctx)
           ^^^^^^^^^^^^^^^^^^^
  File "/root/miniconda3/lib/python3.12/site-packages/click/core.py", line 1970, in invoke
    return _process_result(sub_ctx.command.invoke(sub_ctx))
                           ^^^^^^^^^^^^^^^^^^^^^^^^^^^^^^^
  File "/root/miniconda3/lib/python3.12/site-packages/click/core.py", line 1353, in invoke
    return ctx.invoke(self.callback, **ctx.params)
           ^^^^^^^^^^^^^^^^^^^^^^^^^^^^^^^^^^^^^^^
  File "/root/miniconda3/lib/python3.12/site-packages/click/core.py", line 907, in invoke
    return callback(*args, **kwargs)
           ^^^^^^^^^^^^^^^^^^^^^^^^^
  File "/root/miniconda3/lib/python3.12/site-packages/huggingface_hub/cli/_framework.py", line 365, in handler
    return func(**call_kwargs)
           ^^^^^^^^^^^^^^^^^^^
  File "/root/miniconda3/lib/python3.12/site-packages/huggingface_hub/cli/download.py", line 225, in download
    _print_result(run_download())
                  ^^^^^^^^^^^^^^
  File "/root/miniconda3/lib/python3.12/site-packages/huggingface_hub/cli/download.py", line 187, in run_download
    return snapshot_download(
           ^^^^^^^^^^^^^^^^^^
  File "/root/miniconda3/lib/python3.12/site-packages/huggingface_hub/utils/_validators.py", line 88, in _inner_fn
    return fn(*args, **kwargs)
           ^^^^^^^^^^^^^^^^^^^
  File "/root/miniconda3/lib/python3.12/site-packages/huggingface_hub/_snapshot_download.py", line 228, in snapshot_download
    local_dir = str(Path(local_dir).expanduser().resolve())
                    ^^^^^^^^^^^^^^^^^^^^^^^^^^^^^^^^^^^^^^
  File "/root/miniconda3/lib/python3.12/pathlib.py", line 1252, in resolve
    check_eloop(e)
  File "/root/miniconda3/lib/python3.12/pathlib.py", line 1237, in check_eloop
    raise RuntimeError("Symlink loop from %r" % e.filename)
RuntimeError: Symlink loop from '/root/autodl-tmp/model/SciRM-7B'
