即将向 https://api.openbitfun.com/v1 发送 50 个盲化配对样本
[1/50] 正在评测 coherence_0935 （LC、CC 均正确）
[2/50] 正在评测 coherence_0652 （LC、CC 均正确）
[3/50] 正在评测 coherence_0072 （LC、CC 均正确）
[4/50] 正在评测 coherence_0818 （LC、CC 均正确）
[5/50] 正在评测 coherence_0200 （LC、CC 均正确）
[6/50] 正在评测 coherence_0929 （LC、CC 均正确）
[7/50] 正在评测 coherence_0993 （LC、CC 均正确）
[8/50] 正在评测 coherence_0060 （LC、CC 均正确）
[9/50] 正在评测 coherence_0361 （LC、CC 均正确）
[10/50] 正在评测 coherence_0887 （LC、CC 均正确）
[11/50] 正在评测 coherence_0937 （LC、CC 均正确）
[12/50] 正在评测 coherence_0425 （LC、CC 均正确）
[13/50] 正在评测 coherence_0126 （LC、CC 均错误）
[14/50] 正在评测 coherence_0647 （LC、CC 均正确）
[15/50] 正在评测 coherence_0956 （LC、CC 均正确）
[16/50] 正在评测 coherence_0960 （仅 CC 正确）
[17/50] 正在评测 coherence_0384 （LC、CC 均错误）
[18/50] 正在评测 coherence_0549 （LC、CC 均正确）
[19/50] 正在评测 coherence_0886 （仅 LC 正确）
[20/50] 正在评测 coherence_0494 （LC、CC 均正确）
[21/50] 正在评测 coherence_0172 （LC、CC 均正确）
[22/50] 正在评测 coherence_0796 （仅 CC 正确）
[23/50] 正在评测 coherence_0163 （LC、CC 均正确）
[24/50] 正在评测 coherence_0957 （LC、CC 均正确）
[25/50] 正在评测 coherence_0406 （仅 CC 正确）
[26/50] 正在评测 coherence_0457 （仅 LC 正确）
[27/50] 正在评测 coherence_0655 （LC、CC 均正确）
[28/50] 正在评测 coherence_1038 （LC、CC 均正确）
[29/50] 正在评测 coherence_0742 （LC、CC 均正确）
[30/50] 正在评测 coherence_0980 （LC、CC 均正确）
[31/50] 正在评测 coherence_0784 （LC、CC 均正确）
[32/50] 正在评测 coherence_0824 （LC、CC 均错误）
[33/50] 正在评测 coherence_0877 （LC、CC 均正确）
[34/50] 正在评测 coherence_0535 （LC、CC 均正确）
[35/50] 正在评测 coherence_1015 （LC、CC 均正确）
[36/50] 正在评测 coherence_0432 （仅 CC 正确）
[37/50] 正在评测 coherence_0787 （LC、CC 均正确）
[38/50] 正在评测 coherence_0348 （仅 LC 正确）
[39/50] 正在评测 coherence_0269 （仅 CC 正确）
[40/50] 正在评测 coherence_0001 （LC、CC 均正确）
[41/50] 正在评测 coherence_0349 （LC、CC 均错误）
[42/50] 正在评测 coherence_0061 （LC、CC 均正确）
[43/50] 正在评测 coherence_0554 （LC、CC 均正确）
[44/50] 正在评测 coherence_0170 （LC、CC 均正确）
[45/50] 正在评测 coherence_0161 （LC、CC 均正确）
[46/50] 正在评测 coherence_0614 （LC、CC 均正确）
[47/50] 正在评测 coherence_0973 （LC、CC 均正确）
[48/50] 正在评测 coherence_0760 （LC、CC 均正确）
[49/50] 正在评测 coherence_0516 （LC、CC 均正确）
[50/50] 正在评测 coherence_0198 （仅 CC 正确）
分析报告已写入 /root/my-small-paper/outputs/analysis/rationale_comparation_all_tasks_v2/rw_gen_coherence/analysis.md
